
 Start         Length     Name                   Class
 0001:00000000 00074628H .text                   CODE
 0002:00000000 00002060H .data                   DATA
 0002:00002060 0000124DH .bss                    BSS


Detailed map of segments

 0001:00000000 0000543B C=CODE     S=.text    G=(none)   M=System   ACBP=A9
 0001:0000543C 000001CC C=CODE     S=.text    G=(none)   M=SysInit  ACBP=A9
 0001:00005608 00000090 C=CODE     S=.text    G=(none)   M=Types    ACBP=A9
 0001:00005698 00000DA4 C=CODE     S=.text    G=(none)   M=Windows  ACBP=A9
 0001:0000643C 00000038 C=CODE     S=.text    G=(none)   M=Messages ACBP=A9
 0001:00006474 00000330 C=CODE     S=.text    G=(none)   M=SysConst ACBP=A9
 0001:000067A4 00006BA8 C=CODE     S=.text    G=(none)   M=SysUtils ACBP=A9
 0001:0000D34C 000007FB C=CODE     S=.text    G=(none)   M=VarUtils ACBP=A9
 0001:0000DB48 00005B86 C=CODE     S=.text    G=(none)   M=Variants ACBP=A9
 0001:000136D0 00000130 C=CODE     S=.text    G=(none)   M=RTLConsts ACBP=A9
 0001:00013800 000007E8 C=CODE     S=.text    G=(none)   M=TypInfo  ACBP=A9
 0001:00013FE8 000000E8 C=CODE     S=.text    G=(none)   M=ActiveX  ACBP=A9
 0001:000140D0 0000985E C=CODE     S=.text    G=(none)   M=Classes  ACBP=A9
 0001:0001D930 00000787 C=CODE     S=.text    G=(none)   M=MultiMon ACBP=A9
 0001:0001E0B8 00000318 C=CODE     S=.text    G=(none)   M=Consts   ACBP=A9
 0001:0001E3D0 0000948B C=CODE     S=.text    G=(none)   M=Graphics ACBP=A9
 0001:0002785C 00000048 C=CODE     S=.text    G=(none)   M=Math     ACBP=A9
 0001:000278A4 000002B8 C=CODE     S=.text    G=(none)   M=Contnrs  ACBP=A9
 0001:00027B5C 000000FC C=CODE     S=.text    G=(none)   M=CommCtrl ACBP=A9
 0001:00027C58 00000038 C=CODE     S=.text    G=(none)   M=Imm      ACBP=A9
 0001:00027C90 00000FF8 C=CODE     S=.text    G=(none)   M=HelpIntfs ACBP=A9
 0001:00028C88 00000038 C=CODE     S=.text    G=(none)   M=WinSpool ACBP=A9
 0001:00028CC0 00000044 C=CODE     S=.text    G=(none)   M=Printers ACBP=A9
 0001:00028D04 0000031F C=CODE     S=.text    G=(none)   M=FlatSB   ACBP=A9
 0001:00029024 000001A4 C=CODE     S=.text    G=(none)   M=SyncObjs ACBP=A9
 0001:000291C8 000009BB C=CODE     S=.text    G=(none)   M=UxTheme  ACBP=A9
 0001:00029B84 00000038 C=CODE     S=.text    G=(none)   M=RichEdit ACBP=A9
 0001:00029BBC 00000038 C=CODE     S=.text    G=(none)   M=ToolWin  ACBP=A9
 0001:00029BF4 00000050 C=CODE     S=.text    G=(none)   M=ShellAPI ACBP=A9
 0001:00029C44 00000038 C=CODE     S=.text    G=(none)   M=RegStr   ACBP=A9
 0001:00029C7C 00000038 C=CODE     S=.text    G=(none)   M=WinInet  ACBP=A9
 0001:00029CB4 00000038 C=CODE     S=.text    G=(none)   M=UrlMon   ACBP=A9
 0001:00029CEC 000000A0 C=CODE     S=.text    G=(none)   M=ShlObj   ACBP=A9
 0001:00029D8C 00000048 C=CODE     S=.text    G=(none)   M=CommDlg  ACBP=A9
 0001:00029DD4 00000038 C=CODE     S=.text    G=(none)   M=Dlgs     ACBP=A9
 0001:00029E0C 00002459 C=CODE     S=.text    G=(none)   M=Dialogs  ACBP=A9
 0001:0002C268 00002B3E C=CODE     S=.text    G=(none)   M=ExtCtrls ACBP=A9
 0001:0002EDA8 00000038 C=CODE     S=.text    G=(none)   M=ComStrs  ACBP=A9
 0001:0002EDE0 0000069C C=CODE     S=.text    G=(none)   M=Clipbrd  ACBP=A9
 0001:0002F47C 00000038 C=CODE     S=.text    G=(none)   M=StrUtils ACBP=A9
 0001:0002F4B4 00002775 C=CODE     S=.text    G=(none)   M=Buttons  ACBP=A9
 0001:00031C2C 00000DFC C=CODE     S=.text    G=(none)   M=ExtDlgs  ACBP=A9
 0001:00032A28 00001028 C=CODE     S=.text    G=(none)   M=IniFiles ACBP=A9
 0001:00033A50 00000068 C=CODE     S=.text    G=(none)   M=Registry ACBP=A9
 0001:00033AB8 0000006C C=CODE     S=.text    G=(none)   M=Mapi     ACBP=A9
 0001:00033B24 00000058 C=CODE     S=.text    G=(none)   M=ExtActns ACBP=A9
 0001:00033B7C 00000038 C=CODE     S=.text    G=(none)   M=ListActns ACBP=A9
 0001:00033BB4 00000180 C=CODE     S=.text    G=(none)   M=ComCtrls ACBP=A9
 0001:00033D34 00000BF0 C=CODE     S=.text    G=(none)   M=Themes   ACBP=A9
 0001:00034924 000034AC C=CODE     S=.text    G=(none)   M=StdCtrls ACBP=A9
 0001:00037DD0 00000168 C=CODE     S=.text    G=(none)   M=StdActns ACBP=A9
 0001:00037F38 00000D1F C=CODE     S=.text    G=(none)   M=WinHelpViewer ACBP=A9
 0001:00038C58 00001292 C=CODE     S=.text    G=(none)   M=ActnList ACBP=A9
 0001:00039EEC 0000C4D8 C=CODE     S=.text    G=(none)   M=Forms    ACBP=A9
 0001:000463C4 00001CC0 C=CODE     S=.text    G=(none)   M=ImgList  ACBP=A9
 0001:00048084 000066AD C=CODE     S=.text    G=(none)   M=Menus    ACBP=A9
 0001:0004E734 00010DC7 C=CODE     S=.text    G=(none)   M=Controls ACBP=A9
 0001:0005F4FC 00000A2C C=CODE     S=.text    G=(none)   M=MaskUtils ACBP=A9
 0001:0005FF28 00002080 C=CODE     S=.text    G=(none)   M=Mask     ACBP=A9
 0001:00061FA8 00000038 C=CODE     S=.text    G=(none)   M=JvWin32  ACBP=A9
 0001:00061FE0 00000038 C=CODE     S=.text    G=(none)   M=JvConsts ACBP=A9
 0001:00062018 000002C8 C=CODE     S=.text    G=(none)   M=JvResources ACBP=A9
 0001:000622E0 00000D94 C=CODE     S=.text    G=(none)   M=JvTypes  ACBP=A9
 0001:00063074 0000038B C=CODE     S=.text    G=(none)   M=JvThemes ACBP=A9
 0001:00063400 0000006C C=CODE     S=.text    G=(none)   M=JVCLVer  ACBP=A9
 0001:0006346C 00000F64 C=CODE     S=.text    G=(none)   M=JvExControls ACBP=A9
 0001:000643D0 00000D1C C=CODE     S=.text    G=(none)   M=JvExMask ACBP=A9
 0001:000650EC 00000040 C=CODE     S=.text    G=(none)   M=FileCtrl ACBP=A9
 0001:0006512C 00000038 C=CODE     S=.text    G=(none)   M=JvVCL5Utils ACBP=A9
 0001:00065164 00000038 C=CODE     S=.text    G=(none)   M=JvComponentBase ACBP=A9
 0001:0006519C 00000038 C=CODE     S=.text    G=(none)   M=JvExExtCtrls ACBP=A9
 0001:000651D4 00000038 C=CODE     S=.text    G=(none)   M=JvExForms ACBP=A9
 0001:0006520C 00000038 C=CODE     S=.text    G=(none)   M=JvExStdCtrls ACBP=A9
 0001:00065244 00000038 C=CODE     S=.text    G=(none)   M=JvExComCtrls ACBP=A9
 0001:0006527C 00000164 C=CODE     S=.text    G=(none)   M=JvComponent ACBP=A9
 0001:000653E0 00000038 C=CODE     S=.text    G=(none)   M=Grids    ACBP=A9
 0001:00065418 00000058 C=CODE     S=.text    G=(none)   M=ComConst ACBP=A9
 0001:00065470 00000E65 C=CODE     S=.text    G=(none)   M=ComObj   ACBP=A9
 0001:000662D8 00000038 C=CODE     S=.text    G=(none)   M=MMSystem ACBP=A9
 0001:00066310 000007A4 C=CODE     S=.text    G=(none)   M=JvJCLUtils ACBP=A9
 0001:00066AB4 000001D0 C=CODE     S=.text    G=(none)   M=JclResources ACBP=A9
 0001:00066C84 00000038 C=CODE     S=.text    G=(none)   M=JclBase  ACBP=A9
 0001:00066CBC 00000038 C=CODE     S=.text    G=(none)   M=AccCtrl  ACBP=A9
 0001:00066CF4 00000040 C=CODE     S=.text    G=(none)   M=JclWin32 ACBP=A9
 0001:00066D34 00000038 C=CODE     S=.text    G=(none)   M=JclConsole ACBP=A9
 0001:00066D6C 00000068 C=CODE     S=.text    G=(none)   M=JclWideStrings ACBP=A9
 0001:00066DD4 00000038 C=CODE     S=.text    G=(none)   M=JclLogic ACBP=A9
 0001:00066E0C 00000158 C=CODE     S=.text    G=(none)   M=JclStrings ACBP=A9
 0001:00066F64 00000038 C=CODE     S=.text    G=(none)   M=Jcl8087  ACBP=A9
 0001:00066F9C 00000038 C=CODE     S=.text    G=(none)   M=JclMath  ACBP=A9
 0001:00066FD4 00000084 C=CODE     S=.text    G=(none)   M=JclSysUtils ACBP=A9
 0001:00067058 00000038 C=CODE     S=.text    G=(none)   M=WinSock  ACBP=A9
 0001:00067090 00000038 C=CODE     S=.text    G=(none)   M=Snmp     ACBP=A9
 0001:000670C8 00000038 C=CODE     S=.text    G=(none)   M=TlHelp32 ACBP=A9
 0001:00067100 00000038 C=CODE     S=.text    G=(none)   M=PsAPI    ACBP=A9
 0001:00067138 00000038 C=CODE     S=.text    G=(none)   M=JclRegistry ACBP=A9
 0001:00067170 00000038 C=CODE     S=.text    G=(none)   M=JclIniFiles ACBP=A9
 0001:000671A8 000006B5 C=CODE     S=.text    G=(none)   M=JclSysInfo ACBP=A9
 0001:00067860 00000044 C=CODE     S=.text    G=(none)   M=JclShell ACBP=A9
 0001:000678A4 00000038 C=CODE     S=.text    G=(none)   M=JclSecurity ACBP=A9
 0001:000678DC 00000038 C=CODE     S=.text    G=(none)   M=JclDateTime ACBP=A9
 0001:00067914 00000124 C=CODE     S=.text    G=(none)   M=JclFileUtils ACBP=A9
 0001:00067A38 000001BF C=CODE     S=.text    G=(none)   M=JclRTTI  ACBP=A9
 0001:00067BF8 00000038 C=CODE     S=.text    G=(none)   M=JclMime  ACBP=A9
 0001:00067C30 000001D0 C=CODE     S=.text    G=(none)   M=JvPropertyStore ACBP=A9
 0001:00067E00 0000013B C=CODE     S=.text    G=(none)   M=JvAppStorage ACBP=A9
 0001:00067F3C 00000044 C=CODE     S=.text    G=(none)   M=JvProgressUtils ACBP=A9
 0001:00067F80 00001257 C=CODE     S=.text    G=(none)   M=JvJVCLUtils ACBP=A9
 0001:000691D8 00000044 C=CODE     S=.text    G=(none)   M=JvButton ACBP=A9
 0001:0006921C 00004340 C=CODE     S=.text    G=(none)   M=JvSpeedButton ACBP=A9
 0001:0006D55C 00000038 C=CODE     S=.text    G=(none)   M=JvBaseDlg ACBP=A9
 0001:0006D594 00000038 C=CODE     S=.text    G=(none)   M=JvBrowseFolder ACBP=A9
 0001:0006D5CC 00000038 C=CODE     S=.text    G=(none)   M=JvExGrids ACBP=A9
 0001:0006D604 00000038 C=CODE     S=.text    G=(none)   M=JvPickDate ACBP=A9
 0001:0006D63C 00005BF8 C=CODE     S=.text    G=(none)   M=JvToolEdit ACBP=A9
 0001:00073234 00000258 C=CODE     S=.text    G=(none)   M=expcfg   ACBP=A9
 0001:0007348C 00000038 C=CODE     S=.text    G=(none)   M=FmxUtils ACBP=A9
 0001:000734C4 000000B4 C=CODE     S=.text    G=(none)   M=pluginfunc ACBP=A9
 0001:00073578 000010B0 C=CODE     S=.text    G=(none)   M=Export_TXT ACBP=A9
 0002:00000000 0000009C C=DATA     S=.data    G=DGROUP   M=System   ACBP=A9
 0002:0000009C 00000030 C=DATA     S=.data    G=DGROUP   M=SysInit  ACBP=A9
 0002:000000CC 00000250 C=DATA     S=.data    G=DGROUP   M=SysUtils ACBP=A9
 0002:0000031C 00000008 C=DATA     S=.data    G=DGROUP   M=VarUtils ACBP=A9
 0002:00000324 0000008E C=DATA     S=.data    G=DGROUP   M=Variants ACBP=A9
 0002:000003B4 0000000C C=DATA     S=.data    G=DGROUP   M=TypInfo  ACBP=A9
 0002:000003C0 00000010 C=DATA     S=.data    G=DGROUP   M=ActiveX  ACBP=A9
 0002:000003D0 000000E4 C=DATA     S=.data    G=DGROUP   M=Classes  ACBP=A9
 0002:000004B4 00000304 C=DATA     S=.data    G=DGROUP   M=Graphics ACBP=A9
 0002:000007B8 00000004 C=DATA     S=.data    G=DGROUP   M=Printers ACBP=A9
 0002:000007BC 00000114 C=DATA     S=.data    G=DGROUP   M=Dialogs  ACBP=A9
 0002:000008D0 0000018C C=DATA     S=.data    G=DGROUP   M=ExtCtrls ACBP=A9
 0002:00000A5C 00000046 C=DATA     S=.data    G=DGROUP   M=Buttons  ACBP=A9
 0002:00000AA4 00000008 C=DATA     S=.data    G=DGROUP   M=IniFiles ACBP=A9
 0002:00000AAC 00000008 C=DATA     S=.data    G=DGROUP   M=Registry ACBP=A9
 0002:00000AB4 00000008 C=DATA     S=.data    G=DGROUP   M=Mapi     ACBP=A9
 0002:00000ABC 00000018 C=DATA     S=.data    G=DGROUP   M=ComCtrls ACBP=A9
 0002:00000AD4 00000068 C=DATA     S=.data    G=DGROUP   M=Themes   ACBP=A9
 0002:00000B3C 0000005C C=DATA     S=.data    G=DGROUP   M=StdCtrls ACBP=A9
 0002:00000B98 0000011C C=DATA     S=.data    G=DGROUP   M=Forms    ACBP=A9
 0002:00000CB4 00000020 C=DATA     S=.data    G=DGROUP   M=ImgList  ACBP=A9
 0002:00000CD4 000000EC C=DATA     S=.data    G=DGROUP   M=Menus    ACBP=A9
 0002:00000DC0 0000013C C=DATA     S=.data    G=DGROUP   M=Controls ACBP=A9
 0002:00000EFC 00000009 C=DATA     S=.data    G=DGROUP   M=MaskUtils ACBP=A9
 0002:00000F08 00000004 C=DATA     S=.data    G=DGROUP   M=Mask     ACBP=A9
 0002:00000F0C 0000000E C=DATA     S=.data    G=DGROUP   M=JvConsts ACBP=A9
 0002:00000F1C 00000438 C=DATA     S=.data    G=DGROUP   M=JvTypes  ACBP=A9
 0002:00001354 00000008 C=DATA     S=.data    G=DGROUP   M=JvExControls ACBP=A9
 0002:0000135C 00000030 C=DATA     S=.data    G=DGROUP   M=ComObj   ACBP=A9
 0002:0000138C 00000048 C=DATA     S=.data    G=DGROUP   M=JvJCLUtils ACBP=A9
 0002:000013D4 00000004 C=DATA     S=.data    G=DGROUP   M=JclWideStrings ACBP=A9
 0002:000013D8 0000000C C=DATA     S=.data    G=DGROUP   M=JclStrings ACBP=A9
 0002:000013E4 00000008 C=DATA     S=.data    G=DGROUP   M=JclSysUtils ACBP=A9
 0002:000013EC 00000450 C=DATA     S=.data    G=DGROUP   M=JclSysInfo ACBP=A9
 0002:0000183C 00000004 C=DATA     S=.data    G=DGROUP   M=JclShell ACBP=A9
 0002:00001840 00000040 C=DATA     S=.data    G=DGROUP   M=JvPropertyStore ACBP=A9
 0002:00001880 00000004 C=DATA     S=.data    G=DGROUP   M=JvProgressUtils ACBP=A9
 0002:00001884 00000034 C=DATA     S=.data    G=DGROUP   M=JvJVCLUtils ACBP=A9
 0002:000018B8 00000004 C=DATA     S=.data    G=DGROUP   M=JvButton ACBP=A9
 0002:000018BC 00000010 C=DATA     S=.data    G=DGROUP   M=JvSpeedButton ACBP=A9
 0002:000018CC 000000DC C=DATA     S=.data    G=DGROUP   M=JvToolEdit ACBP=A9
 0002:00003000 00000664 C=BSS      S=.bss     G=DGROUP   M=System   ACBP=A9
 0002:00003664 00000014 C=BSS      S=.bss     G=DGROUP   M=SysInit  ACBP=A9
 0002:00003678 00000004 C=BSS      S=.bss     G=DGROUP   M=Types    ACBP=A9
 0002:0000367C 00000004 C=BSS      S=.bss     G=DGROUP   M=Windows  ACBP=A9
 0002:00003680 00000004 C=BSS      S=.bss     G=DGROUP   M=Messages ACBP=A9
 0002:00003684 00000004 C=BSS      S=.bss     G=DGROUP   M=SysConst ACBP=A9
 0002:00003688 00000120 C=BSS      S=.bss     G=DGROUP   M=SysUtils ACBP=A9
 0002:000037A8 0000005C C=BSS      S=.bss     G=DGROUP   M=VarUtils ACBP=A9
 0002:00003804 00000040 C=BSS      S=.bss     G=DGROUP   M=Variants ACBP=A9
 0002:00003844 00000004 C=BSS      S=.bss     G=DGROUP   M=RTLConsts ACBP=A9
 0002:00003848 00000004 C=BSS      S=.bss     G=DGROUP   M=TypInfo  ACBP=A9
 0002:0000384C 00000004 C=BSS      S=.bss     G=DGROUP   M=ActiveX  ACBP=A9
 0002:00003850 00000040 C=BSS      S=.bss     G=DGROUP   M=Classes  ACBP=A9
 0002:00003890 00000031 C=BSS      S=.bss     G=DGROUP   M=MultiMon ACBP=A9
 0002:000038C4 00000004 C=BSS      S=.bss     G=DGROUP   M=Consts   ACBP=A9
 0002:000038C8 00000060 C=BSS      S=.bss     G=DGROUP   M=Graphics ACBP=A9
 0002:00003928 00000004 C=BSS      S=.bss     G=DGROUP   M=Math     ACBP=A9
 0002:0000392C 00000004 C=BSS      S=.bss     G=DGROUP   M=Contnrs  ACBP=A9
 0002:00003930 00000004 C=BSS      S=.bss     G=DGROUP   M=CommCtrl ACBP=A9
 0002:00003934 00000004 C=BSS      S=.bss     G=DGROUP   M=Imm      ACBP=A9
 0002:00003938 00000008 C=BSS      S=.bss     G=DGROUP   M=HelpIntfs ACBP=A9
 0002:00003940 00000004 C=BSS      S=.bss     G=DGROUP   M=WinSpool ACBP=A9
 0002:00003944 00000004 C=BSS      S=.bss     G=DGROUP   M=Printers ACBP=A9
 0002:00003948 00000034 C=BSS      S=.bss     G=DGROUP   M=FlatSB   ACBP=A9
 0002:0000397C 00000004 C=BSS      S=.bss     G=DGROUP   M=SyncObjs ACBP=A9
 0002:00003980 000000CC C=BSS      S=.bss     G=DGROUP   M=UxTheme  ACBP=A9
 0002:00003A4C 00000004 C=BSS      S=.bss     G=DGROUP   M=RichEdit ACBP=A9
 0002:00003A50 00000004 C=BSS      S=.bss     G=DGROUP   M=ToolWin  ACBP=A9
 0002:00003A54 00000004 C=BSS      S=.bss     G=DGROUP   M=ShellAPI ACBP=A9
 0002:00003A58 00000004 C=BSS      S=.bss     G=DGROUP   M=RegStr   ACBP=A9
 0002:00003A5C 00000004 C=BSS      S=.bss     G=DGROUP   M=WinInet  ACBP=A9
 0002:00003A60 00000004 C=BSS      S=.bss     G=DGROUP   M=UrlMon   ACBP=A9
 0002:00003A64 00000004 C=BSS      S=.bss     G=DGROUP   M=ShlObj   ACBP=A9
 0002:00003A68 00000004 C=BSS      S=.bss     G=DGROUP   M=CommDlg  ACBP=A9
 0002:00003A6C 00000004 C=BSS      S=.bss     G=DGROUP   M=Dlgs     ACBP=A9
 0002:00003A70 00000038 C=BSS      S=.bss     G=DGROUP   M=Dialogs  ACBP=A9
 0002:00003AA8 00000004 C=BSS      S=.bss     G=DGROUP   M=ExtCtrls ACBP=A9
 0002:00003AAC 00000004 C=BSS      S=.bss     G=DGROUP   M=ComStrs  ACBP=A9
 0002:00003AB0 0000000C C=BSS      S=.bss     G=DGROUP   M=Clipbrd  ACBP=A9
 0002:00003ABC 00000004 C=BSS      S=.bss     G=DGROUP   M=StrUtils ACBP=A9
 0002:00003AC0 00000030 C=BSS      S=.bss     G=DGROUP   M=Buttons  ACBP=A9
 0002:00003AF0 00000004 C=BSS      S=.bss     G=DGROUP   M=ExtDlgs  ACBP=A9
 0002:00003AF4 00000004 C=BSS      S=.bss     G=DGROUP   M=IniFiles ACBP=A9
 0002:00003AF8 00000004 C=BSS      S=.bss     G=DGROUP   M=Registry ACBP=A9
 0002:00003AFC 00000004 C=BSS      S=.bss     G=DGROUP   M=Mapi     ACBP=A9
 0002:00003B00 00000009 C=BSS      S=.bss     G=DGROUP   M=ExtActns ACBP=A9
 0002:00003B0C 00000004 C=BSS      S=.bss     G=DGROUP   M=ListActns ACBP=A9
 0002:00003B10 00000010 C=BSS      S=.bss     G=DGROUP   M=ComCtrls ACBP=A9
 0002:00003B20 00000008 C=BSS      S=.bss     G=DGROUP   M=Themes   ACBP=A9
 0002:00003B28 00000004 C=BSS      S=.bss     G=DGROUP   M=StdCtrls ACBP=A9
 0002:00003B2C 00000004 C=BSS      S=.bss     G=DGROUP   M=StdActns ACBP=A9
 0002:00003B30 00000014 C=BSS      S=.bss     G=DGROUP   M=WinHelpViewer ACBP=A9
 0002:00003B44 00000004 C=BSS      S=.bss     G=DGROUP   M=ActnList ACBP=A9
 0002:00003B48 00000020 C=BSS      S=.bss     G=DGROUP   M=Forms    ACBP=A9
 0002:00003B68 0000000C C=BSS      S=.bss     G=DGROUP   M=ImgList  ACBP=A9
 0002:00003B74 00000010 C=BSS      S=.bss     G=DGROUP   M=Menus    ACBP=A9
 0002:00003B84 00000080 C=BSS      S=.bss     G=DGROUP   M=Controls ACBP=A9
 0002:00003C04 00000004 C=BSS      S=.bss     G=DGROUP   M=MaskUtils ACBP=A9
 0002:00003C08 00000004 C=BSS      S=.bss     G=DGROUP   M=Mask     ACBP=A9
 0002:00003C0C 00000004 C=BSS      S=.bss     G=DGROUP   M=JvWin32  ACBP=A9
 0002:00003C10 00000004 C=BSS      S=.bss     G=DGROUP   M=JvConsts ACBP=A9
 0002:00003C14 00000004 C=BSS      S=.bss     G=DGROUP   M=JvResources ACBP=A9
 0002:00003C18 00000004 C=BSS      S=.bss     G=DGROUP   M=JvTypes  ACBP=A9
 0002:00003C1C 00000008 C=BSS      S=.bss     G=DGROUP   M=JvThemes ACBP=A9
 0002:00003C24 00000004 C=BSS      S=.bss     G=DGROUP   M=JVCLVer  ACBP=A9
 0002:00003C28 00000004 C=BSS      S=.bss     G=DGROUP   M=JvExControls ACBP=A9
 0002:00003C2C 00000004 C=BSS      S=.bss     G=DGROUP   M=JvExMask ACBP=A9
 0002:00003C30 00000004 C=BSS      S=.bss     G=DGROUP   M=FileCtrl ACBP=A9
 0002:00003C34 00000004 C=BSS      S=.bss     G=DGROUP   M=JvVCL5Utils ACBP=A9
 0002:00003C38 00000004 C=BSS      S=.bss     G=DGROUP   M=JvComponentBase ACBP=A9
 0002:00003C3C 00000004 C=BSS      S=.bss     G=DGROUP   M=JvExExtCtrls ACBP=A9
 0002:00003C40 00000004 C=BSS      S=.bss     G=DGROUP   M=JvExForms ACBP=A9
 0002:00003C44 00000004 C=BSS      S=.bss     G=DGROUP   M=JvExStdCtrls ACBP=A9
 0002:00003C48 00000004 C=BSS      S=.bss     G=DGROUP   M=JvExComCtrls ACBP=A9
 0002:00003C4C 00000004 C=BSS      S=.bss     G=DGROUP   M=JvComponent ACBP=A9
 0002:00003C50 00000004 C=BSS      S=.bss     G=DGROUP   M=Grids    ACBP=A9
 0002:00003C54 00000004 C=BSS      S=.bss     G=DGROUP   M=ComConst ACBP=A9
 0002:00003C58 00000011 C=BSS      S=.bss     G=DGROUP   M=ComObj   ACBP=A9
 0002:00003C6C 00000004 C=BSS      S=.bss     G=DGROUP   M=MMSystem ACBP=A9
 0002:00003C70 00000004 C=BSS      S=.bss     G=DGROUP   M=JvJCLUtils ACBP=A9
 0002:00003C74 00000004 C=BSS      S=.bss     G=DGROUP   M=JclResources ACBP=A9
 0002:00003C78 00000004 C=BSS      S=.bss     G=DGROUP   M=JclBase  ACBP=A9
 0002:00003C7C 00000004 C=BSS      S=.bss     G=DGROUP   M=AccCtrl  ACBP=A9
 0002:00003C80 00000004 C=BSS      S=.bss     G=DGROUP   M=JclWin32 ACBP=A9
 0002:00003C84 00000004 C=BSS      S=.bss     G=DGROUP   M=JclConsole ACBP=A9
 0002:00003C88 00000004 C=BSS      S=.bss     G=DGROUP   M=JclWideStrings ACBP=A9
 0002:00003C8C 00000004 C=BSS      S=.bss     G=DGROUP   M=JclLogic ACBP=A9
 0002:00003C90 00000504 C=BSS      S=.bss     G=DGROUP   M=JclStrings ACBP=A9
 0002:00004194 00000004 C=BSS      S=.bss     G=DGROUP   M=Jcl8087  ACBP=A9
 0002:00004198 00000004 C=BSS      S=.bss     G=DGROUP   M=JclMath  ACBP=A9
 0002:0000419C 00000004 C=BSS      S=.bss     G=DGROUP   M=JclSysUtils ACBP=A9
 0002:000041A0 00000004 C=BSS      S=.bss     G=DGROUP   M=WinSock  ACBP=A9
 0002:000041A4 00000004 C=BSS      S=.bss     G=DGROUP   M=Snmp     ACBP=A9
 0002:000041A8 00000004 C=BSS      S=.bss     G=DGROUP   M=TlHelp32 ACBP=A9
 0002:000041AC 00000004 C=BSS      S=.bss     G=DGROUP   M=PsAPI    ACBP=A9
 0002:000041B0 00000004 C=BSS      S=.bss     G=DGROUP   M=JclRegistry ACBP=A9
 0002:000041B4 00000004 C=BSS      S=.bss     G=DGROUP   M=JclIniFiles ACBP=A9
 0002:000041B8 00000010 C=BSS      S=.bss     G=DGROUP   M=JclSysInfo ACBP=A9
 0002:000041C8 00000004 C=BSS      S=.bss     G=DGROUP   M=JclShell ACBP=A9
 0002:000041CC 00000004 C=BSS      S=.bss     G=DGROUP   M=JclSecurity ACBP=A9
 0002:000041D0 00000004 C=BSS      S=.bss     G=DGROUP   M=JclDateTime ACBP=A9
 0002:000041D4 00000004 C=BSS      S=.bss     G=DGROUP   M=JclFileUtils ACBP=A9
 0002:000041D8 00000008 C=BSS      S=.bss     G=DGROUP   M=JclRTTI  ACBP=A9
 0002:000041E0 00000004 C=BSS      S=.bss     G=DGROUP   M=JclMime  ACBP=A9
 0002:000041E4 00000004 C=BSS      S=.bss     G=DGROUP   M=JvPropertyStore ACBP=A9
 0002:000041E8 00000008 C=BSS      S=.bss     G=DGROUP   M=JvAppStorage ACBP=A9
 0002:000041F0 00000004 C=BSS      S=.bss     G=DGROUP   M=JvProgressUtils ACBP=A9
 0002:000041F4 00000004 C=BSS      S=.bss     G=DGROUP   M=JvJVCLUtils ACBP=A9
 0002:000041F8 00000004 C=BSS      S=.bss     G=DGROUP   M=JvButton ACBP=A9
 0002:000041FC 00000014 C=BSS      S=.bss     G=DGROUP   M=JvSpeedButton ACBP=A9
 0002:00004210 00000004 C=BSS      S=.bss     G=DGROUP   M=JvBaseDlg ACBP=A9
 0002:00004214 00000004 C=BSS      S=.bss     G=DGROUP   M=JvBrowseFolder ACBP=A9
 0002:00004218 00000004 C=BSS      S=.bss     G=DGROUP   M=JvExGrids ACBP=A9
 0002:0000421C 00000004 C=BSS      S=.bss     G=DGROUP   M=JvPickDate ACBP=A9
 0002:00004220 00000004 C=BSS      S=.bss     G=DGROUP   M=JvToolEdit ACBP=A9
 0002:00004224 00000008 C=BSS      S=.bss     G=DGROUP   M=expcfg   ACBP=A9
 0002:0000422C 00000004 C=BSS      S=.bss     G=DGROUP   M=FmxUtils ACBP=A9
 0002:00004230 00000004 C=BSS      S=.bss     G=DGROUP   M=pluginfunc ACBP=A9
 0002:00004234 00000018 C=BSS      S=.bss     G=DGROUP   M=Export_TXT ACBP=A9


  Address         Publics by Name

 0002:00003C4C       .01
 0002:00003C84       .01
 0002:000041E8       .01
 0002:00003680       .1
 0002:00003A4C       .1
 0002:00003A3C       .1
 0002:00003968       .1
 0002:00003C14       .1
 0002:00003C70       .1
 0002:00003C24       .1
 0002:00003AFC       .1
 0002:00003934       .1
 0002:00003930       .1
 0002:00003C74       .1
 0002:00003C34       .1
 0002:00003C7C       .1
 0002:00003C8C       .1
 0002:00003C90       .1
 0002:00003B38       .1
 0002:000038C4       .1
 0002:000038B0       .1
 0002:00004194       .1
 0002:00003C54       .1
 0002:000041A0       .1
 0002:000041A4       .1
 0002:000041A8       .1
 0002:00003ABC       .1
 0002:00003A64       .1
 0002:000041AC       .1
 0002:00003670       .1
 0002:00003AAC       .1
 0002:00003684       .1
 0002:000041B4       .1
 0002:00003844       .1
 0002:00003C10       .1
 0002:00003678       .1
 0002:000041C8       .1
 0002:00003A6C       .1
 0002:000041CC       .1
 0002:00003A68       .1
 0002:000041E0       .1
 0002:00003A54       .1
 0002:000041F0       .1
 0002:00003C0C       .1
 0002:00003A58       .1
 0002:00003A5C       .1
 0002:00003A60       .1
 0002:00003A70       .11
 0002:00003C50       .11
 0002:00003AA8       .12
 0002:000038CC       .12
 0002:00003C3C       .12
 0002:00003928       .2
 0002:0000421C       .2
 0002:00003C1C       .2
 0002:00003C38       .2
 0002:000041B8       .2
 0002:000041B0       .2
 0002:00003B20       .2
 0002:00003AB4       .2
 0002:00004228       .2
 0002:00003C80       .2
 0002:00003938       .2
 0002:00004214       .2
 0002:000041D0       .2
 0002:00003C04       .2
 0002:0000392C       .21
 0002:00004220       .21
 0002:00003B68       .3
 0002:0000384C       .3
 0002:00003940       .3
 0002:00003AF0       .3
 0002:00003C2C       .3
 0002:00003944       .3
 0002:00004230       .3
 0002:00003C88       .3
 0002:0000367C       .3
 0002:0000422C       .3
 0002:00003798       .35
 0002:00003B10       .36
 0002:00003C78       .4
 0002:00004210       .4
 0002:00003AC0       .4
 0002:000041F8       .4
 0002:000041D8       .4
 0002:00003A50       .4
 0002:000041E4       .4
 0002:00003B50       .41
 0002:00003C58       .41
 0002:000041D4       .42
 0002:00003B28       .42
 0002:0000385C       .45
 0002:00003C08       .5
 0002:0000419C       .5
 0002:00003AF8       .5
 0002:000035BC       .5
 0002:00003800       .5
 0002:00003C30       .5
 0002:00003848       .6
 0002:000041F4       .6
 0002:0000397C       .6
 0002:00003C6C       .7
 0002:00004198       .7
 0002:00003C18       .7
 0002:00003B8C       .72
 0002:00003B00       .72
 0002:00003B2C       .73
 0002:00003B44       .8
 0002:00003B0C       .8
 0002:00003AF4       .8
 0002:00004218       .8
 0002:000041FC       .8
 0002:00003824       .81
 0002:00003C44       .81
 0002:00003C28       .9
 0002:00003B7C       .9
 0002:00003C40       .9
 0002:00003C48       .92
 0001:00001CEC       @AbstractError
 0001:00002880       @AfterConstruction
 0001:000026AC       @AsClass
 0001:00001E90       @AStrCmp
 0001:00002890       @BeforeDestruction
 0001:0000242C       @BoundErr
 0001:000026F8       @CallDynaInst
 0001:00002828       @ClassCreate
 0001:00002878       @ClassDestroy
 0001:00001D5C       @Close
 0001:00001BF4       @Copy
 0001:00004014       @CopyArray
 0001:00003EF8       @CopyRecord
 0001:000041B8       @DispCallByIDError
 0001:0000E66C       @DispInvokeError
 0001:0000411C       @Dispose
 0001:00002D0C       @DoneExcept
 0001:0000462C       @DynArrayAsg
 0001:000045F0       @DynArrayClear
 0001:00004410       @DynArrayHigh
 0001:00004408       @DynArrayLength
 0001:000045E4       @DynArraySetLength
 0001:00002DF4       @ExceptionHandler
 0001:00001F00       @FillChar
 0001:00003ED4       @Finalize
 0001:00003DE8       @FinalizeArray
 0001:00003D9C       @FinalizeRecord
 0001:00002710       @FindDynaInst
 0001:00002420       @FpuInit
 0001:0000235C       @FpuMaskInit
 0001:00001A68       @FreeMem
 0001:00001A38       @GetMem
 0001:0000553C       @GetTls
 0001:00003308       @Halt
 0001:00003228       @Halt0
 0001:000029A4       @HandleAnyException
 0001:00002C58       @HandleFinally
 0001:00002AD0       @HandleOnException
 0001:00003D90       @Initialize
 0001:00003CFC       @InitializeArray
 0001:00003CCC       @InitializeRecord
 0001:000030D0       @InitImports
 0001:00005588       @InitLib
 0001:000030A8       @InitResStringImports
 0001:00003084       @InitResStrings
 0001:000030F4       @InitWideStrings
 0001:00004DF8       @IntfAddRef
 0001:00004DC8       @IntfCast
 0001:00004D84       @IntfClear
 0001:00004D9C       @IntfCopy
 0001:00002688       @IsClass
 0001:0000232C       @isNECWindows
 0001:000037D0       @LStrAddRef
 0001:00003344       @LStrArrayClr
 0001:00003374       @LStrAsg
 0001:000035E8       @LStrCat
 0001:0000362C       @LStrCat3
 0001:000036A0       @LStrCatN
 0001:00003320       @LStrClr
 0001:0000372C       @LStrCmp
 0001:00003840       @LStrCopy
 0001:00003880       @LStrDelete
 0001:00003590       @LStrFromArray
 0001:00003508       @LStrFromChar
 0001:00003518       @LStrFromPChar
 0001:00003410       @LStrFromPCharLen
 0001:00003548       @LStrFromPWChar
 0001:0000347C       @LStrFromPWCharLen
 0001:00003584       @LStrFromString
 0001:000035A8       @LStrFromWStr
 0001:000038C8       @LStrInsert
 0001:000033B8       @LStrLAsg
 0001:000035E0       @LStrLen
 0001:000039D0       @LStrOfChar
 0001:00003924       @LStrPos
 0001:0000396C       @LStrSetLength
 0001:000037E0       @LStrToPChar
 0001:000035BC       @LStrToString
 0001:00004108       @New
 0001:000033E4       @NewAnsiString
 0001:00003A04       @NewWideString
 0001:00002040       @Pow10
 0001:00001E0C       @PStrCmp
 0001:00001DE4       @PStrCpy
 0001:00001DB4       @PStrNCat
 0001:00001DF0       @PStrNCpy
 0001:00002CB8       @RaiseAgain
 0001:00002C90       @RaiseExcept
 0001:00001A88       @ReallocMem
 0001:00001CBC       @ROUND
 0001:00003314       @RunError
 0001:00002024       @SetEq
 0001:00002FBC       @StartLib
 0001:000002AC       @strlen
 0001:00001CC8       @TRUNC
 0001:00002D3C       @TryFinallyExit
 0001:00003838       @UniqueStringA
 0001:000041E4       @ValInt64
 0001:00001F20       @ValLong
 0001:00012DB0       @VarAddRef
 0001:0000EF60       @VarCast
 0001:0000E958       @VarClear
 0001:0000E96C       @VarClr
 0001:00003DD0       @VarClr
 0001:0000EC94       @VarCopy
 0001:00003EE0       @VarCopy
 0001:00012C90       @VarFromBool
 0001:00012B1C       @VarFromByte
 0001:00012CE0       @VarFromCurr
 0001:00012C38       @VarFromCurrency
 0001:00012C64       @VarFromDate
 0001:00012D84       @VarFromDisp
 0001:00012C0C       @VarFromDouble
 0001:00012AC0       @VarFromInt
 0001:00012BBC       @VarFromInt64
 0001:00012AFC       @VarFromInteger
 0001:00012D58       @VarFromIntf
 0001:00012B5C       @VarFromLongWord
 0001:00012CF4       @VarFromLStr
 0001:00012CB8       @VarFromReal
 0001:00012B7C       @VarFromShortInt
 0001:00012BE8       @VarFromSingle
 0001:00012B9C       @VarFromSmallInt
 0001:00012CCC       @VarFromTDateTime
 0001:00012B3C       @VarFromWord
 0001:00012D20       @VarFromWStr
 0001:0000E6C0       @VarNull
 0001:000103E4       @VarToBoolean
 0001:0000F824       @VarToByte
 0001:000115A8       @VarToCurrency
 0001:00011040       @VarToDate
 0001:00012A14       @VarToDisp
 0001:000108EC       @VarToDouble
 0001:0000FDE8       @VarToInt64
 0001:0000F324       @VarToInteger
 0001:00012948       @VarToIntf
 0001:0000FA9C       @VarToLongWord
 0001:00011C5C       @VarToLStr
 0001:0000F774       @VarToShortInt
 0001:00010C68       @VarToSingle
 0001:0000F8CC       @VarToSmallInt
 0001:0000F9C4       @VarToWord
 0001:0001237C       @VarToWStr
 0001:00003A44       @WStrArrayClr
 0001:00003A68       @WStrAsg
 0001:00003A2C       @WStrClr
 0001:00003BB4       @WStrCmp
 0001:00003C38       @WStrCopy
 0001:00003B88       @WStrFromLStr
 0001:00003A8C       @WStrFromPCharLen
 0001:00003B4C       @WStrFromPWChar
 0001:00003B18       @WStrFromPWCharLen
 0001:00003B3C       @WStrFromWChar
 0001:00003BA8       @WStrLen
 0001:00003C84       @WStrSetLength
 0001:00003B98       @WStrToPWChar
 0001:00002000       @_CLenToPasStr
 0001:00001FF4       @_CToPasStr
 0001:00001BC4       @_IOTest
 0001:000041C0       @_llmul
 0001:0005153C       AbsMin
 0001:0000B44C       AbstractErrorHandler
 0002:0000302C       AbstractErrorProc
 0001:00066CEC       AccCtrl
 0002:0000014C       AccessMode
 0001:00001B24       AcquireExceptionObject
 0001:00016454       ActivateClassGroup
 0001:00005C2C       ActivateKeyboardLayout
 0002:00003BC0       ActiveDrag
 0001:000140C8       ActiveX
 0001:00039EC0       ActnList
 0001:0000040C       AddBlockAfter
 0002:000003D0       AddDataModule
 0001:0001952C       AddFinished
 0001:00049CB8       AddIn
 0001:00004BDC       AddModuleUnloadProc
 0001:00004BEC       AddModuleUnloadProc
 0001:00019564       AddNotFinished
 0001:00019F88       AddSubComponentsToLoaded
 0001:00021EF4       AdjustColor
 0001:0002E5F4       AdjustColors
 0001:0003C514       Adjustment
 0001:00005C34       AdjustWindowRectEx
 0002:00000D98       Alignments
 0002:000018BC       Alignments
 0002:00001944       Alignments
 0002:00000DA8       Alignments
 0002:00000B44       Alignments
 0002:000008D8       Alignments
 0002:00000B88       Alignments
 0002:0000192C       AlignStyle
 0001:00056BB4       AlignWork
 0001:0004350C       AlignWork
 0001:0001D710       AllocateHWnd
 0001:0002ACD8       AllocFilterStr
 0002:00001834       AllocGranularity
 0001:00007390       AllocMem
 0002:000035B4       AllocMemCount
 0002:000035B8       AllocMemSize
 0001:00027654       AllocPatternBitmap
 0001:0000546C       AllocTlsBuffer
 0002:00000DCC       AnchorAlign
 0002:00000DC0       AnimateWindowProc
 0002:00000EC8       AnimationStyle
 0002:00003C94       AnsiCaseMap
 0002:000013D8       AnsiCaseMapReady
 0002:00003F94       AnsiCharTypes
 0001:00007580       AnsiCompareStr
 0001:000075B8       AnsiCompareText
 0001:00007D7C       AnsiLastChar
 0001:00005C3C       AnsiLower
 0001:0000754C       AnsiLowerCase
 0001:0000BE60       AnsiLowerCaseFileName
 0001:0000BE24       AnsiPos
 0001:0004E540       AnsiSameCaption
 0001:000075F0       AnsiSameText
 0001:00007608       AnsiStrLIComp
 0001:0000BEEC       AnsiStrPos
 0001:0000BFAC       AnsiStrRScan
 0001:0000BFF4       AnsiStrScan
 0001:000051F8       AnsiToUtf8
 0001:00007518       AnsiUpperCase
 0001:000128D0       AnyToIntf
 0001:000092BC       AppendChars
 0001:00009688       AppendFormat
 0001:00009320       AppendNumber
 0001:00009300       AppendString
 0002:00003B48       Application
 0002:000003E0       ApplicationHandleException
 0002:000003E8       ApplicationShowException
 0002:00000CAC       AppVisible
 0002:00000F08       ArrowKey
 0001:0000B430       AssertErrorHandler
 0002:00003024       AssertErrorProc
 0001:00013AB0       AssignLongStr
 0001:00013E54       AssignVariant
 0002:0000360C       avail
 0001:00007EF4       BackfillGetDiskFreeSpaceEx
 0001:000540D0       BackgroundClipped
 0001:0000D5DC       BackupVarBoolFromStr
 0001:0000D73C       BackupVarBStrFromBool
 0001:0000D65C       BackupVarBStrFromCy
 0001:0000D6CC       BackupVarBStrFromDate
 0001:0000D570       BackupVarCyFromStr
 0001:0000D504       BackupVarDateFromStr
 0001:0000D3C0       BackupVarI4FromStr
 0001:0000D36C       BackupVariantChangeTypeEx
 0001:0000D42C       BackupVarR4FromStr
 0001:0000D498       BackupVarR8FromStr
 0001:0000BA2C       Beep
 0001:000167AC       BeginGlobalLoading
 0001:00005C44       BeginPaint
 0001:00021F00       BetterSize
 0001:0002DEE4       BevelLine
 0001:0002DDF4       BevelRect
 0001:0004AB4C       BiDiDraw
 0001:0001C31C       BinToHex
 0001:000059DC       BitBlt
 0001:000669E4       BitBlt
 0002:00000A5C       BitBtnCaptions
 0002:00003AC4       BitBtnGlyphs
 0002:0000076C       BitmapCanvasList
 0002:000038E4       BitmapImageLock
 0001:0000D3A8       BiUnimplemented
 0002:00000488       BlockCode
 0002:000035E4       blockDescBlockList
 0002:000035E8       blockDescFreeList
 0002:000003B4       BooleanIdents
 0002:00000330       BooleanToStringRule
 0002:000013DC       Bools
 0001:00007A94       BoolToStr
 0001:000119E4       BoolToWStrViaOS
 0002:000008D0       BorderStyles
 0002:00000B3C       BorderStyles
 0001:00005644       Bounds
 0001:0001576C       Bounds
 0002:00000D40       Breaks
 0002:0000391C       BrushManager
 0001:0004D320       BuildImage
 0002:00000878       ButtonCaptions
 0002:00004200       ButtonCount
 0002:00000A8C       ButtonCount
 0002:0000188C       ButtonNames
 0002:0000084C       ButtonNames
 0001:00031C04       Buttons
 0002:00000DBC       Buttons
 0002:00000B80       ButtonStyles
 0002:00003A7C       ButtonWidths
 0001:000216CC       BytesPerScanline
 0001:00021A30       ByteSwapColors
 0001:0000BB10       ByteToCharIndex
 0001:0000BAE8       ByteToCharLen
 0001:0000BAAC       ByteType
 0001:0000BA34       ByteTypeTest
 0002:00003B6C       CachedComCtrlVer
 0001:0001D64C       CalcJmpOffset
 0001:0005E7E0       CalcSplitterPos
 0001:00005C4C       CallNextHookEx
 0001:0000C800       CallTerminateProcs
 0001:00005C54       CallWindowProc
 0001:00073920       CanAddToMenu
 0001:00052574       CancelDrag
 0002:00003BD4       CanvasList
 0002:00003920       CanvasList
 0002:00000824       Captions
 0002:00000E84       CaptureControl
 0002:00001984       CaretWidth
 0002:0000198C       cAutoCompleteOptionValues
 0002:00000CE0       cBooleanToItemAutoFlag
 0001:0002A5E8       CenterWindow
 0002:00004240       cfg
 0002:00003AB2       CF_COMPONENT
 0002:00003AB0       CF_PICTURE
 0002:0000381C       ChangeAnyProc
 0001:00050AA0       ChangeBiDiModeAlignment
 0002:00000B64       CharCases
 0001:00003440       CharFromWChar
 0001:00066EC0       CharIsLower
 0001:00066ED4       CharIsUpper
 0001:0000BCF4       CharLength
 0001:00005C5C       CharLowerBuff
 0001:0000022C       CharNext
 0001:00005C64       CharNext
 0001:0001FEBC       CharsetToIdent
 0001:0000BBFC       CharToByteIndex
 0001:0000BC60       CharToByteLen
 0001:00005C6C       CharToOemA
 0001:00005C74       CharUpperBuff
 0001:000224E4       CheckBool
 0001:00002920       CheckJmp
 0001:00005C7C       CheckMenuItem
 0002:00000D30       Checks
 0001:00019FC4       CheckSubComponents
 0001:0001C424       CheckSynchronize
 0001:0003BF50       CheckTaskWindow
 0001:00068ECC       CheckTaskWindow
 0001:00052228       CheckUndock
 0001:0000B920       CheckWin32Version
 0002:00000334       CInvalidCustomVariantType
 0002:00000CE4       cItemAutoFlagToBoolean
 0002:00000CDC       cItemAutoFlagToMenu
 0001:0001D89C       Classes
 0001:00016218       ClassNotFound
 0002:00003818       ClearAnyProc
 0001:0001F73C       ClearColor
 0001:00065FB8       ClearExcepInfo
 0001:00067AAC       ClearInfoList
 0001:00013160       ClearVariantTypeList
 0001:00005C84       ClientToScreen
 0001:0005BD84       ClientToWindow
 0001:0002F338       Clipboard
 0002:00000764       ClipboardFormats
 0001:0002F424       Clipbrd
 0001:0006EFE0       ClipFilename
 0001:00005C8C       CloseClipboard
 0001:0000577C       CloseHandle
 0002:00003984       CloseThemeData
 0002:000018DC       CLSID_ACLHistory
 0002:000018EC       CLSID_ACListISF
 0002:000018FC       CLSID_ACLMRU
 0002:0000190C       CLSID_ACLMulti
 0002:000018CC       CLSID_AutoComplete
 0002:00003040       CmdLine
 0002:0000303C       CmdShow
 0002:00000CD8       cMenuAutoFlagToItem
 0001:0000D3B4       CmpUnimplemented
 0002:00001364       CoAddRefServerProcess
 0001:00014060       CoCreateInstance
 0002:0000135C       CoCreateInstanceEx
 0002:00001374       CoInitFlags
 0001:00014050       CoInitialize
 0002:00001360       CoInitializeEx
 0002:000004E4       Colors
 0001:0001FCB4       ColorToIdent
 0002:000008E4       ColorToPretyName
 0001:0001FCA4       ColorToRGB
 0002:00000F1C       ColorValues
 0001:000059E4       CombineRgn
 0002:00003C60       ComClassManagerVar
 0001:00065468       ComConst
 0002:00003B1C       ComCtlVersion
 0001:00033D2C       ComCtrls
 0002:00003B80       CommandPool
 0001:00027C50       CommCtrl
 0001:00029DCC       CommDlg
 0001:0000078C       Commit
 0002:00003628       committedRoot
 0001:00066280       ComObj
 0001:0004929C       CompareFront
 0001:00007480       CompareMem
 0001:00007450       CompareStr
 0001:00005784       CompareString
 0001:000074A0       CompareText
 0001:000079BC       CompareWith
 0001:0001A0A4       ComponentCreated
 0001:000222A4       ComputeAldusChecksum
 0001:0002EDD8       ComStrs
 0001:0001E3C8       Consts
 0001:00027B54       Contnrs
 0002:00003B92       ControlAtom
 0002:00003B98       ControlAtomString
 0001:00040CFC       ControlHasHelp
 0001:0005F46C       Controls
 0002:00000414       Convert
 0002:00000404       Convert
 0001:0000AE34       ConvertAddr
 0001:00009414       ConvertEraString
 0001:0000736C       ConvertErrorFmt
 0001:00009580       ConvertYearString
 0001:00004418       CopyArray
 0001:00024B84       CopyBitmap
 0001:0002524C       CopyBitmapAsMask
 0001:000059EC       CopyEnhMetaFile
 0001:00031A04       CopyImage
 0001:000251E8       CopyPalette
 0001:00067F80       CopyParentImage
 0002:00000AD8       Copyright
 0001:0004C3CC       CopyToBest
 0002:00001368       CoReleaseServerProcess
 0002:0000136C       CoResumeClassObjects
 0002:00001370       CoSuspendClassObjects
 0001:00014068       CoTaskMemAlloc
 0001:00014058       CoUninitialize
 0001:0000BB6C       CountChars
 0002:000038FC       CounterLock
 0002:00000338       CRangeToType
 0002:00000F10       crDragAlt
 0001:00067ECC       CreateAppStoragePropertyEngineList
 0001:0000B374       CreateAssertException
 0001:0000B4FC       CreateAVObject
 0001:000059F4       CreateBitmap
 0001:000059FC       CreateBrushIndirect
 0001:00005C94       CreateCaret
 0001:00005A04       CreateCompatibleBitmap
 0001:00005A0C       CreateCompatibleDC
 0001:0001A124       CreateComponent
 0001:00005A1C       CreateDIBitmap
 0001:00005A14       CreateDIBSection
 0001:00068C28       CreateDisabledBitmap
 0001:000689BC       CreateDisabledBitmapEx
 0001:00068798       CreateDisabledBitmap_NewStyle
 0001:00070B90       CreateEllipsisGlyph
 0001:0000578C       CreateEvent
 0001:00005794       CreateFile
 0001:00005A24       CreateFontIndirect
 0001:00005A2C       CreateHalftonePalette
 0001:00005C9C       CreateIcon
 0001:0000B2A0       CreateInOutError
 0001:00005CA4       CreateMenu
 0001:0002BA00       CreateMessageDialog
 0001:00005A34       CreatePalette
 0001:00005A3C       CreatePenIndirect
 0001:00005CAC       CreatePopupMenu
 0001:00005A44       CreateRectRgn
 0001:00005A4C       CreateRectRgnIndirect
 0001:00005A54       CreateSolidBrush
 0001:00021A88       CreateSystemPalette
 0001:0000579C       CreateThread
 0001:00068DF0       CreateTwoColorsBrushPattern
 0001:000062B4       CreateWindow
 0001:0000625C       CreateWindowEx
 0001:00063A3C       CreateWMMessage
 0001:00063A20       CreateWMMessage
 0002:00000DC4       CreationControl
 0002:000007C0       CreationControl
 0002:000003A0       CRelationshipToBoolean
 0002:0000031C       CResult
 0002:00000F14       crMultiDragAlt
 0002:00000F0C       crMultiDragLink
 0002:00000F18       crMultiDragLinkAlt
 0002:00000144       cSimpleBoolStrs
 0002:0000034C       CText
 0002:00000EC0       Ctl3DStyles
 0002:00003620       curAlloc
 0002:00003690       CurrencyDecimals
 0002:0000368C       CurrencyFormat
 0002:00003688       CurrencyString
 0001:000092A8       CurrentYear
 0001:00008DF8       CurrToStr
 0001:00011974       CurrToWStrViaOS
 0002:00000C30       CursorMap
 0002:00000DD4       Cursors
 0001:00050DC0       CursorToIdent
 0002:00000C20       cUseAlpha
 0002:00000C28       cUseColorKey
 0001:00007710       CvtInt
 0001:0000777C       CvtInt64
 0002:00000184       CWNear
 0002:00003691       DateSeparator
 0001:00009EEC       DateTimeToStr
 0001:00009E60       DateTimeToString
 0001:00008EF4       DateTimeToTimeStamp
 0001:00009EBC       DateToStr
 0001:000119AC       DateToWStrViaOS
 0002:0000138C       Day
 0001:00009280       DayOfWeek
 0002:00000180       DCon10
 0002:000004E0       DDBsOnly
 0001:0001D7C4       DeallocateHWnd
 0002:00000028       DebugHook
 0002:0000423C       debugtrace
 0002:0000368F       DecimalSeparator
 0001:00009260       DecodeDate
 0001:00009110       DecodeDateFully
 0001:00008FA8       DecodeTime
 0001:0000084C       Decommit
 0001:00000F78       DecommitFree
 0002:000035FC       decommittedRoot
 0001:0003E97C       Default
 0001:00044148       Default
 0002:00000020       Default8087CW
 0002:00000EFC       DefaultBlank
 0002:00000DC8       DefaultDockTreeClass
 0002:000035C0       DefaultUserCodePage
 0002:00000734       DefBrushData
 0002:00001884       DefCompanyName
 0002:000004B4       DefFontData
 0001:00005CB4       DefFrameProc
 0002:00000210       DefLongDayNames
 0002:000001C4       DefLongMonthNames
 0001:00005CBC       DefMDIChildProc
 0002:00000714       DefPenData
 0002:000001F4       DefShortDayNames
 0002:00000194       DefShortMonthNames
 0001:00005CC4       DefWindowProc
 0001:00004684       DelayLoadResourceModule
 0001:00000468       DeleteBlock
 0001:00000378       DeleteCriticalSection
 0001:000057A4       DeleteCriticalSection
 0001:00005A5C       DeleteDC
 0001:00005A64       DeleteEnhMetaFile
 0001:00000D60       DeleteFree
 0001:00005CCC       DeleteMenu
 0001:00005A6C       DeleteObject
 0001:00067A88       DeleteType
 0001:00024740       DeselectBitmap
 0001:00067EE0       DestroyAppStoragePropertyEngineList
 0001:00005CD4       DestroyCursor
 0001:00005CDC       DestroyIcon
 0001:00031B34       DestroyLocals
 0001:00005CE4       DestroyMenu
 0001:00005CEC       DestroyWindow
 0001:0003890C       DialogEnumerationTester
 0001:0002A69C       DialogHook
 0001:0002C228       Dialogs
 0002:00000770       DIBPalSizes
 0002:0000008C       dig
 0001:000650EC       DirectoryExists
 0001:00007D58       DirectoryExists
 0001:0003BD8C       DisableTaskWindows
 0001:000659CC       DispatchInvoke
 0001:00065FAC       DispatchInvokeError
 0001:00063C34       DispatchIsDesignMsg
 0001:00005CF4       DispatchMessage
 0001:00041FDC       DispatchShortCut
 0001:00065FC8       DispCall
 0001:000660AC       DispCallByID
 0002:00003000       DispCallByIDProc
 0001:00065ED8       DispCallError
 0001:00007350       DivMod
 0001:00063B44       DlgCodesToDlgc
 0001:00063AEC       DlgcToDlgCodes
 0001:00029E04       Dlgs
 0002:0000366C       DllProc
 0001:000433C0       DoAlign
 0001:00056A44       DoAlign
 0001:0005AAF8       DoCalcConstraints
 0002:00003BC8       DockSiteList
 0001:0004CFEC       DoClick
 0001:00058188       DoControlMsg
 0001:0003BD3C       DoDisableWindow
 0001:00051B54       DoDragOver
 0001:0005CAB4       DoFindControlZone
 0001:0003BE90       DoFindWindow
 0001:0005D040       DoFindZone
 0001:0005CB38       DoForEach
 0001:0005E444       DoGetNextLimit
 0001:0003BD04       DoneApplication
 0001:0005F1B0       DoneControls
 0001:0000B830       DoneExceptions
 0001:00040358       DoNestedActivation
 0001:0001C3E4       DoneThreadSynchronization
 0001:00045320       DoOnHelp
 0001:00056604       DoPosition
 0001:00043210       DoPosition
 0001:0005DA6C       DoPrune
 0001:0002D658       DoRect
 0001:0005DF44       DoSaveZone
 0001:0005E148       DoSetNewBounds
 0002:000003BC       DotSep
 0002:00000A90       DownStyles
 0001:0002385C       DoWrite
 0001:000478FC       DoWrite
 0001:000175F8       DoWrite
 0001:0002273C       DoWrite
 0001:00057770       DoWriteDesignSize
 0001:000551DC       DoWriteIsControl
 0001:00029BF4       DragAcceptFiles
 0002:00003BAC       DragCapture
 0002:00003BA0       DragControl
 0001:0005229C       DragDone
 0001:00051B04       DragFindTarget
 0001:00051AD8       DragFindWindow
 0001:00029BFC       DragFinish
 0002:00003BC4       DragImageList
 0001:00051EF4       DragInit
 0001:00052064       DragInitControl
 0002:00003BA8       DragInternalObject
 0001:00051A20       DragMessage
 0002:00003BA4       DragObject
 0001:00029C04       DragQueryFile
 0002:00003BD0       DragSave
 0002:00003BB8       DragSaveCursor
 0002:00003BB0       DragStartPos
 0002:00003BBC       DragThreshold
 0001:00051C24       DragTo
 0001:00044184       DrawAppIcon
 0002:00001888       DrawBitmap
 0001:00068748       DrawBitmapTransparent
 0001:0006A1D8       DrawButtonFrame
 0001:0005D5D8       DrawCloseButton
 0001:0006380C       DrawDotNetControl
 0001:00005CFC       DrawEdge
 0001:00005D04       DrawFrameControl
 0001:0005D630       DrawGrabberLine
 0001:00005D0C       DrawIcon
 0001:00005D14       DrawIconEx
 0002:00000CB4       DrawingStyles
 0001:0006D190       DrawMark
 0001:00005D1C       DrawMenuBar
 0001:0004E35C       DrawMenuItem
 0001:000669B8       DrawText
 0001:00066984       DrawText
 0001:00005D24       DrawText
 0002:00003988       DrawThemeBackground
 0002:000039AC       DrawThemeEdge
 0002:000039B0       DrawThemeIcon
 0002:00003A34       DrawThemeParentBackground
 0002:0000398C       DrawThemeText
 0001:0002154C       DupBits
 0001:00004430       DynArrayClear
 0001:00004438       DynArraySetLength
 0002:00000DA0       EdgeStyle
 0002:00000EB0       EdgeStyles
 0001:0000B274       EHeapException.FreeInstance
 0001:00005D2C       EmptyClipboard
 0002:00003804       EmptyParam
 0002:000000CC       EmptyStr
 0002:000000D0       EmptyWideStr
 0001:00005D34       EnableMenuItem
 0002:00000D38       Enables
 0001:00005D3C       EnableScrollBar
 0001:0003BE40       EnableTaskWindows
 0002:00003A1C       EnableThemeDialogTexture
 0002:00003A38       EnableTheming
 0001:00005D44       EnableWindow
 0001:00016834       EndGlobalLoading
 0001:00005D4C       EndPaint
 0001:000057AC       EnterCriticalSection
 0001:00000368       EnterCriticalSection
 0001:000057B4       EnumCalendarInfoA
 0001:00005D54       EnumClipboardFormats
 0002:000038AC       EnumDisplayMonitors
 0001:0000AAA8       EnumEraNames
 0001:0000AAE4       EnumEraYearOffsets
 0001:0003EF40       EnumMonitorsProc
 0001:00004B9C       EnumResourceModules
 0001:00004BA4       EnumResourceModules
 0001:00007B00       EnumStringModules
 0001:00005D5C       EnumThreadWindows
 0001:000198D4       EnumValue
 0001:00005D64       EnumWindows
 0001:000656FC       EOleException.Create
 0001:0006562C       EOleSysError.Create
 0001:00005D6C       EqualRect
 0002:00003758       EraNames
 0001:0000A164       EraToYear
 0002:00003774       EraYearOffsets
 0002:00000064       errCaption
 0001:00001BB8       Error
 0001:00048FEC       Error
 0001:00015DBC       Error
 0001:000190B8       Error
 0002:00000004       ErrorAddr
 0001:00001B6C       ErrorAt
 0001:0000B320       ErrorHandler
 0002:0000022C       ErrorMap
 0002:00003008       ErrorProc
 0002:000033E8       ErrOutput
 0001:00001AF8       ExceptAddr
 0002:0000300C       ExceptClsProc
 0001:0000B79C       ExceptHandler
 0001:0000B0A0       Exception.Create
 0001:0000B0DC       Exception.CreateFmt
 0001:0000B22C       Exception.CreateHelp
 0001:0000B15C       Exception.CreateRes
 0001:0000B198       Exception.CreateResFmt
 0002:0000301C       ExceptionClass
 0001:0000AE40       ExceptionErrorMessage
 0002:00000264       ExceptMap
 0001:00001AD8       ExceptObject
 0002:00003010       ExceptObjProc
 0002:00003004       ExceptProc
 0001:00005A74       ExcludeClipRect
 0001:00073518       ExecuteScriptLines
 0002:00004245       exec_prog
 0002:00000000       ExitCode
 0001:0000316C       ExitDll
 0002:00003048       ExitProc
 0001:00000234       ExitProcess
 0002:00003028       ExitProcessProc
 0001:00005518       ExitProcessTLS
 0001:000054F0       ExitThreadTLS
 0001:00007EB8       ExpandFileName
 0001:00073484       expcfg
 0001:0002A974       ExplorerHook
 0002:00004244       export_npcprops
 0001:000745F0       Export_TXT
 0001:00033B74       ExtActns
 0001:0002ED78       ExtCtrls
 0001:00032A20       ExtDlgs
 0001:0006F068       ExtFilename
 0001:00007E70       ExtractFileExt
 0001:0002AFEC       ExtractFileName
 0001:00007E38       ExtractFileName
 0001:0002B034       ExtractFileNames
 0001:00007E04       ExtractFilePath
 0001:00005A7C       ExtTextOut
 0001:0001408C       Failed
 0002:00003794       FalseBoolStrs
 0002:00003AB8       FClipboard
 0002:00000174       FCon1E18
 0001:00007CE0       FileAge
 0001:00007CD8       FileClose
 0001:00007C40       FileCreate
 0001:00007C1C       FileCreate
 0001:00065124       FileCtrl
 0001:00007D48       FileExists
 0002:00000768       FileFormats
 0002:00000008       FileMode
 0001:00007BC4       FileOpen
 0001:00007C48       FileRead
 0002:000003F8       FilerSignature
 0001:00007CA0       FileSeek
 0001:000057BC       FileTimeToDosDateTime
 0001:000057C4       FileTimeToLocalFileTime
 0001:00007C74       FileWrite
 0001:00000E98       FillAfterGap
 0001:00000E38       FillBeforeGap
 0001:00000F38       FillerSizeAfterGap
 0001:00000EC0       FillerSizeBeforeGap
 0001:00005D74       FillRect
 0002:00000A98       FillStyles
 0001:000741E8       Finalization
 0001:0000DB08       Finalization
 0001:00073540       Finalization
 0001:0007348C       Finalization
 0001:00073454       Finalization
 0001:0004804C       Finalization
 0001:000731E8       Finalization
 0001:0006D604       Finalization
 0001:0006D5CC       Finalization
 0001:0006D594       Finalization
 0001:0006D55C       Finalization
 0001:0006D518       Finalization
 0001:000691D8       Finalization
 0001:0004E63C       Finalization
 0001:0006916C       Finalization
 0001:00067F3C       Finalization
 0001:00067EF4       Finalization
 0001:000135AC       Finalization
 0001:000137C8       Finalization
 0001:00067DB0       Finalization
 0001:00013F90       Finalization
 0001:00039E90       Finalization
 0001:00067BF8       Finalization
 0001:00038B84       Finalization
 0001:00014098       Finalization
 0001:00067B9C       Finalization
 0001:00067A00       Finalization
 0001:00037F00       Finalization
 0001:0000D14C       Finalization
 0001:00037D98       Finalization
 0001:000678DC       Finalization
 0001:0005F404       Finalization
 0001:000678A4       Finalization
 0001:000348D8       Finalization
 0001:00033CB4       Finalization
 0001:00033B7C       Finalization
 0001:0005FEF0       Finalization
 0001:00033B24       Finalization
 0001:00033ACC       Finalization
 0001:00061F70       Finalization
 0001:00033A68       Finalization
 0001:00033A00       Finalization
 0001:00061FA8       Finalization
 0001:000329F0       Finalization
 0001:00031BCC       Finalization
 0001:00061FE0       Finalization
 0001:00005314       Finalization
 0001:0002F47C       Finalization
 0001:0002F3E8       Finalization
 0001:000622A8       Finalization
 0001:00062D1C       Finalization
 0001:0002EDA8       Finalization
 0001:00067860       Finalization
 0001:0002ED30       Finalization
 0001:000677F8       Finalization
 0001:0002C1CC       Finalization
 0001:0001D7EC       Finalization
 0001:000633B8       Finalization
 0001:00063434       Finalization
 0001:00064398       Finalization
 0001:000650B4       Finalization
 0001:000650F4       Finalization
 0001:0006512C       Finalization
 0001:00065164       Finalization
 0001:000055D0       Finalization
 0001:0006519C       Finalization
 0001:000651D4       Finalization
 0001:0006520C       Finalization
 0001:00065244       Finalization
 0001:000653A8       Finalization
 0001:000653E0       Finalization
 0001:00065438       Finalization
 0001:00067170       Finalization
 0001:0001E078       Finalization
 0001:00066200       Finalization
 0001:0001E398       Finalization
 0001:000662D8       Finalization
 0001:00029DD4       Finalization
 0001:00005660       Finalization
 0001:00029D9C       Finalization
 0001:00029D54       Finalization
 0001:00029CB4       Finalization
 0001:00029C7C       Finalization
 0001:00066A10       Finalization
 0001:00029C44       Finalization
 0001:0000676C       Finalization
 0001:00066C4C       Finalization
 0001:00029C0C       Finalization
 0001:0000643C       Finalization
 0001:00066C84       Finalization
 0001:00066CBC       Finalization
 0001:00006404       Finalization
 0001:00029BBC       Finalization
 0001:00066CFC       Finalization
 0001:00029B84       Finalization
 0001:00066D34       Finalization
 0001:00029B14       Finalization
 0001:00067138       Finalization
 0001:00066D78       Finalization
 0001:00066DD4       Finalization
 0001:00066F08       Finalization
 0001:00066F64       Finalization
 0001:00066F9C       Finalization
 0001:00067008       Finalization
 0001:00067058       Finalization
 0001:00067100       Finalization
 0001:00029190       Finalization
 0001:000670C8       Finalization
 0001:00067090       Finalization
 0001:00028FE4       Finalization
 0001:0002768C       Finalization
 0001:0002786C       Finalization
 0001:00027B24       Finalization
 0001:00027C20       Finalization
 0001:00027C58       Finalization
 0001:00028C40       Finalization
 0001:00028C88       Finalization
 0001:00028CC0       Finalization
 0001:00046324       Finalization
 0001:00004428       FinalizeArray
 0001:00067654       FinalizeSysInfo
 0001:00002EDC       FinalizeUnits
 0001:00063384       FinalizeWMPrintClientFix
 0001:0004CDAC       Find
 0001:00004714       FindBS
 0001:000162D8       FindClass
 0001:0000467C       FindClassHInstance
 0001:00000244       FindClose
 0001:000057CC       FindClose
 0001:00000DF4       FindCommitted
 0001:00050BA0       FindControl
 0001:0005D26C       FindControlAtPos
 0001:00013404       FindCustomVariantType
 0001:000134BC       FindCustomVariantType
 0001:000525C0       FindDragTarget
 0001:0001A2D4       FindExistingComponent
 0001:0000024C       FindFirstFile
 0001:000057D4       FindFirstFile
 0001:0003BF9C       FindGlobalComponent
 0001:000166C4       FindGlobalComponent
 0002:00003868       FindGlobalComponentProcs
 0001:00004654       FindHInstance
 0001:0001656C       FindIdentToInt
 0001:0006EF90       FindMonitor
 0002:00003A78       FindMsg
 0001:00019464       FindNestedComponent
 0001:00048FB4       FindPopupControl
 0001:0000D7D0       FindProc
 0001:000057DC       FindResource
 0001:000046CC       FindResourceHInstance
 0001:00045B54       FindScanline
 0001:00007B3C       FindStringResource
 0001:0003BEF4       FindTopMostWindow
 0001:0001B1B8       FindUniqueName
 0001:000130A4       FindVarData
 0001:0005258C       FindVCLWindow
 0001:00005D7C       FindWindow
 0001:00038964       FindWinHelp
 0001:00063304       FindWMPrintClient
 0001:00063290       FixedWMPrintClient
 0001:00024B38       FixupBitFields
 0002:00000DB0       Flags
 0002:000037A4       FLanguages
 0001:00029014       FlatSB
 0002:00003948       FlatSB_EnableScrollBar
 0002:00003954       FlatSB_GetScrollInfo
 0002:00003958       FlatSB_GetScrollPos
 0002:00003950       FlatSB_GetScrollRange
 0002:00003960       FlatSB_SetScrollInfo
 0002:0000395C       FlatSB_SetScrollPos
 0001:00028D04       FlatSB_SetScrollProp
 0002:00003964       FlatSB_SetScrollRange
 0002:0000394C       FlatSB_ShowScrollBar
 0001:00008A88       FloatToDecimal
 0001:00008DC8       FloatToStr
 0001:000087B4       FloatToText
 0001:00001D50       Flush
 0002:00000188       FMSecsPerDay
 0001:000086A8       FmtStr
 0001:000734BC       FmxUtils
 0002:00000BA4       FocusCount
 0002:00000BA0       FocusMessages
 0002:00000684       FontCharsets
 0002:00003914       FontManager
 0002:000007BC       ForceCurrentDirectory
 0001:0003BF70       ForegroundTask
 0002:00004224       Form1
 0001:00008694       Format
 0002:00000190       Format
 0001:00008284       FormatBuf
 0001:00008278       FormatClearStr
 0001:000081FC       FormatError
 0002:0000016C       FormatErrorStrs
 0001:000057E4       FormatMessage
 0001:00008254       FormatVarToStr
 0001:00046380       Forms
 0001:00002038       FPower10
 0002:000007B8       FPrinter
 0001:0002D71C       Frame3D
 0001:00005D84       FrameRect
 0001:0000CD2C       FreeAndNil
 0001:00000AF4       FreeCommitted
 0001:0000112C       FreeCurAlloc
 0001:00052680       FreeDeviceContext
 0001:0005273C       FreeDeviceContexts
 0001:0001D5B8       FreeIntConstList
 0001:000057EC       FreeLibrary
 0001:00000254       FreeLibrary
 0001:00024694       FreeMemoryContexts
 0001:0001D6EC       FreeObjectInstance
 0001:000057FC       FreeResource
 0001:000006C4       FreeSpace
 0001:0000C82C       FreeTerminateProcs
 0001:000291C8       FreeThemeLibrary
 0001:00067A38       FreeTypeData
 0002:00003B18       FRichEditModule
 0002:0000191C       GDateHook
 0002:00001920       GDefaultComboEditImagesList
 0001:0002153C       GDICheck
 0001:00021494       GDIError
 0001:00001CB4       Get8087CW
 0001:00005804       GetACP
 0001:00005D8C       GetActiveWindow
 0001:0004389C       GetAnimation
 0001:0002B35C       GetAveCharSize
 0001:00005A84       GetBitmapBits
 0001:00000380       GetBlockDesc
 0001:00005A8C       GetBrushOrgEx
 0001:0006A3CC       GetBrushPattern
 0001:0000621C       GetBValue
 0001:00005D94       GetCapture
 0001:00050EBC       GetCaptureControl
 0001:00016284       GetClass
 0001:00005D9C       GetClassInfo
 0001:00005DA4       GetClassName
 0001:00005DAC       GetClientRect
 0001:00005DB4       GetClipboardData
 0001:000231CC       GetClipboardFormats
 0001:00005A94       GetClipBox
 0001:00005A9C       GetClipRgn
 0001:0000031C       GetCmdShow
 0001:000465C0       GetColor
 0001:00033C54       GetComCtlVersion
 0001:0000025C       GetCommandLine
 0001:00000908       GetCommitted
 0001:000009B0       GetCommittedAt
 0001:00057D3C       GetControlAtPos
 0001:0000936C       GetCount
 0001:0000580C       GetCPInfo
 0001:00005AA4       GetCurrentPositionEx
 0001:00005814       GetCurrentProcess
 0001:0000581C       GetCurrentProcessId
 0002:00003A2C       GetCurrentThemeName
 0001:0000030C       GetCurrentThreadId
 0001:00005824       GetCurrentThreadId
 0001:000061A0       GetCurrentTime
 0001:00005DBC       GetCursor
 0001:00045B64       GetCursorHeightMargin
 0001:00005DC4       GetCursorPos
 0001:0000939C       GetDate
 0001:0000582C       GetDateFormat
 0001:0000A07C       GetDateOrder
 0001:00005DCC       GetDC
 0001:00005DD4       GetDCEx
 0001:00005AAC       GetDCOrgEx
 0001:00027294       GetDefFontCharSet
 0001:00005DDC       GetDesktopWindow
 0001:00005AC4       GetDeviceCaps
 0001:000224CC       GetDIB
 0001:00005AB4       GetDIBColorTable
 0001:00005ABC       GetDIBits
 0001:00022414       GetDIBSizes
 0001:000216AC       GetDInColors
 0001:00005834       GetDiskFreeSpaceA
 0002:00000140       GetDiskFreeSpaceEx
 0001:00005DE4       GetDlgItem
 0001:00073510       GetDLGNew
 0001:0005E524       GetDockAlign
 0001:00051864       GetDockSiteAtPos
 0001:00051B90       GetDropCtl
 0001:000026C8       GetDynaMethod
 0001:00063280       GetDynamicAddressList
 0001:00063278       GetDynamicIndexList
 0001:0006326C       GetDynamicMethodCount
 0001:00005ACC       GetEnhMetaFileBits
 0001:00005AD4       GetEnhMetaFileHeader
 0001:00005ADC       GetEnhMetaFilePaletteEntries
 0001:00013838       GetEnumNameValue
 0001:00013884       GetEnumValue
 0001:0000AB5C       GetEraNamesAndYearOffsets
 0001:0000A110       GetEraYearOffset
 0001:00014078       GetErrorInfo
 0001:0000B4E4       GetExceptionClass
 0001:0000B6D0       GetExceptionObject
 0001:0001620C       GetFieldClassTable
 0001:0000583C       GetFileAttributes
 0001:000231AC       GetFileFormats
 0001:0000B940       GetFileVersion
 0001:000059C4       GetFileVersionInfo
 0001:000059CC       GetFileVersionInfoSize
 0001:00005DEC       GetFocus
 0001:0001FEDC       GetFontData
 0001:00005DF4       GetForegroundWindow
 0001:0000C2A0       GetFormatSettings
 0001:00005844       GetFullPathName
 0001:00006218       GetGValue
 0001:0001F424       GetHashCode
 0001:00040D34       GetHelpInfo
 0001:000280D8       GetHelpSystem
 0001:0006A110       GetHighlightColor
 0001:00043680       GetHint
 0001:00063B88       GetHintColor
 0001:000436B8       GetHintControl
 0001:0004E4DC       GetHotkey
 0001:00005DFC       GetIconInfo
 0001:00065D44       GetIDsOfNames
 0001:0007363C       GetInterfaceVersion
 0001:00005E14       GetKeyboardLayout
 0001:00005E1C       GetKeyboardLayoutList
 0001:00005E24       GetKeyboardState
 0001:00002324       GetKeyboardType
 0001:00005E04       GetKeyNameText
 0001:00005E0C       GetKeyState
 0001:00005E2C       GetLastActivePopup
 0001:0005C7EC       GetLastChildZone
 0001:0000584C       GetLastError
 0001:0000A920       GetLocaleChar
 0001:0000585C       GetLocaleInfo
 0001:00000264       GetLocaleInfo
 0001:0000A8D4       GetLocaleStr
 0001:00005854       GetLocalTime
 0001:00050E24       GetLongHint
 0001:00005AE4       GetMapMode
 0001:00005E34       GetMenu
 0001:00040CBC       GetMenuHelpContext
 0001:00005E3C       GetMenuItemCount
 0001:00005E44       GetMenuItemID
 0001:00005E4C       GetMenuItemInfo
 0001:0004B5F8       GetMenuSize
 0001:00005E54       GetMenuState
 0001:00005E5C       GetMenuString
 0001:0000026C       GetModuleFileName
 0001:00005864       GetModuleFileName
 0001:00000274       GetModuleHandle
 0001:0000586C       GetModuleHandle
 0001:00067914       GetModulePath
 0002:000038A0       GetMonitorInfo
 0002:000038A4       GetMonitorInfoA
 0002:000038A8       GetMonitorInfoW
 0001:0000A984       GetMonthDayNames
 0001:000673B4       GetNativeSystemInfo
 0001:00005E64       GetNextWindow
 0001:00005AEC       GetObject
 0001:00029D8C       GetOpenFileName
 0001:00013958       GetOrdProp
 0001:00005AF4       GetPaletteEntries
 0001:00066710       GetParamStr
 0001:00005E6C       GetParent
 0001:0003C168       GetParentForm
 0001:00005AFC       GetPixel
 0001:000735B4       GetPluginDescription
 0001:00073578       GetPluginName
 0001:00005874       GetPrivateProfileString
 0001:0000027C       GetProcAddress
 0001:0000587C       GetProcAddress
 0001:00005E74       GetProp
 0001:000138E8       GetPropInfo
 0001:0003C628       GetRealScrollPosition
 0001:000465A0       GetRGBColor
 0001:00006214       GetRValue
 0001:00029D94       GetSaveFileName
 0001:00005E7C       GetScrollInfo
 0001:00005E84       GetScrollPos
 0001:00005E8C       GetScrollRange
 0001:0006A178       GetShadowColor
 0001:00050DE0       GetShortHint
 0001:000005E8       GetSpace
 0001:0000064C       GetSpaceAt
 0001:00049044       GetSpecialName
 0001:00000284       GetStartupInfo
 0001:00005884       GetStdHandle
 0001:00000204       GetStdHandle
 0001:00005B04       GetStockObject
 0001:0000588C       GetStringTypeEx
 0001:00005894       GetStringTypeExA
 0001:00005E94       GetSubMenu
 0001:00005E9C       GetSysColor
 0001:00005EA4       GetSysColorBrush
 0001:0000589C       GetSystemInfo
 0001:00005EAC       GetSystemMenu
 0001:00005EB4       GetSystemMetrics
 0002:00003890       GetSystemMetrics
 0001:00005B0C       GetSystemPaletteEntries
 0001:00005B1C       GetTextExtentPoint
 0001:00005B14       GetTextExtentPoint32
 0001:00005B24       GetTextMetrics
 0002:00003A24       GetThemeAppProperties
 0002:00003990       GetThemeBackgroundContentRect
 0002:00003994       GetThemeBackgroundExtent
 0002:000039A4       GetThemeBackgroundRegion
 0002:000039C8       GetThemeBool
 0002:000039BC       GetThemeColor
 0002:00003A30       GetThemeDocumentationProperty
 0002:000039D0       GetThemeEnumValue
 0002:000039F0       GetThemeFilename
 0002:000039D8       GetThemeFont
 0002:000039CC       GetThemeInt
 0002:000039E4       GetThemeIntList
 0002:000039E0       GetThemeMargins
 0002:000039C0       GetThemeMetric
 0002:00003998       GetThemePartSize
 0002:000039D4       GetThemePosition
 0002:000039E8       GetThemePropertyOrigin
 0002:000039DC       GetThemeRect
 0002:000039C4       GetThemeString
 0002:000039FC       GetThemeSysBool
 0002:000039F4       GetThemeSysColor
 0002:000039F8       GetThemeSysColorBrush
 0002:00003A04       GetThemeSysFont
 0002:00003A0C       GetThemeSysInt
 0002:00003A00       GetThemeSysSize
 0002:00003A08       GetThemeSysString
 0002:0000399C       GetThemeTextExtent
 0002:000039A0       GetThemeTextMetrics
 0001:0000028C       GetThreadLocale
 0001:000058A4       GetThreadLocale
 0001:000058AC       GetTickCount
 0001:000093D4       GetTime
 0001:00005478       GetTlsSize
 0001:00043E60       GetTopMostWindows
 0001:00050FC4       GetTopParent
 0001:00005EBC       GetTopWindow
 0001:0001382C       GetTypeData
 0001:00000314       GetVersion
 0001:000058B4       GetVersion
 0001:00066CF4       GetVersionEx
 0001:000058BC       GetVersionEx
 0001:00005EC4       GetWindow
 0001:00005ECC       GetWindowDC
 0001:00005ED4       GetWindowLong
 0001:00005B34       GetWindowOrgEx
 0001:00005EDC       GetWindowPlacement
 0001:00005EE4       GetWindowRect
 0001:000671C8       GetWindowsVersion
 0001:00005EEC       GetWindowText
 0002:00003A18       GetWindowTheme
 0001:00005EF4       GetWindowThreadProcessId
 0001:00005EFC       GetWindowThreadProcessId
 0001:00005B2C       GetWinMetaFileBits
 0002:00001924       GFileImageIndex
 0002:00001928       GFileImageIndexXP
 0001:000058C4       GlobalAddAtom
 0001:000058CC       GlobalAlloc
 0001:000061AC       GlobalAllocPtr
 0001:000058D4       GlobalDeleteAtom
 0001:000058DC       GlobalFindAtom
 0002:0000386C       GlobalFixupList
 0001:000195AC       GlobalFixupReferences
 0001:000058E4       GlobalFree
 0001:000061D8       GlobalFreePtr
 0001:000058F4       GlobalHandle
 0001:000058EC       GlobalLock
 0002:00003850       GlobalNameSpace
 0002:000018B8       GlobalPattern
 0001:000058FC       GlobalReAlloc
 0001:000061BC       GlobalReAllocPtr
 0001:00005904       GlobalUnlock
 0002:00004204       GlyphCache
 0002:00000A88       GlyphCache
 0001:0002720C       GraphicFilter
 0001:00027760       Graphics
 0001:00065410       Grids
 0001:00016400       GroupDescendentsWith
 0002:000003C0       GUID_NULL
 0001:0000E5E8       HandleConversionException
 0001:00063944       HandleDotNetHighlighting
 0001:00040F3C       HandleEdge
 0001:0001AA10       HandleException
 0001:000663F4       HasAny
 0002:00000024       HeapAllocFlags
 0002:000035C8       heapErrorCode
 0002:000035CC       heapLock
 0001:00028C80       HelpIntfs
 0002:0000393C       HelpManager
 0002:00003A74       HelpMsg
 0002:00003B3C       HelpViewer
 0002:00003B40       HelpViewerIntf
 0002:0000013C       HexDisplayPrefix
 0001:0001C358       HexToBin
 0001:00005F04       HideCaret
 0002:00000B70       HideSelections
 0001:0005E5A0       HideZone
 0002:00003668       HInstance
 0002:00003B5C       HintDoneEvent
 0001:00043788       HintGetMsgHook
 0002:00003B60       HintHook
 0001:0004372C       HintMouseThread
 0002:00003B64       HintThread
 0002:00003B58       HintThreadID
 0001:000436D8       HintTimerProc
 0002:00000B98       HintWindowClass
 0002:000039A8       HitTestThemeBackground
 0001:000437CC       HookHintHooks
 0001:0000630C       HwndMSWheel
 0002:00000D54       IBreaks
 0002:00000D60       IChecks
 0002:00000838       IconIDs
 0002:00000D68       IDefaults
 0001:0001FECC       IdentToCharset
 0001:0001FCC4       IdentToColor
 0001:00050DD0       IdentToCursor
 0001:000165E8       IdentToInt
 0002:00000D70       IEnables
 0001:0004C39C       IfHotkeyAvailable
 0002:00001840       IgnorePropertyList
 0001:00068C40       ImageListDrawDisabled
 0002:00003B70       ImageListWriteExProc
 0001:00027B74       ImageList_Add
 0001:00027B94       ImageList_AddIcon
 0001:00027BC0       ImageList_BeginDrag
 0001:00027B5C       ImageList_Create
 0001:00027B64       ImageList_Destroy
 0001:00027BD0       ImageList_DragEnter
 0001:00027BD8       ImageList_DragLeave
 0001:00027BE0       ImageList_DragMove
 0001:00027BF0       ImageList_DragShowNolock
 0001:00027BA0       ImageList_Draw
 0001:00027BB0       ImageList_DrawEx
 0001:00027BC8       ImageList_EndDrag
 0001:00027B8C       ImageList_GetBkColor
 0001:00027BF8       ImageList_GetDragImage
 0001:00027C10       ImageList_GetIconSize
 0001:00027B6C       ImageList_GetImageCount
 0001:00027C00       ImageList_Read
 0001:00027BB8       ImageList_Remove
 0001:00027BA8       ImageList_Replace
 0001:00027B7C       ImageList_ReplaceIcon
 0001:00027B84       ImageList_SetBkColor
 0001:00027BE8       ImageList_SetDragCursorImage
 0001:00027C18       ImageList_SetIconSize
 0001:00027C08       ImageList_Write
 0002:00000CC4       Images
 0001:0004807C       ImgList
 0001:00027C88       Imm
 0002:00000EF0       IMM32DLL
 0001:0005F19C       Imm32IsIME
 0002:0000018C       IMSecsPerDay
 0001:0000E6D4       InBounds
 0001:0000E974       InBounds
 0001:0000BDE4       IncludeTrailingPathDelimiter
 0001:0000E9A4       Increment
 0001:0000E704       Increment
 0001:00005F0C       InflateRect
 0002:000013E4       InfMantissa
 0001:00033A48       IniFiles
 0001:00000B88       InitAllocator
 0001:0001D930       InitAnApi
 0002:000038B8       InitApis
 0001:00066188       InitComObj
 0001:00016890       InitComponent
 0002:00003638       InitContext
 0001:0005F238       InitControls
 0001:000272D8       InitDefFontData
 0001:0000C858       InitDriveSpacePtr
 0001:0000B7AC       InitExceptions
 0001:00028D60       InitFlatSB
 0001:0002C078       InitGlobals
 0001:000222CC       InitializeBitmapInfoHeader
 0001:00000360       InitializeCriticalSection
 0001:0000590C       InitializeCriticalSection
 0002:000035C4       initialized
 0001:00028D38       InitializeFlatSB
 0001:0000557C       InitializeModule
 0001:0000D7FC       InitializeVarUtils
 0001:00063348       InitializeWMPrintClientFix
 0001:0005EE3C       InitIMM32
 0001:00016938       InitInheritedComponent
 0001:0000C0B0       InitLeadBytes
 0001:0001E00C       InitMultiMonStubs
 0001:0000B8B0       InitPlatformId
 0002:00003044       InitProc
 0001:000054C4       InitProcessTLS
 0001:00046298       InitProcs
 0001:00069090       InitScreenCursors
 0001:0002725C       InitScreenLogPixels
 0001:00067478       InitSysInfo
 0001:0000C128       InitSysLocale
 0001:00029388       InitThemeLibrary
 0001:0001C3B0       InitThreadSynchronization
 0001:00005480       InitThreadTLS
 0001:00002F4C       InitUnits
 0001:00050AB4       InitWndProc
 0002:00000E90       InnerStyles
 0002:00003050       Input
 0001:00056578       InsertBefore
 0001:000431B0       InsertBefore
 0001:00001034       InsertFree
 0001:0004C450       InsertHotkeyFarEastFormat
 0001:00005F14       InsertMenu
 0001:00005F1C       InsertMenuItem
 0002:00003888       InstBlockList
 0002:0000388C       InstFreeList
 0002:00003860       IntConstList
 0002:00001434       IntelCacheDescription
 0001:00000304       InterlockedDecrement
 0001:0000C8C0       InterlockedDecrement
 0001:000057F4       InterlockedExchange
 0001:0000C8CC       InterlockedExchange
 0001:0000C8D4       InterlockedExchangeAdd
 0001:0000C8B4       InterlockedIncrement
 0001:000002FC       InterlockedIncrement
 0001:0001F3B0       InternalDeletePalette
 0001:00001D08       InternalFlush
 0002:00001354       InternalFocusedColor
 0001:00000E74       InternalFreeMem
 0001:0002241C       InternalGetDIB
 0001:000223B0       InternalGetDIBSizes
 0001:00016728       InternalReadComponentRes
 0002:00003B24       InternalServices
 0002:00001358       InternalUnfocusedColor
 0001:000037EC       InternalUniqueString
 0001:00005B3C       IntersectClipRect
 0001:00005F24       IntersectRect
 0001:00007870       IntToHex
 0001:00016628       IntToIdent
 0001:0000775C       IntToStr
 0001:00007848       IntToStr
 0001:00005F2C       InvalidateRect
 0001:00005F34       InvalidateRgn
 0001:0002141C       InvalidBitmap
 0001:00021404       InvalidGraphic
 0001:00021428       InvalidIcon
 0001:00021434       InvalidMetafile
 0001:000213EC       InvalidOperation
 0001:00015794       InvalidPoint
 0002:000037A0       InvalidPointer
 0001:00002574       InvokeImplGetter
 0001:00001C38       IOResult
 0002:00000D90       IOwnerDraw
 0002:00000D78       IRadios
 0002:00000D88       IRTL
 0001:0003C0F8       IsAccel
 0001:0004D630       IsAccelChar
 0002:00003A14       IsAppThemed
 0001:0005161C       IsBeforeTargetWindow
 0001:00005F3C       IsCharAlpha
 0001:00005F44       IsCharAlphaNumeric
 0001:00005F4C       IsChild
 0002:0000304C       IsConsole
 0001:0000BDA0       IsDelimiter
 0001:00051A78       IsDelphiHandle
 0001:00005F54       IsDialogMessage
 0002:00000D80       ISeparators
 0001:00068EEC       IsForegroundTask
 0001:00005F5C       IsIconic
 0001:0004D68C       IsInitialChar
 0001:00063074       IsInvalidRect
 0001:0006173C       IsKatakana
 0001:00009004       IsLeapYear
 0002:00003038       IsLibrary
 0001:0005FB58       IsLiteralChar
 0002:0000304D       IsMultiThread
 0001:0005C250       IsOrientationSet
 0001:0000BD6C       IsPathDelimiter
 0001:00005F64       IsRectEmpty
 0001:00051820       IsSiteChildOfClient
 0002:00003A10       IsThemeActive
 0002:000039B8       IsThemeBackgroundPartiallyTransparent
 0002:00003A20       IsThemeDialogTextureEnabled
 0002:000039B4       IsThemePartDefined
 0001:00016704       IsUniqueGlobalComponentName
 0002:00003854       IsUniqueGlobalComponentNameProc
 0001:000076AC       IsValidIdent
 0001:0000C110       IsWesternGroup
 0002:00001420       IsWin2003
 0002:00001428       IsWin2003R2
 0002:00001418       IsWin2K
 0002:000013EC       IsWin95
 0002:000013F0       IsWin95OSR2
 0002:000013F4       IsWin98
 0002:000013F8       IsWin98SE
 0001:00005F6C       IsWindow
 0001:00005F74       IsWindowEnabled
 0001:00005F7C       IsWindowVisible
 0002:00001430       IsWinLonghorn
 0002:000013FC       IsWinME
 0002:00001400       IsWinNT
 0002:00001404       IsWinNT3
 0002:00001408       IsWinNT31
 0002:0000140C       IsWinNT35
 0002:00001410       IsWinNT351
 0002:00001414       IsWinNT4
 0002:0000142C       IsWinVista
 0002:0000141C       IsWinXP
 0002:00001424       IsWinXP64
 0001:00005F84       IsZoomed
 0001:00049410       Iterate
 0001:00049470       IterateMenus
 0001:00066F94       Jcl8087
 0001:00066CB4       JclBase
 0001:00066D64       JclConsole
 0001:0006790C       JclDateTime
 0001:00067A30       JclFileUtils
 0001:000671A0       JclIniFiles
 0001:00066E04       JclLogic
 0001:00066FCC       JclMath
 0001:00067C28       JclMime
 0001:00067168       JclRegistry
 0001:00066C7C       JclResources
 0001:00067BDC       JclRTTI
 0001:000678D4       JclSecurity
 0001:0006789C       JclShell
 0001:00066F50       JclStrings
 0001:00067844       JclSysInfo
 0001:00067050       JclSysUtils
 0001:00066DC0       JclWideStrings
 0001:00066D2C       JclWin32
 0002:0000002C       JITEnable
 0001:00067F2C       JvAppStorage
 0001:0006D58C       JvBaseDlg
 0001:0006D5C4       JvBrowseFolder
 0001:00069214       JvButton
 0001:00063464       JVCLVer
 0001:000653D8       JvComponent
 0001:00065194       JvComponentBase
 0001:00062010       JvConsts
 0001:00065274       JvExComCtrls
 0001:000643C8       JvExControls
 0001:000651CC       JvExExtCtrls
 0001:00065204       JvExForms
 0001:0006D5FC       JvExGrids
 0001:000650E4       JvExMask
 0001:0006523C       JvExStdCtrls
 0001:00066AAC       JvJCLUtils
 0001:000691C8       JvJVCLUtils
 0001:0006D634       JvPickDate
 0001:00067F78       JvProgressUtils
 0001:00067DF8       JvPropertyStore
 0001:000622D8       JvResources
 0001:0006D554       JvSpeedButton
 0001:000633F0       JvThemes
 0001:0007322C       JvToolEdit
 0001:00063060       JvTypes
 0001:0006515C       JvVCL5Utils
 0001:00061FD8       JvWin32
 0002:000041BC       KernelVersionHi
 0001:0003C0AC       KeyboardStateToShiftState
 0001:0003C070       KeyDataToShiftState
 0001:0003C01C       KeysToShiftState
 0001:00066948       KillMessage
 0001:00005F8C       KillTimer
 0001:00007DB4       LastDelimiter
 0001:000052A0       LCIDToCodePage
 0001:0000C03C       LCIDToCodePage
 0002:0000011C       LeadBytes
 0001:00000370       LeaveCriticalSection
 0001:00005914       LeaveCriticalSection
 0002:00000034       LibModuleList
 0001:00005B44       LineTo
 0001:00033BAC       ListActns
 0001:00052608       ListAdd
 0001:00052630       ListRemove
 0002:00003756       ListSeparator
 0001:00005F94       LoadBitmap
 0001:00066E44       LoadCaseMap
 0001:00066E0C       LoadCharTypes
 0001:000657C8       LoadComExProcs
 0001:00005F9C       LoadCursor
 0001:0006F0E4       LoadDefaultBitmap
 0001:00005FA4       LoadIcon
 0001:00005FAC       LoadKeyboardLayout
 0001:0000591C       LoadLibrary
 0001:00000294       LoadLibraryEx
 0001:00005924       LoadResource
 0001:00004918       LoadResourceModule
 0001:00005248       LoadResString
 0001:00007BB0       LoadStr
 0001:0000029C       LoadString
 0001:00005FB4       LoadString
 0001:00000340       LocalAlloc
 0001:0000543C       LocalAlloc
 0001:00005444       LocalFree
 0001:00000348       LocalFree
 0001:0000A948       LocalGetLocaleStr
 0002:00003A48       Lock
 0001:0000592C       LockResource
 0002:00003698       LongDateFormat
 0002:0000372C       LongDayNames
 0002:000036E0       LongMonthNames
 0002:000036AC       LongTimeFormat
 0001:00066570       LongToShortFileName
 0001:00007400       LowerCase
 0001:000059BC       lstrcpy
 0001:000002A4       lstrcpyn
 0002:00003828       LVarTypes
 0002:0000382C       LVarTypeSync
 0002:00003030       MainInstance
 0002:00003034       MainThreadID
 0001:00000404       MakeEmpty
 0001:00003110       MakeErrorMessage
 0002:00000EDC       MakeLast
 0001:00006194       MakeLong
 0001:0001D654       MakeObjectInstance
 0001:000061EC       MakeROP4
 0001:0000624C       MakeWParam
 0001:0000B464       MapException
 0001:00033B1C       Mapi
 0002:00000AB4       MAPIDLL
 0002:00000AB8       MAPIModule
 0001:00002D54       MapToRunError
 0001:00005FBC       MapVirtualKey
 0001:00005FC4       MapWindowPoints
 0001:00061FA0       Mask
 0002:00000CCC       Mask
 0001:00005B4C       MaskBlt
 0001:0005F710       MaskDoFormatText
 0002:00000F00       MaskFieldSeparator
 0001:0005F520       MaskGetCharType
 0001:0005F674       MaskGetCurrentDirectives
 0001:0005F9B0       MaskGetMaskBlank
 0001:0005F92C       MaskGetMaskSave
 0001:0005F6F0       MaskIntlLiteralToChar
 0002:00000F04       MaskNoSave
 0001:0005FAA8       MaskOffsetToOffset
 0001:0005FA1C       MaskOffsetToString
 0001:0005FF20       MaskUtils
 0001:0002789C       Math
 0001:00027864       Max
 0001:0003E9C8       MaximizedChildren
 0002:0000003C       MemoryManager
 0002:00000CE8       MenuKeyCaps
 0001:0004E6AC       Menus
[...]
 0002:00000C14       ShowCommands
 0002:00000C20       cUseAlpha
 0002:00000C28       cUseColorKey
 0002:00000C30       CursorMap
 0002:00000C84       WindowClass
 0002:00000CAC       AppVisible
 0002:00000CB0       ShowFlags
 0002:00000CB4       DrawingStyles
 0002:00000CC4       Images
 0002:00000CCC       Mask
 0002:00000CD4       ValidMenuHotkeys
 0002:00000CD8       cMenuAutoFlagToItem
 0002:00000CDC       cItemAutoFlagToMenu
 0002:00000CE0       cBooleanToItemAutoFlag
 0002:00000CE4       cItemAutoFlagToBoolean
 0002:00000CE8       MenuKeyCaps
 0002:00000D30       Checks
 0002:00000D38       Enables
 0002:00000D40       Breaks
 0002:00000D4C       Separators
 0002:00000D54       IBreaks
 0002:00000D60       IChecks
 0002:00000D68       IDefaults
 0002:00000D70       IEnables
 0002:00000D78       IRadios
 0002:00000D80       ISeparators
 0002:00000D88       IRTL
 0002:00000D90       IOwnerDraw
 0002:00000D98       Alignments
 0002:00000DA0       EdgeStyle
 0002:00000DA8       Alignments
 0002:00000DB0       Flags
 0002:00000DBC       Buttons
 0002:00000DC0       AnimateWindowProc
 0002:00000DC4       CreationControl
 0002:00000DC8       DefaultDockTreeClass
 0002:00000DCC       AnchorAlign
 0002:00000DD4       Cursors
 0002:00000E84       CaptureControl
 0002:00000E88       ShowFlags
 0002:00000E8C       WindowPos
 0002:00000E90       InnerStyles
 0002:00000EA0       OuterStyles
 0002:00000EB0       EdgeStyles
 0002:00000EC0       Ctl3DStyles
 0002:00000EC8       AnimationStyle
 0002:00000ED4       OrientArray
 0002:00000EDC       MakeLast
 0002:00000EE4       TreeStreamEndFlag
 0002:00000EE8       SizeCursors
 0002:00000EF0       IMM32DLL
 0002:00000EF4       ModeMap
 0002:00000EFC       DefaultBlank
 0002:00000F00       MaskFieldSeparator
 0002:00000F04       MaskNoSave
 0002:00000F08       ArrowKey
 0002:00000F0C       crMultiDragLink
 0002:00000F10       crDragAlt
 0002:00000F14       crMultiDragAlt
 0002:00000F18       crMultiDragLinkAlt
 0002:00000F1C       ColorValues
 0002:0000100C       StandardColorValues
 0002:000011EC       SysColorValues
 0002:00001354       InternalFocusedColor
 0002:00001358       InternalUnfocusedColor
 0002:0000135C       CoCreateInstanceEx
 0002:00001360       CoInitializeEx
 0002:00001364       CoAddRefServerProcess
 0002:00001368       CoReleaseServerProcess
 0002:0000136C       CoResumeClassObjects
 0002:00001370       CoSuspendClassObjects
 0002:00001374       CoInitFlags
 0002:00001378       ThreadStrs
 0002:0000138C       Day
 0002:00001398       Month
 0002:000013A4       Year
 0002:000013B0       Week
 0002:000013C0       TRUE_STRINGS
 0002:000013D4       WideCRLF
 0002:000013D8       AnsiCaseMapReady
 0002:000013DC       Bools
 0002:000013E4       InfMantissa
 0002:000013EC       IsWin95
 0002:000013F0       IsWin95OSR2
 0002:000013F4       IsWin98
 0002:000013F8       IsWin98SE
 0002:000013FC       IsWinME
 0002:00001400       IsWinNT
 0002:00001404       IsWinNT3
 0002:00001408       IsWinNT31
 0002:0000140C       IsWinNT35
 0002:00001410       IsWinNT351
 0002:00001414       IsWinNT4
 0002:00001418       IsWin2K
 0002:0000141C       IsWinXP
 0002:00001420       IsWin2003
 0002:00001424       IsWinXP64
 0002:00001428       IsWin2003R2
 0002:0000142C       IsWinVista
 0002:00001430       IsWinLonghorn
 0002:00001434       IntelCacheDescription
 0002:00001830       ProcessorCount
 0002:00001834       AllocGranularity
 0002:00001838       PageSize
 0002:0000183C       RtdlMsiLibHandle
 0002:00001840       IgnorePropertyList
 0002:00001880       ProgressList
 0002:00001884       DefCompanyName
 0002:00001888       DrawBitmap
 0002:0000188C       ButtonNames
 0002:000018B8       GlobalPattern
 0002:000018BC       Alignments
 0002:000018C4       WordWraps
 0002:000018C8       TempBrushBitmap
 0002:000018CC       CLSID_AutoComplete
 0002:000018DC       CLSID_ACLHistory
 0002:000018EC       CLSID_ACListISF
 0002:000018FC       CLSID_ACLMRU
 0002:0000190C       CLSID_ACLMulti
 0002:0000191C       GDateHook
 0002:00001920       GDefaultComboEditImagesList
 0002:00001924       GFileImageIndex
 0002:00001928       GFileImageIndexXP
 0002:0000192C       AlignStyle
 0002:00001944       Alignments
 0002:00001950       sEnumValues
 0002:00001984       CaretWidth
 0002:0000198C       cAutoCompleteOptionValues
 0002:00003000       DispCallByIDProc
 0002:00003004       ExceptProc
 0002:00003008       ErrorProc
 0002:0000300C       ExceptClsProc
 0002:00003010       ExceptObjProc
 0002:00003014       RaiseExceptionProc
 0002:00003018       RTLUnwindProc
 0002:0000301C       ExceptionClass
 0002:00003020       SafeCallErrorProc
 0002:00003024       AssertErrorProc
 0002:00003028       ExitProcessProc
 0002:0000302C       AbstractErrorProc
 0002:00003030       MainInstance
 0002:00003034       MainThreadID
 0002:00003038       IsLibrary
 0002:0000303C       CmdShow
 0002:00003040       CmdLine
 0002:00003044       InitProc
 0002:00003048       ExitProc
 0002:0000304C       IsConsole
 0002:0000304D       IsMultiThread
 0002:0000304E       Test8086
 0002:00003050       Input
 0002:0000321C       Output
 0002:000033E8       ErrOutput
 0002:000035B4       AllocMemCount
 0002:000035B8       AllocMemSize
 0002:000035BC       .5
 0002:000035C0       DefaultUserCodePage
 0002:000035C4       initialized
 0002:000035C8       heapErrorCode
 0002:000035CC       heapLock
 0002:000035E4       blockDescBlockList
 0002:000035E8       blockDescFreeList
 0002:000035EC       spaceRoot
 0002:000035FC       decommittedRoot
 0002:0000360C       avail
 0002:00003618       rover
 0002:0000361C       remBytes
 0002:00003620       curAlloc
 0002:00003624       smallTab
 0002:00003628       committedRoot
 0002:00003638       InitContext
 0002:00003664       ModuleIsLib
 0002:00003665       ModuleIsCpp
 0002:00003668       HInstance
 0002:0000366C       DllProc
 0002:00003670       .1
 0002:00003674       tlsBuffer
 0002:00003678       .1
 0002:0000367C       .3
 0002:00003680       .1
 0002:00003684       .1
 0002:00003688       CurrencyString
 0002:0000368C       CurrencyFormat
 0002:0000368D       NegCurrFormat
 0002:0000368E       ThousandSeparator
 0002:0000368F       DecimalSeparator
 0002:00003690       CurrencyDecimals
 0002:00003691       DateSeparator
 0002:00003694       ShortDateFormat
 0002:00003698       LongDateFormat
 0002:0000369C       TimeSeparator
 0002:000036A0       TimeAMString
 0002:000036A4       TimePMString
 0002:000036A8       ShortTimeFormat
 0002:000036AC       LongTimeFormat
 0002:000036B0       ShortMonthNames
 0002:000036E0       LongMonthNames
 0002:00003710       ShortDayNames
 0002:0000372C       LongDayNames
 0002:00003748       SysLocale
 0002:00003756       ListSeparator
 0002:00003758       EraNames
 0002:00003774       EraYearOffsets
 0002:00003790       TrueBoolStrs
 0002:00003794       FalseBoolStrs
 0002:00003798       .35
 0002:0000379C       OutOfMemory
 0002:000037A0       InvalidPointer
 0002:000037A4       FLanguages
 0002:000037A8       VariantChangeTypeEx
 0002:000037AC       VarNeg
 0002:000037B0       VarNot
 0002:000037B4       VarAdd
 0002:000037B8       VarSub
 0002:000037BC       VarMul
 0002:000037C0       VarDiv
 0002:000037C4       VarIDiv
 0002:000037C8       VarMod
 0002:000037CC       VarAnd
 0002:000037D0       VarOr
 0002:000037D4       VarXor
 0002:000037D8       VarCmp
 0002:000037DC       VarI4FromStr
 0002:000037E0       VarR4FromStr
 0002:000037E4       VarR8FromStr
 0002:000037E8       VarDateFromStr
 0002:000037EC       VarCyFromStr
 0002:000037F0       VarBoolFromStr
 0002:000037F4       VarBstrFromCy
 0002:000037F8       VarBstrFromDate
 0002:000037FC       VarBstrFromBool
 0002:00003800       .5
 0002:00003804       EmptyParam
 0002:00003814       VarDispProc
 0002:00003818       ClearAnyProc
 0002:0000381C       ChangeAnyProc
 0002:00003820       RefAnyProc
 0002:00003824       .81
 0002:00003828       LVarTypes
 0002:0000382C       LVarTypeSync
 0002:00003844       .1
 0002:00003848       .6
 0002:0000384C       .3
 0002:00003850       GlobalNameSpace
 0002:00003854       IsUniqueGlobalComponentNameProc
 0002:00003858       SyncEvent
 0002:0000385C       .45
 0002:00003860       IntConstList
 0002:00003864       RegGroups
 0002:00003868       FindGlobalComponentProcs
 0002:0000386C       GlobalFixupList
 0002:00003870       ThreadLock
 0002:00003888       InstBlockList
 0002:0000388C       InstFreeList
 0002:00003890       GetSystemMetrics
 0002:00003894       MonitorFromWindow
 0002:00003898       MonitorFromRect
 0002:0000389C       MonitorFromPoint
 0002:000038A0       GetMonitorInfo
 0002:000038A4       GetMonitorInfoA
 0002:000038A8       GetMonitorInfoW
 0002:000038AC       EnumDisplayMonitors
 0002:000038B0       .1
 0002:000038B4       User32Dll
 0002:000038B8       InitApis
 0002:000038C0       MMAvailable
 0002:000038C4       .1
 0002:000038C8       SystemPalette16
 0002:000038CC       .12
 0002:000038D0       ScreenLogPixels
 0002:000038D4       StockPen
 0002:000038D8       StockBrush
 0002:000038DC       StockFont
 0002:000038E0       StockIcon
 0002:000038E4       BitmapImageLock
 0002:000038FC       CounterLock
 0002:00003914       FontManager
 0002:00003918       PenManager
 0002:0000391C       BrushManager
 0002:00003920       CanvasList
 0002:00003924       PatternManager
 0002:00003928       .2
 0002:0000392C       .21
 0002:00003930       .1
 0002:00003934       .1
 0002:00003938       .2
 0002:0000393C       HelpManager
 0002:00003940       .3
 0002:00003944       .3
 0002:00003948       FlatSB_EnableScrollBar
 0002:0000394C       FlatSB_ShowScrollBar
 0002:00003950       FlatSB_GetScrollRange
 0002:00003954       FlatSB_GetScrollInfo
 0002:00003958       FlatSB_GetScrollPos
 0002:0000395C       FlatSB_SetScrollPos
 0002:00003960       FlatSB_SetScrollInfo
 0002:00003964       FlatSB_SetScrollRange
 0002:00003968       .1
 0002:0000396C       _FlatSB_GetScrollProp
 0002:00003970       _FlatSB_SetScrollProp
 0002:00003974       _InitializeFlatSB
 0002:00003978       _UninitializeFlatSB
 0002:0000397C       .6
 0002:00003980       OpenThemeData
 0002:00003984       CloseThemeData
 0002:00003988       DrawThemeBackground
 0002:0000398C       DrawThemeText
 0002:00003990       GetThemeBackgroundContentRect
 0002:00003994       GetThemeBackgroundExtent
 0002:00003998       GetThemePartSize
 0002:0000399C       GetThemeTextExtent
 0002:000039A0       GetThemeTextMetrics
 0002:000039A4       GetThemeBackgroundRegion
 0002:000039A8       HitTestThemeBackground
 0002:000039AC       DrawThemeEdge
 0002:000039B0       DrawThemeIcon
 0002:000039B4       IsThemePartDefined
 0002:000039B8       IsThemeBackgroundPartiallyTransparent
 0002:000039BC       GetThemeColor
 0002:000039C0       GetThemeMetric
 0002:000039C4       GetThemeString
 0002:000039C8       GetThemeBool
 0002:000039CC       GetThemeInt
 0002:000039D0       GetThemeEnumValue
 0002:000039D4       GetThemePosition
 0002:000039D8       GetThemeFont
 0002:000039DC       GetThemeRect
 0002:000039E0       GetThemeMargins
 0002:000039E4       GetThemeIntList
 0002:000039E8       GetThemePropertyOrigin
 0002:000039EC       SetWindowTheme
 0002:000039F0       GetThemeFilename
 0002:000039F4       GetThemeSysColor
 0002:000039F8       GetThemeSysColorBrush
 0002:000039FC       GetThemeSysBool
 0002:00003A00       GetThemeSysSize
 0002:00003A04       GetThemeSysFont
 0002:00003A08       GetThemeSysString
 0002:00003A0C       GetThemeSysInt
 0002:00003A10       IsThemeActive
 0002:00003A14       IsAppThemed
 0002:00003A18       GetWindowTheme
 0002:00003A1C       EnableThemeDialogTexture
 0002:00003A20       IsThemeDialogTextureEnabled
 0002:00003A24       GetThemeAppProperties
 0002:00003A28       SetThemeAppProperties
 0002:00003A2C       GetCurrentThemeName
 0002:00003A30       GetThemeDocumentationProperty
 0002:00003A34       DrawThemeParentBackground
 0002:00003A38       EnableTheming
 0002:00003A3C       .1
 0002:00003A40       ThemeLibrary
 0002:00003A44       ReferenceCount
 0002:00003A48       Lock
 0002:00003A4C       .1
 0002:00003A50       .4
 0002:00003A54       .1
 0002:00003A58       .1
 0002:00003A5C       .1
 0002:00003A60       .1
 0002:00003A64       .1
 0002:00003A68       .1
 0002:00003A6C       .1
 0002:00003A70       .11
 0002:00003A74       HelpMsg
 0002:00003A78       FindMsg
 0002:00003A7C       ButtonWidths
 0002:00003AA8       .12
 0002:00003AAC       .1
 0002:00003AB0       CF_PICTURE
 0002:00003AB2       CF_COMPONENT
 0002:00003AB4       .2
 0002:00003AB8       FClipboard
 0002:00003ABC       .1
 0002:00003AC0       .4
 0002:00003AC4       BitBtnGlyphs
 0002:00003AF0       .3
 0002:00003AF4       .8
 0002:00003AF8       .5
 0002:00003AFC       .1
 0002:00003B00       .72
 0002:00003B04       UrlMonHandle
 0002:00003B08       UrlMonInitialized
 0002:00003B0C       .8
 0002:00003B10       .36
 0002:00003B14       ShellModule
 0002:00003B18       FRichEditModule
 0002:00003B1C       ComCtlVersion
 0002:00003B20       .2
 0002:00003B24       InternalServices
 0002:00003B28       .42
 0002:00003B2C       .73
 0002:00003B30       WinHelpTester
 0002:00003B34       ViewerName
 0002:00003B38       .1
 0002:00003B3C       HelpViewer
 0002:00003B40       HelpViewerIntf
 0002:00003B44       .8
 0002:00003B48       Application
 0002:00003B4C       Screen
 0002:00003B50       .41
 0002:00003B54       RM_TaskbarCreated
 0002:00003B58       HintThreadID
 0002:00003B5C       HintDoneEvent
 0002:00003B60       HintHook
 0002:00003B64       HintThread
 0002:00003B68       .3
 0002:00003B6C       CachedComCtrlVer
 0002:00003B70       ImageListWriteExProc
 0002:00003B74       PopupList
 0002:00003B78       ShortCutItems
 0002:00003B7C       .9
 0002:00003B80       CommandPool
 0002:00003B84       Mouse
 0002:00003B88       NewStyleControls
 0002:00003B8C       .72
 0002:00003B90       WindowAtom
 0002:00003B92       ControlAtom
 0002:00003B94       WindowAtomString
 0002:00003B98       ControlAtomString
 0002:00003B9C       RM_GetObjectInstance
 0002:00003BA0       DragControl
 0002:00003BA4       DragObject
 0002:00003BA8       DragInternalObject
 0002:00003BAC       DragCapture
 0002:00003BB0       DragStartPos
 0002:00003BB8       DragSaveCursor
 0002:00003BBC       DragThreshold
 0002:00003BC0       ActiveDrag
 0002:00003BC4       DragImageList
 0002:00003BC8       DockSiteList
 0002:00003BCC       QualifyingSites
 0002:00003BD0       DragSave
 0002:00003BD4       CanvasList
 0002:00003BD8       _WINNLSEnableIME
 0002:00003BDC       _ImmGetContext
 0002:00003BE0       _ImmReleaseContext
 0002:00003BE4       _ImmGetConversionStatus
 0002:00003BE8       _ImmSetConversionStatus
 0002:00003BEC       _ImmSetOpenStatus
 0002:00003BF0       _ImmSetCompositionWindow
 0002:00003BF4       _ImmSetCompositionFont
 0002:00003BF8       _ImmGetCompositionString
 0002:00003BFC       _ImmIsIME
 0002:00003C00       _ImmNotifyIME
 0002:00003C04       .2
 0002:00003C08       .5
 0002:00003C0C       .1
 0002:00003C10       .1
 0002:00003C14       .1
 0002:00003C18       .7
 0002:00003C1C       .2
 0002:00003C20       OrgWinControlWMPrintClient
 0002:00003C24       .1
 0002:00003C28       .9
 0002:00003C2C       .3
 0002:00003C30       .5
 0002:00003C34       .1
 0002:00003C38       .2
 0002:00003C3C       .12
 0002:00003C40       .9
 0002:00003C44       .81
 0002:00003C48       .92
 0002:00003C4C       .01
 0002:00003C50       .11
 0002:00003C54       .1
 0002:00003C58       .41
 0002:00003C5C       OleUninitializing
 0002:00003C60       ComClassManagerVar
 0002:00003C64       SaveInitProc
 0002:00003C68       NeedToUninitialize
 0002:00003C6C       .7
 0002:00003C70       .1
 0002:00003C74       .1
 0002:00003C78       .4
 0002:00003C7C       .1
 0002:00003C80       .2
 0002:00003C84       .01
 0002:00003C88       .3
 0002:00003C8C       .1
 0002:00003C90       .1
 0002:00003C94       AnsiCaseMap
 0002:00003F94       AnsiCharTypes
 0002:00004194       .1
 0002:00004198       .7
 0002:0000419C       .5
 0002:000041A0       .1
 0002:000041A4       .1
 0002:000041A8       .1
 0002:000041AC       .1
 0002:000041B0       .2
 0002:000041B4       .1
 0002:000041B8       .2
 0002:000041BC       KernelVersionHi
 0002:000041C0       ResmeterLibHandle
 0002:000041C4       MyGetFreeSystemResources
 0002:000041C8       .1
 0002:000041CC       .1
 0002:000041D0       .2
 0002:000041D4       .42
 0002:000041D8       .4
 0002:000041DC       TypeList
 0002:000041E0       .1
 0002:000041E4       .4
 0002:000041E8       .01
 0002:000041EC       RegisteredAppStoragePropertyEngineList
 0002:000041F0       .1
 0002:000041F4       .6
 0002:000041F8       .4
 0002:000041FC       .8
 0002:00004200       ButtonCount
 0002:00004204       GlyphCache
 0002:00004208       SaveColor1
 0002:0000420C       SaveColor2
 0002:00004210       .4
 0002:00004214       .2
 0002:00004218       .8
 0002:0000421C       .2
 0002:00004220       .21
 0002:00004224       Form1
 0002:00004228       .2
 0002:0000422C       .3
 0002:00004230       .3
 0002:00004234       teh_dlg
 0002:00004238       tempstr
 0002:0000423C       debugtrace
 0002:00004240       cfg
 0002:00004244       export_npcprops
 0002:00004245       exec_prog
 0002:00004248       progname


Line numbers for JvWin32(JvWin32.pas) segment .text

   334 0001:00061FD8   334 0001:00061FDF

Line numbers for JvConsts(JvConsts.pas) segment .text

   273 0001:00062010   273 0001:00062017

Line numbers for expcfg(expcfg.pas) segment .text

    34 0001:0007343C    35 0001:00073446    39 0001:00073448    40 0001:00073452
    42 0001:00073484    42 0001:0007348B

Line numbers for FmxUtils(fmxutils.pas) segment .text

   159 0001:000734BC   159 0001:000734C3

Line numbers for pluginfunc(pluginfunc.pas) segment .text

   414 0001:00073510   424 0001:00073518   534 0001:00073520   542 0001:00073528
   543 0001:0007352B   546 0001:0007353A   560 0001:00073570   560 0001:00073577

Line numbers for Export_TXT(C:\CodeProjects\FMFDLGTool\src\plugins\Export_TXT.dpr) segment .text

    37 0001:00073578    38 0001:0007357D    39 0001:00073590    41 0001:000735B4
    42 0001:000735B9    44 0001:000735CD    46 0001:0007363C    47 0001:00073641
    48 0001:0007364D    51 0001:0007365C    54 0001:00073660    55 0001:000736A4
    58 0001:000736DC    59 0001:000736F7    60 0001:00073712    62 0001:0007373E
    63 0001:0007374E    64 0001:00073764    66 0001:00073778    67 0001:00073787
    69 0001:0007379C    70 0001:000737AB    74 0001:000737C1    76 0001:000737CB
    78 0001:000737D6    79 0001:000737FB    80 0001:00073820    83 0001:0007384E
    84 0001:00073885    88 0001:00073920    89 0001:00073922    94 0001:00073924
    95 0001:00073955    96 0001:00073963    98 0001:0007399B    99 0001:000739AA
   100 0001:000739C5   101 0001:000739E0   103 0001:00073A0C   104 0001:00073A1B
   105 0001:00073A30   106 0001:00073A3A   107 0001:00073A77   108 0001:00073A88
   109 0001:00073AB7   110 0001:00073AC7   111 0001:00073AD7   112 0001:00073AE3
   114 0001:00073AF2   116 0001:00073B02   117 0001:00073B11   118 0001:00073B20
   122 0001:00073B2D   124 0001:00073B3A   125 0001:00073B4D   126 0001:00073B7E
   130 0001:00073C23   132 0001:00073C3D   133 0001:00073C93   134 0001:00073CA5
   135 0001:00073CE8   137 0001:00073D05   138 0001:00073D5E   135 0001:00073D5F
   139 0001:00073D64   140 0001:00073D6E   130 0001:00073D6F   141 0001:00073D78
   142 0001:00073D94   144 0001:00073DA1   145 0001:00073DB0   147 0001:00073DD7
   151 0001:00073E21   152 0001:00073E30   154 0001:00073E38   155 0001:00073E42
   158 0001:00073E65   162 0001:00073F17   171 0001:000745F0   173 0001:00074623

Bound resource files

c:\delphi7se\Lib\Buttons.res
c:\delphi7se\Lib\ExtDlgs.res
c:\delphi7se\Lib\Controls.res
c:\delphi7se\Lib\FileCtrl.res
C:\jvcl320\jvcl\Resources\JvConsts.res
C:\jvcl320\jvcl\Resources\JvToolEdit.res
expcfg.dfm
Export_TXT.res
Export_TXT.drf


Program entry point at 0001:000745F0
