
 Start         Length     Name                   Class
 0001:00000000 00006FE0H .text                   CODE
 0002:00000000 0000040CH .data                   DATA
 0002:0000040C 000007A1H .bss                    BSS


Detailed map of segments

 0001:00000000 000033E7 C=CODE     S=.text    G=(none)   M=System   ACBP=A9
 0001:000033E8 000001CC C=CODE     S=.text    G=(none)   M=SysInit  ACBP=A9
 0001:000035B4 00000038 C=CODE     S=.text    G=(none)   M=Types    ACBP=A9
 0001:000035EC 000000D0 C=CODE     S=.text    G=(none)   M=Windows  ACBP=A9
 0001:000036BC 000002B8 C=CODE     S=.text    G=(none)   M=SysConst ACBP=A9
 0001:00003974 00003400 C=CODE     S=.text    G=(none)   M=SysUtils ACBP=A9
 0001:00006D74 00000038 C=CODE     S=.text    G=(none)   M=pluginfunc ACBP=A9
 0001:00006DAC 00000231 C=CODE     S=.text    G=(none)   M=Net_UploadFMF ACBP=A9
 0002:00000000 0000008C C=DATA     S=.data    G=DGROUP   M=System   ACBP=A9
 0002:0000008C 0000002C C=DATA     S=.data    G=DGROUP   M=SysInit  ACBP=A9
 0002:000000B8 000001EC C=DATA     S=.data    G=DGROUP   M=SysUtils ACBP=A9
 0002:00001000 0000065C C=BSS      S=.bss     G=DGROUP   M=System   ACBP=A9
 0002:0000165C 00000014 C=BSS      S=.bss     G=DGROUP   M=SysInit  ACBP=A9
 0002:00001670 00000004 C=BSS      S=.bss     G=DGROUP   M=Types    ACBP=A9
 0002:00001674 00000004 C=BSS      S=.bss     G=DGROUP   M=Windows  ACBP=A9
 0002:00001678 00000004 C=BSS      S=.bss     G=DGROUP   M=SysConst ACBP=A9
 0002:0000167C 00000120 C=BSS      S=.bss     G=DGROUP   M=SysUtils ACBP=A9
 0002:0000179C 00000004 C=BSS      S=.bss     G=DGROUP   M=pluginfunc ACBP=A9


  Address         Publics by Name

 0002:00001668       .1
 0002:00001670       .1
 0002:00001678       .1
 0002:0000179C       .3
 0002:00001674       .3
 0002:0000178C       .35
 0002:000015B4       .5
 0001:00001DE0       @AfterConstruction
 0001:00001DF0       @BeforeDestruction
 0001:00001D88       @ClassCreate
 0001:00001DD8       @ClassDestroy
 0001:000016D0       @Close
 0001:00002BEC       @DispCallByIDError
 0001:000020D0       @DoneExcept
 0001:00002C18       @DynArrayClear
 0001:000021B8       @ExceptionHandler
 0001:00002B00       @FinalizeArray
 0001:00002AB4       @FinalizeRecord
 0001:00001BF8       @FpuInit
 0001:00001B34       @FpuMaskInit
 0001:00001518       @FreeMem
 0001:000014F8       @GetMem
 0001:000034E8       @GetTls
 0001:00002664       @Halt
 0001:0000258C       @Halt0
 0001:00001EF0       @HandleAnyException
 0001:0000201C       @HandleFinally
 0001:00002450       @InitImports
 0001:00003534       @InitLib
 0001:00002428       @InitResStringImports
 0001:000031DC       @IntfClear
 0001:00001CE4       @IsClass
 0001:00001B04       @isNECWindows
 0001:000026A0       @LStrArrayClr
 0001:000026D0       @LStrAsg
 0001:000028F8       @LStrCat
 0001:0000293C       @LStrCatN
 0001:0000267C       @LStrClr
 0001:000029D4       @LStrCopy
 0001:000028C4       @LStrFromArray
 0001:00002848       @LStrFromChar
 0001:00002858       @LStrFromPChar
 0001:0000276C       @LStrFromPCharLen
 0001:00002888       @LStrFromPWChar
 0001:000027BC       @LStrFromPWCharLen
 0001:000028DC       @LStrFromWStr
 0001:00002714       @LStrLAsg
 0001:000028F0       @LStrLen
 0001:00002A14       @LStrSetLength
 0001:000029C8       @LStrToPChar
 0001:00002740       @NewAnsiString
 0001:00001818       @Pow10
 0001:0000207C       @RaiseAgain
 0001:00002054       @RaiseExcept
 0001:00001538       @ReallocMem
 0001:00002670       @RunError
 0001:000017FC       @SetEq
 0001:00002360       @StartLib
 0001:00000108       @strlen
 0001:00002100       @TryFinallyExit
 0001:00001728       @ValLong
 0001:00002AE8       @VarClr
 0001:00002A90       @WStrArrayClr
 0001:00002A78       @WStrClr
 0001:000015EC       @_IOTest
 0001:00002BF4       @_llmul
 0001:00005BFC       AbstractErrorHandler
 0002:00001028       AbstractErrorProc
 0001:00000204       AddBlockAfter
 0002:000015AC       AllocMemCount
 0002:000015B0       AllocMemSize
 0001:00003418       AllocTlsBuffer
 0001:000061D8       AnsiStrRScan
 0001:00006200       AnsiStrScan
 0001:00005BE0       AssertErrorHandler
 0002:00001020       AssertErrorProc
 0002:00001604       avail
 0001:0000455C       BackfillGetDiskFreeSpaceEx
 0002:000015DC       blockDescBlockList
 0002:000015E0       blockDescFreeList
 0001:00006140       ByteType
 0001:000060C8       ByteTypeTest
 0001:00006ED4       CanAddToMenu
 0001:0000279C       CharFromWChar
 0001:0000619C       CharLength
 0001:00000088       CharNext
 0001:0000365C       CharNext
 0001:00003664       CharToOemA
 0001:00001E6C       CheckJmp
 0002:0000103C       CmdLine
 0002:00001038       CmdShow
 0001:000004E4       Commit
 0002:00001620       committedRoot
 0001:0000563C       ConvertAddr
 0001:00004368       ConvertErrorFmt
 0001:00005B24       CreateAssertException
 0001:00005CAC       CreateAVObject
 0001:00005A50       CreateInOutError
 0002:000000FC       cSimpleBoolStrs
 0002:00001618       curAlloc
 0002:00001684       CurrencyDecimals
 0002:00001680       CurrencyFormat
 0002:0000167C       CurrencyString
 0001:0000438C       CvtInt
 0001:000043D8       CvtInt64
 0002:00001685       DateSeparator
 0002:00000118       DCon10
 0002:00000018       DebugHook
 0002:00001683       DecimalSeparator
 0001:00000578       Decommit
 0001:00000B94       DecommitFree
 0002:000015F4       decommittedRoot
 0002:00000014       Default8087CW
 0002:000015B8       DefaultUserCodePage
 0002:00000198       DefLongDayNames
 0002:0000014C       DefLongMonthNames
 0002:0000017C       DefShortDayNames
 0002:0000011C       DefShortMonthNames
 0001:00002C54       DelayLoadResourceModule
 0001:00000234       DeleteBlock
 0001:000001A4       DeleteCriticalSection
 0001:000009DC       DeleteFree
 0002:0000007C       dig
 0002:00001000       DispCallByIDProc
 0002:00001664       DllProc
 0001:00005FD8       DoneExceptions
 0001:00005A24       EHeapException.FreeInstance
 0002:000000B8       EmptyStr
 0002:000000BC       EmptyWideStr
 0001:00000194       EnterCriticalSection
 0001:000035EC       EnumCalendarInfoA
 0001:000052B0       EnumEraNames
 0001:000052EC       EnumEraYearOffsets
 0002:0000174C       EraNames
 0002:00001768       EraYearOffsets
 0002:00000054       errCaption
 0001:000015E0       Error
 0002:00000004       ErrorAddr
 0001:00001594       ErrorAt
 0001:00005AD0       ErrorHandler
 0002:000001B4       ErrorMap
 0002:00001008       ErrorProc
 0002:000013E0       ErrOutput
 0002:0000100C       ExceptClsProc
 0001:00005F44       ExceptHandler
 0001:00005898       Exception.Create
 0001:000058D4       Exception.CreateFmt
 0001:00005954       Exception.CreateRes
 0001:00005990       Exception.CreateResFmt
 0002:0000101C       ExceptionClass
 0001:00005648       ExceptionErrorMessage
 0002:000001EC       ExceptMap
 0002:00001010       ExceptObjProc
 0002:00001004       ExceptProc
 0002:00000000       ExitCode
 0001:000024D0       ExitDll
 0002:00001040       ExitProc
 0001:00000090       ExitProcess
 0002:00001024       ExitProcessProc
 0001:000034C4       ExitProcessTLS
 0001:0000349C       ExitThreadTLS
 0001:00004524       ExtractFileName
 0002:00001788       FalseBoolStrs
 0002:0000010C       FCon1E18
 0002:00000008       FileMode
 0001:00000AC4       FillAfterGap
 0001:00000A70       FillBeforeGap
 0001:00000B5C       FillerSizeAfterGap
 0001:00000AEC       FillerSizeBeforeGap
 0001:000035B4       Finalization
 0001:00006F58       Finalization
 0001:00003684       Finalization
 0001:0000357C       Finalization
 0001:0000393C       Finalization
 0001:00006B74       Finalization
 0001:00006D74       Finalization
 0001:000032C0       Finalization
 0001:000022A0       FinalizeUnits
 0001:00002CC4       FindBS
 0001:000000A0       FindClose
 0001:00000A40       FindCommitted
 0001:000000A8       FindFirstFile
 0001:00002C9C       FindResourceHInstance
 0002:00001798       FLanguages
 0001:00004EB0       FloatToDecimal
 0001:00004BDC       FloatToText
 0001:000016C4       Flush
 0001:00004AD8       FmtStr
 0001:00004AC4       Format
 0001:0000470C       FormatBuf
 0001:00004700       FormatClearStr
 0001:00004684       FormatError
 0002:00000104       FormatErrorStrs
 0001:000046DC       FormatVarToStr
 0001:00001810       FPower10
 0001:00006894       FreeAndNil
 0001:000007AC       FreeCommitted
 0001:00000CCC       FreeCurAlloc
 0001:000000B0       FreeLibrary
 0001:0000042C       FreeSpace
 0001:00006818       FreeTerminateProcs
 0001:000035F4       GetACP
 0001:000001AC       GetBlockDesc
 0001:00000148       GetCmdShow
 0001:000000B8       GetCommandLine
 0001:000005F8       GetCommitted
 0001:00000688       GetCommittedAt
 0001:000035FC       GetCPInfo
 0001:00000138       GetCurrentThreadId
 0001:00003604       GetDiskFreeSpaceA
 0002:000000F8       GetDiskFreeSpaceEx
 0001:00001D08       GetDynaMethod
 0001:00005364       GetEraNamesAndYearOffsets
 0001:00005C94       GetExceptionClass
 0001:00005E78       GetExceptionObject
 0001:000064A0       GetFormatSettings
 0001:00006F14       GetInterfaceVersion
 0001:00001AFC       GetKeyboardType
 0001:00006F04       GetKeyShortCut
 0001:00005128       GetLocaleChar
 0001:0000360C       GetLocaleInfo
 0001:000000C0       GetLocaleInfo
 0001:000050DC       GetLocaleStr
 0001:000000C8       GetModuleFileName
 0001:00003614       GetModuleFileName
 0001:000000D0       GetModuleHandle
 0001:0000361C       GetModuleHandle
 0001:0000518C       GetMonthDayNames
 0001:00006DEC       GetPluginDescription
 0001:00006DAC       GetPluginName
 0001:00003624       GetProcAddress
 0001:000000D8       GetProcAddress
 0001:00000350       GetSpace
 0001:000003B4       GetSpaceAt
 0001:000000E0       GetStartupInfo
 0001:0000362C       GetStdHandle
 0001:00000060       GetStdHandle
 0001:00003634       GetStringTypeEx
 0001:0000366C       GetSystemMetrics
 0001:000000E8       GetThreadLocale
 0001:0000363C       GetThreadLocale
 0001:00003424       GetTlsSize
 0001:00000140       GetVersion
 0001:00003644       GetVersionEx
 0002:000015C0       heapErrorCode
 0002:000015C4       heapLock
 0002:000000F4       HexDisplayPrefix
 0002:00001660       HInstance
 0001:00000838       InitAllocator
 0002:00001630       InitContext
 0001:00006838       InitDriveSpacePtr
 0001:00005F54       InitExceptions
 0001:0000018C       InitializeCriticalSection
 0002:000015BC       initialized
 0001:00003528       InitializeModule
 0001:000062B4       InitLeadBytes
 0001:00006058       InitPlatformId
 0001:00003470       InitProcessTLS
 0001:0000632C       InitSysLocale
 0001:0000342C       InitThreadTLS
 0001:00002300       InitUnits
 0002:00001048       Input
 0001:00000C44       InsertFree
 0001:0000167C       InternalFlush
 0001:00000AA0       InternalFreeMem
 0002:00001794       InvalidPointer
 0001:0000161C       IOResult
 0002:00001044       IsConsole
 0002:00001034       IsLibrary
 0002:00001045       IsMultiThread
 0001:00006314       IsWesternGroup
 0002:0000001C       JITEnable
 0001:000044D4       LastDelimiter
 0001:00006240       LCIDToCodePage
 0001:0000324C       LCIDToCodePage
 0002:000000D4       LeadBytes
 0001:0000019C       LeaveCriticalSection
 0002:00000024       LibModuleList
 0002:0000174A       ListSeparator
 0001:000000F0       LoadLibraryEx
 0001:00002E90       LoadResourceModule
 0001:000031F4       LoadResString
 0001:000000F8       LoadString
 0001:00003674       LoadString
 0001:0000016C       LocalAlloc
 0001:000033E8       LocalAlloc
 0001:000033F0       LocalFree
 0001:00000174       LocalFree
 0001:00005150       LocalGetLocaleStr
 0002:0000168C       LongDateFormat
 0002:00001720       LongDayNames
 0002:000016D4       LongMonthNames
 0002:000016A0       LongTimeFormat
 0001:00000100       lstrcpyn
 0002:0000102C       MainInstance
 0002:00001030       MainThreadID
 0001:000001FC       MakeEmpty
 0001:00002474       MakeErrorMessage
 0001:00005C14       MapException
 0001:00002118       MapToRunError
 0002:0000002C       MemoryManager
 0001:0000024C       MergeBlockAfter
 0001:00000D18       MergeCommit
 0001:00000098       MessageBox
 0001:0000367C       MessageBox
 0002:00000090       Module
 0002:0000165D       ModuleIsCpp
 0002:0000165C       ModuleIsLib
 0002:00000028       ModuleUnloadList
 0001:0000163C       Move
 0002:00001681       NegCurrFormat
 0001:00006FC8       Net_UploadFMF
 0001:00000DA4       NewCommit
 0001:00000DD0       NewCommitAt
 0002:00000020       NoErrMsg
 0001:00001E58       NotifyAnyExcept
 0001:00001E40       NotifyExcept
 0001:00001E8C       NotifyExceptFinally
 0001:00003100       NotifyModuleUnload
 0001:00001E1C       NotifyNonDelphiException
 0001:00001E00       NotifyReRaise
 0001:00001EB4       NotifyTerminate
 0001:00001ED0       NotifyUnhandled
 0002:00001790       OutOfMemory
 0002:00001214       Output
 0001:00006ED8       PluginClose
 0001:00006EE0       PluginConfig
 0001:00006DA4       pluginfunc
 0001:00006EDC       PluginUpdate
 0001:00004B98       PutExponent
 0001:00005BD0       RaiseAssertException
 0001:00000068       RaiseException
 0002:00001014       RaiseExceptionProc
 0001:00000110       RegCloseKey
 0001:0000315C       RegisterModule
 0001:00000118       RegOpenKeyEx
 0001:00000120       RegQueryValueEx
 0002:00000038       reMap
 0002:00001614       remBytes
 0001:000002BC       RemoveBlock
 0001:00001258       ResizeInPlace
 0002:00001610       rover
 0001:00000070       RtlUnwind
 0002:00001018       RTLUnwindProc
 0002:0000005C       runErrMsg
 0001:00001588       RunErrorAt
 0001:00006F34       RunPlugin
 0001:00000E04       SearchSmallBlocks
 0001:00002258       SetExceptionHandler
 0001:0000160C       SetInOutRes
 0002:00001688       ShortDateFormat
 0002:00001704       ShortDayNames
 0002:000016A4       ShortMonthNames
 0002:0000169C       ShortTimeFormat
 0001:000057D0       ShowException
 0002:0000161C       smallTab
 0002:000015E4       spaceRoot
 0001:00006164       StrByteType
 0001:0000617C       StrCharLength
 0001:000045F8       StrLCopy
 0001:000045D0       StrLen
 0001:00004A84       StrLFmt
 0001:0000462C       StrLIComp
 0001:000045E8       StrMove
 0001:00004670       StrScan
 0001:000044A4       StrToIntDef
 0001:0000396C       SysConst
 0001:000010B4       SysFreeMem
 0001:00000130       SysFreeString
 0001:00000F24       SysGetMem
 0001:000035AC       SysInit
 0002:0000173C       SysLocale
 0001:00001434       SysReallocMem
 0001:00003314       System
 0001:00006CF4       SysUtils
 0002:000002A0       TerminateProcList
 0002:00001046       Test8086
 0002:00001682       ThousandSeparator
 0002:00001694       TimeAMString
 0002:00001698       TimePMString
 0002:00001690       TimeSeparator
 0001:000033F8       TlsAlloc
 0002:0000166C       tlsBuffer
 0001:00003400       TlsFree
 0001:00003408       TlsGetValue
 0002:0000008C       TlsIndex
 0002:FFBF8008       TlsLast
 0002:000000A8       TlsProc
 0001:00003410       TlsSetValue
 0001:00001D58       TObject.AfterConstruction
 0001:00001D5C       TObject.BeforeDestruction
 0001:00001C04       TObject.ClassName
 0001:00001CC4       TObject.CleanupInstance
 0001:00001D54       TObject.DefaultHandler
 0001:00001C50       TObject.Destroy
 0001:00001D60       TObject.Dispatch
 0001:00001C60       TObject.Free
 0001:00001C34       TObject.FreeInstance
 0001:00001D38       TObject.InheritsFrom
 0001:00001C6C       TObject.InitInstance
 0001:00001C48       TObject.InstanceSize
 0001:00001C18       TObject.NewInstance
 0001:00001D4C       TObject.SafeCallException
 0001:00002CD8       ToLongPath
 0001:00005414       TranslateDateFormat
 0002:00001784       TrueBoolStrs
 0001:00000E30       TryHarder
 0001:000035E4       Types
 0001:00000078       UnhandledExceptionFilter
 0001:000008FC       UninitAllocator
 0001:0000316C       UnregisterModule
 0001:00002278       UnsetExceptionHandler
 0002:0000000C       VarClearProc
 0002:00000010       VarToLStrProc
 0001:0000017C       VirtualAlloc
 0001:00000184       VirtualFree
 0001:0000364C       VirtualQuery
 0002:0000029C       WesternGroups
 0001:00000128       WideCharToMultiByte
 0002:000000CC       Win32BuildNumber
 0002:000000D0       Win32CSDVersion
 0002:000000C4       Win32MajorVersion
 0002:000000C8       Win32MinorVersion
 0002:000000C0       Win32Platform
 0001:000036B4       Windows
 0001:00002500       WriteErrorMessage
 0001:00000080       WriteFile
 0001:00003654       WriteFile


  Address         Publics by Value

 0002:FFBF8008       TlsLast
 0001:00000060       GetStdHandle
 0001:00000068       RaiseException
 0001:00000070       RtlUnwind
 0001:00000078       UnhandledExceptionFilter
 0001:00000080       WriteFile
 0001:00000088       CharNext
 0001:00000090       ExitProcess
 0001:00000098       MessageBox
 0001:000000A0       FindClose
 0001:000000A8       FindFirstFile
 0001:000000B0       FreeLibrary
 0001:000000B8       GetCommandLine
 0001:000000C0       GetLocaleInfo
 0001:000000C8       GetModuleFileName
 0001:000000D0       GetModuleHandle
 0001:000000D8       GetProcAddress
 0001:000000E0       GetStartupInfo
 0001:000000E8       GetThreadLocale
 0001:000000F0       LoadLibraryEx
 0001:000000F8       LoadString
 0001:00000100       lstrcpyn
 0001:00000108       @strlen
 0001:00000110       RegCloseKey
 0001:00000118       RegOpenKeyEx
 0001:00000120       RegQueryValueEx
 0001:00000128       WideCharToMultiByte
 0001:00000130       SysFreeString
 0001:00000138       GetCurrentThreadId
 0001:00000140       GetVersion
 0001:00000148       GetCmdShow
 0001:0000016C       LocalAlloc
 0001:00000174       LocalFree
 0001:0000017C       VirtualAlloc
 0001:00000184       VirtualFree
 0001:0000018C       InitializeCriticalSection
 0001:00000194       EnterCriticalSection
 0001:0000019C       LeaveCriticalSection
 0001:000001A4       DeleteCriticalSection
 0001:000001AC       GetBlockDesc
 0001:000001FC       MakeEmpty
 0001:00000204       AddBlockAfter
 0001:00000234       DeleteBlock
 0001:0000024C       MergeBlockAfter
 0001:000002BC       RemoveBlock
 0001:00000350       GetSpace
 0001:000003B4       GetSpaceAt
 0001:0000042C       FreeSpace
 0001:000004E4       Commit
 0001:00000578       Decommit
 0001:000005F8       GetCommitted
 0001:00000688       GetCommittedAt
 0001:000007AC       FreeCommitted
 0001:00000838       InitAllocator
 0001:000008FC       UninitAllocator
 0001:000009DC       DeleteFree
 0001:00000A40       FindCommitted
 0001:00000A70       FillBeforeGap
 0001:00000AA0       InternalFreeMem
 0001:00000AC4       FillAfterGap
 0001:00000AEC       FillerSizeBeforeGap
 0001:00000B5C       FillerSizeAfterGap
 0001:00000B94       DecommitFree
 0001:00000C44       InsertFree
 0001:00000CCC       FreeCurAlloc
 0001:00000D18       MergeCommit
 0001:00000DA4       NewCommit
 0001:00000DD0       NewCommitAt
 0001:00000E04       SearchSmallBlocks
 0001:00000E30       TryHarder
 0001:00000F24       SysGetMem
 0001:000010B4       SysFreeMem
 0001:00001258       ResizeInPlace
 0001:00001434       SysReallocMem
 0001:000014F8       @GetMem
 0001:00001518       @FreeMem
 0001:00001538       @ReallocMem
 0001:00001588       RunErrorAt
 0001:00001594       ErrorAt
 0001:000015E0       Error
 0001:000015EC       @_IOTest
 0001:0000160C       SetInOutRes
 0001:0000161C       IOResult
 0001:0000163C       Move
 0001:0000167C       InternalFlush
 0001:000016C4       Flush
 0001:000016D0       @Close
 0001:00001728       @ValLong
 0001:000017FC       @SetEq
 0001:00001810       FPower10
 0001:00001818       @Pow10
 0001:00001AFC       GetKeyboardType
 0001:00001B04       @isNECWindows
 0001:00001B34       @FpuMaskInit
 0001:00001BF8       @FpuInit
 0001:00001C04       TObject.ClassName
 0001:00001C18       TObject.NewInstance
 0001:00001C34       TObject.FreeInstance
 0001:00001C48       TObject.InstanceSize
 0001:00001C50       TObject.Destroy
 0001:00001C60       TObject.Free
 0001:00001C6C       TObject.InitInstance
 0001:00001CC4       TObject.CleanupInstance
 0001:00001CE4       @IsClass
 0001:00001D08       GetDynaMethod
 0001:00001D38       TObject.InheritsFrom
 0001:00001D4C       TObject.SafeCallException
 0001:00001D54       TObject.DefaultHandler
 0001:00001D58       TObject.AfterConstruction
 0001:00001D5C       TObject.BeforeDestruction
 0001:00001D60       TObject.Dispatch
 0001:00001D88       @ClassCreate
 0001:00001DD8       @ClassDestroy
 0001:00001DE0       @AfterConstruction
 0001:00001DF0       @BeforeDestruction
 0001:00001E00       NotifyReRaise
 0001:00001E1C       NotifyNonDelphiException
 0001:00001E40       NotifyExcept
 0001:00001E58       NotifyAnyExcept
 0001:00001E6C       CheckJmp
 0001:00001E8C       NotifyExceptFinally
 0001:00001EB4       NotifyTerminate
 0001:00001ED0       NotifyUnhandled
 0001:00001EF0       @HandleAnyException
 0001:0000201C       @HandleFinally
 0001:00002054       @RaiseExcept
 0001:0000207C       @RaiseAgain
 0001:000020D0       @DoneExcept
 0001:00002100       @TryFinallyExit
 0001:00002118       MapToRunError
 0001:000021B8       @ExceptionHandler
 0001:00002258       SetExceptionHandler
 0001:00002278       UnsetExceptionHandler
 0001:000022A0       FinalizeUnits
 0001:00002300       InitUnits
 0001:00002360       @StartLib
 0001:00002428       @InitResStringImports
 0001:00002450       @InitImports
 0001:00002474       MakeErrorMessage
 0001:000024D0       ExitDll
 0001:00002500       WriteErrorMessage
 0001:0000258C       @Halt0
 0001:00002664       @Halt
 0001:00002670       @RunError
 0001:0000267C       @LStrClr
 0001:000026A0       @LStrArrayClr
 0001:000026D0       @LStrAsg
 0001:00002714       @LStrLAsg
 0001:00002740       @NewAnsiString
 0001:0000276C       @LStrFromPCharLen
 0001:0000279C       CharFromWChar
 0001:000027BC       @LStrFromPWCharLen
 0001:00002848       @LStrFromChar
 0001:00002858       @LStrFromPChar
 0001:00002888       @LStrFromPWChar
 0001:000028C4       @LStrFromArray
 0001:000028DC       @LStrFromWStr
 0001:000028F0       @LStrLen
 0001:000028F8       @LStrCat
 0001:0000293C       @LStrCatN
 0001:000029C8       @LStrToPChar
 0001:000029D4       @LStrCopy
 0001:00002A14       @LStrSetLength
 0001:00002A78       @WStrClr
 0001:00002A90       @WStrArrayClr
 0001:00002AB4       @FinalizeRecord
 0001:00002AE8       @VarClr
 0001:00002B00       @FinalizeArray
 0001:00002BEC       @DispCallByIDError
 0001:00002BF4       @_llmul
 0001:00002C18       @DynArrayClear
 0001:00002C54       DelayLoadResourceModule
 0001:00002C9C       FindResourceHInstance
 0001:00002CC4       FindBS
 0001:00002CD8       ToLongPath
 0001:00002E90       LoadResourceModule
 0001:00003100       NotifyModuleUnload
 0001:0000315C       RegisterModule
 0001:0000316C       UnregisterModule
 0001:000031DC       @IntfClear
 0001:000031F4       LoadResString
 0001:0000324C       LCIDToCodePage
 0001:000032C0       Finalization
 0001:00003314       System
 0001:000033E8       LocalAlloc
 0001:000033F0       LocalFree
 0001:000033F8       TlsAlloc
 0001:00003400       TlsFree
 0001:00003408       TlsGetValue
 0001:00003410       TlsSetValue
 0001:00003418       AllocTlsBuffer
 0001:00003424       GetTlsSize
 0001:0000342C       InitThreadTLS
 0001:00003470       InitProcessTLS
 0001:0000349C       ExitThreadTLS
 0001:000034C4       ExitProcessTLS
 0001:000034E8       @GetTls
 0001:00003528       InitializeModule
 0001:00003534       @InitLib
 0001:0000357C       Finalization
 0001:000035AC       SysInit
 0001:000035B4       Finalization
 0001:000035E4       Types
 0001:000035EC       EnumCalendarInfoA
 0001:000035F4       GetACP
 0001:000035FC       GetCPInfo
 0001:00003604       GetDiskFreeSpaceA
 0001:0000360C       GetLocaleInfo
 0001:00003614       GetModuleFileName
 0001:0000361C       GetModuleHandle
 0001:00003624       GetProcAddress
 0001:0000362C       GetStdHandle
 0001:00003634       GetStringTypeEx
 0001:0000363C       GetThreadLocale
 0001:00003644       GetVersionEx
 0001:0000364C       VirtualQuery
 0001:00003654       WriteFile
 0001:0000365C       CharNext
 0001:00003664       CharToOemA
 0001:0000366C       GetSystemMetrics
 0001:00003674       LoadString
 0001:0000367C       MessageBox
 0001:00003684       Finalization
 0001:000036B4       Windows
 0001:0000393C       Finalization
 0001:0000396C       SysConst
 0001:00004368       ConvertErrorFmt
 0001:0000438C       CvtInt
 0001:000043D8       CvtInt64
 0001:000044A4       StrToIntDef
 0001:000044D4       LastDelimiter
 0001:00004524       ExtractFileName
 0001:0000455C       BackfillGetDiskFreeSpaceEx
 0001:000045D0       StrLen
 0001:000045E8       StrMove
 0001:000045F8       StrLCopy
 0001:0000462C       StrLIComp
 0001:00004670       StrScan
 0001:00004684       FormatError
 0001:000046DC       FormatVarToStr
 0001:00004700       FormatClearStr
 0001:0000470C       FormatBuf
 0001:00004A84       StrLFmt
 0001:00004AC4       Format
 0001:00004AD8       FmtStr
 0001:00004B98       PutExponent
 0001:00004BDC       FloatToText
 0001:00004EB0       FloatToDecimal
 0001:000050DC       GetLocaleStr
 0001:00005128       GetLocaleChar
 0001:00005150       LocalGetLocaleStr
 0001:0000518C       GetMonthDayNames
 0001:000052B0       EnumEraNames
 0001:000052EC       EnumEraYearOffsets
 0001:00005364       GetEraNamesAndYearOffsets
 0001:00005414       TranslateDateFormat
 0001:0000563C       ConvertAddr
 0001:00005648       ExceptionErrorMessage
 0001:000057D0       ShowException
 0001:00005898       Exception.Create
 0001:000058D4       Exception.CreateFmt
 0001:00005954       Exception.CreateRes
 0001:00005990       Exception.CreateResFmt
 0001:00005A24       EHeapException.FreeInstance
 0001:00005A50       CreateInOutError
 0001:00005AD0       ErrorHandler
 0001:00005B24       CreateAssertException
 0001:00005BD0       RaiseAssertException
 0001:00005BE0       AssertErrorHandler
 0001:00005BFC       AbstractErrorHandler
 0001:00005C14       MapException
 0001:00005C94       GetExceptionClass
 0001:00005CAC       CreateAVObject
 0001:00005E78       GetExceptionObject
 0001:00005F44       ExceptHandler
 0001:00005F54       InitExceptions
 0001:00005FD8       DoneExceptions
 0001:00006058       InitPlatformId
 0001:000060C8       ByteTypeTest
 0001:00006140       ByteType
 0001:00006164       StrByteType
 0001:0000617C       StrCharLength
 0001:0000619C       CharLength
 0001:000061D8       AnsiStrRScan
 0001:00006200       AnsiStrScan
 0001:00006240       LCIDToCodePage
 0001:000062B4       InitLeadBytes
 0001:00006314       IsWesternGroup
 0001:0000632C       InitSysLocale
 0001:000064A0       GetFormatSettings
 0001:00006818       FreeTerminateProcs
 0001:00006838       InitDriveSpacePtr
 0001:00006894       FreeAndNil
 0001:00006B74       Finalization
 0001:00006CF4       SysUtils
 0001:00006D74       Finalization
 0001:00006DA4       pluginfunc
 0001:00006DAC       GetPluginName
 0001:00006DEC       GetPluginDescription
 0001:00006ED4       CanAddToMenu
 0001:00006ED8       PluginClose
 0001:00006EDC       PluginUpdate
 0001:00006EE0       PluginConfig
 0001:00006F04       GetKeyShortCut
 0001:00006F14       GetInterfaceVersion
 0001:00006F34       RunPlugin
 0001:00006F58       Finalization
 0001:00006FC8       Net_UploadFMF
 0002:00000000       ExitCode
 0002:00000004       ErrorAddr
 0002:00000008       FileMode
 0002:0000000C       VarClearProc
 0002:00000010       VarToLStrProc
 0002:00000014       Default8087CW
 0002:00000018       DebugHook
 0002:0000001C       JITEnable
 0002:00000020       NoErrMsg
 0002:00000024       LibModuleList
 0002:00000028       ModuleUnloadList
 0002:0000002C       MemoryManager
 0002:00000038       reMap
 0002:00000054       errCaption
 0002:0000005C       runErrMsg
 0002:0000007C       dig
 0002:0000008C       TlsIndex
 0002:00000090       Module
 0002:000000A8       TlsProc
 0002:000000B8       EmptyStr
 0002:000000BC       EmptyWideStr
 0002:000000C0       Win32Platform
 0002:000000C4       Win32MajorVersion
 0002:000000C8       Win32MinorVersion
 0002:000000CC       Win32BuildNumber
 0002:000000D0       Win32CSDVersion
 0002:000000D4       LeadBytes
 0002:000000F4       HexDisplayPrefix
 0002:000000F8       GetDiskFreeSpaceEx
 0002:000000FC       cSimpleBoolStrs
 0002:00000104       FormatErrorStrs
 0002:0000010C       FCon1E18
 0002:00000118       DCon10
 0002:0000011C       DefShortMonthNames
 0002:0000014C       DefLongMonthNames
 0002:0000017C       DefShortDayNames
 0002:00000198       DefLongDayNames
 0002:000001B4       ErrorMap
 0002:000001EC       ExceptMap
 0002:0000029C       WesternGroups
 0002:000002A0       TerminateProcList
 0002:00001000       DispCallByIDProc
 0002:00001004       ExceptProc
 0002:00001008       ErrorProc
 0002:0000100C       ExceptClsProc
 0002:00001010       ExceptObjProc
 0002:00001014       RaiseExceptionProc
 0002:00001018       RTLUnwindProc
 0002:0000101C       ExceptionClass
 0002:00001020       AssertErrorProc
 0002:00001024       ExitProcessProc
 0002:00001028       AbstractErrorProc
 0002:0000102C       MainInstance
 0002:00001030       MainThreadID
 0002:00001034       IsLibrary
 0002:00001038       CmdShow
 0002:0000103C       CmdLine
 0002:00001040       ExitProc
 0002:00001044       IsConsole
 0002:00001045       IsMultiThread
 0002:00001046       Test8086
 0002:00001048       Input
 0002:00001214       Output
 0002:000013E0       ErrOutput
 0002:000015AC       AllocMemCount
 0002:000015B0       AllocMemSize
 0002:000015B4       .5
 0002:000015B8       DefaultUserCodePage
 0002:000015BC       initialized
 0002:000015C0       heapErrorCode
 0002:000015C4       heapLock
 0002:000015DC       blockDescBlockList
 0002:000015E0       blockDescFreeList
 0002:000015E4       spaceRoot
 0002:000015F4       decommittedRoot
 0002:00001604       avail
 0002:00001610       rover
 0002:00001614       remBytes
 0002:00001618       curAlloc
 0002:0000161C       smallTab
 0002:00001620       committedRoot
 0002:00001630       InitContext
 0002:0000165C       ModuleIsLib
 0002:0000165D       ModuleIsCpp
 0002:00001660       HInstance
 0002:00001664       DllProc
 0002:00001668       .1
 0002:0000166C       tlsBuffer
 0002:00001670       .1
 0002:00001674       .3
 0002:00001678       .1
 0002:0000167C       CurrencyString
 0002:00001680       CurrencyFormat
 0002:00001681       NegCurrFormat
 0002:00001682       ThousandSeparator
 0002:00001683       DecimalSeparator
 0002:00001684       CurrencyDecimals
 0002:00001685       DateSeparator
 0002:00001688       ShortDateFormat
 0002:0000168C       LongDateFormat
 0002:00001690       TimeSeparator
 0002:00001694       TimeAMString
 0002:00001698       TimePMString
 0002:0000169C       ShortTimeFormat
 0002:000016A0       LongTimeFormat
 0002:000016A4       ShortMonthNames
 0002:000016D4       LongMonthNames
 0002:00001704       ShortDayNames
 0002:00001720       LongDayNames
 0002:0000173C       SysLocale
 0002:0000174A       ListSeparator
 0002:0000174C       EraNames
 0002:00001768       EraYearOffsets
 0002:00001784       TrueBoolStrs
 0002:00001788       FalseBoolStrs
 0002:0000178C       .35
 0002:00001790       OutOfMemory
 0002:00001794       InvalidPointer
 0002:00001798       FLanguages
 0002:0000179C       .3


Line numbers for pluginfunc(pluginfunc.pas) segment .text

   476 0001:00006DA4   476 0001:00006DAB

Line numbers for Net_UploadFMF(M:\FMFDLGTool\src\plugins\Net_UploadFMF.dpr) segment .text

    26 0001:00006DAC    27 0001:00006DB1    28 0001:00006DC4    32 0001:00006DEC
    33 0001:00006DF1    34 0001:00006E03    37 0001:00006ED4    38 0001:00006ED6
    45 0001:00006ED8    53 0001:00006EDC    61 0001:00006EE0    62 0001:00006EFB
    71 0001:00006F04    72 0001:00006F07    73 0001:00006F0D    78 0001:00006F14
    79 0001:00006F19    80 0001:00006F25   101 0001:00006F34   102 0001:00006F4F
   113 0001:00006FC8   115 0001:00006FD8

Bound resource files

Net_UploadFMF.res
Net_UploadFMF.drf


Program entry point at 0001:00006FC8
