
 Start         Length     Name                   Class
 0001:00000000 00069428H .text                   CODE
 0002:00000000 00001F04H .data                   DATA
 0002:00001F04 00001321H .bss                    BSS


Detailed map of segments

 0001:00000000 000053B7 C=CODE     S=.text    G=(none)   M=System   ACBP=A9
 0001:000053B8 000001CC C=CODE     S=.text    G=(none)   M=SysInit  ACBP=A9
 0001:00005584 000000BC C=CODE     S=.text    G=(none)   M=Types    ACBP=A9
 0001:00005640 00000CEC C=CODE     S=.text    G=(none)   M=Windows  ACBP=A9
 0001:0000632C 00000038 C=CODE     S=.text    G=(none)   M=Messages ACBP=A9
 0001:00006364 00000310 C=CODE     S=.text    G=(none)   M=SysConst ACBP=A9
 0001:00006674 00006A34 C=CODE     S=.text    G=(none)   M=SysUtils ACBP=A9
 0001:0000D0A8 000007FB C=CODE     S=.text    G=(none)   M=VarUtils ACBP=A9
 0001:0000D8A4 00005B12 C=CODE     S=.text    G=(none)   M=Variants ACBP=A9
 0001:000133B8 00000120 C=CODE     S=.text    G=(none)   M=RTLConsts ACBP=A9
 0001:000134D8 000007E8 C=CODE     S=.text    G=(none)   M=TypInfo  ACBP=A9
 0001:00013CC0 00000098 C=CODE     S=.text    G=(none)   M=ActiveX  ACBP=A9
 0001:00013D58 00009A9A C=CODE     S=.text    G=(none)   M=Classes  ACBP=A9
 0001:0001D7F4 000002E0 C=CODE     S=.text    G=(none)   M=Consts   ACBP=A9
 0001:0001DAD4 00008E97 C=CODE     S=.text    G=(none)   M=Graphics ACBP=A9
 0001:0002696C 00000048 C=CODE     S=.text    G=(none)   M=Math     ACBP=A9
 0001:000269B4 000002B8 C=CODE     S=.text    G=(none)   M=Contnrs  ACBP=A9
 0001:00026C6C 00000414 C=CODE     S=.text    G=(none)   M=CommCtrl ACBP=A9
 0001:00027080 00000787 C=CODE     S=.text    G=(none)   M=MultiMon ACBP=A9
 0001:00027808 00000038 C=CODE     S=.text    G=(none)   M=Imm      ACBP=A9
 0001:00027840 00000FF8 C=CODE     S=.text    G=(none)   M=HelpIntfs ACBP=A9
 0001:00028838 00000038 C=CODE     S=.text    G=(none)   M=WinSpool ACBP=A9
 0001:00028870 00000044 C=CODE     S=.text    G=(none)   M=Printers ACBP=A9
 0001:000288B4 0000031F C=CODE     S=.text    G=(none)   M=FlatSB   ACBP=A9
 0001:00028BD4 000001A4 C=CODE     S=.text    G=(none)   M=SyncObjs ACBP=A9
 0001:00028D78 000009BB C=CODE     S=.text    G=(none)   M=UxTheme  ACBP=A9
 0001:00029734 00000038 C=CODE     S=.text    G=(none)   M=RichEdit ACBP=A9
 0001:0002976C 00000038 C=CODE     S=.text    G=(none)   M=ToolWin  ACBP=A9
 0001:000297A4 00000040 C=CODE     S=.text    G=(none)   M=ShellAPI ACBP=A9
 0001:000297E4 00000038 C=CODE     S=.text    G=(none)   M=RegStr   ACBP=A9
 0001:0002981C 00000038 C=CODE     S=.text    G=(none)   M=WinInet  ACBP=A9
 0001:00029854 00000038 C=CODE     S=.text    G=(none)   M=UrlMon   ACBP=A9
 0001:0002988C 00000038 C=CODE     S=.text    G=(none)   M=ShlObj   ACBP=A9
 0001:000298C4 00000038 C=CODE     S=.text    G=(none)   M=CommDlg  ACBP=A9
 0001:000298FC 00000038 C=CODE     S=.text    G=(none)   M=Dlgs     ACBP=A9
 0001:00029934 0000130D C=CODE     S=.text    G=(none)   M=Dialogs  ACBP=A9
 0001:0002AC44 0000241E C=CODE     S=.text    G=(none)   M=ExtCtrls ACBP=A9
 0001:0002D064 00000048 C=CODE     S=.text    G=(none)   M=ComStrs  ACBP=A9
 0001:0002D0AC 00000094 C=CODE     S=.text    G=(none)   M=Clipbrd  ACBP=A9
 0001:0002D140 00000038 C=CODE     S=.text    G=(none)   M=StrUtils ACBP=A9
 0001:0002D178 000000F5 C=CODE     S=.text    G=(none)   M=Buttons  ACBP=A9
 0001:0002D270 00000038 C=CODE     S=.text    G=(none)   M=ExtDlgs  ACBP=A9
 0001:0002D2A8 00000068 C=CODE     S=.text    G=(none)   M=IniFiles ACBP=A9
 0001:0002D310 00000068 C=CODE     S=.text    G=(none)   M=Registry ACBP=A9
 0001:0002D378 0000006C C=CODE     S=.text    G=(none)   M=Mapi     ACBP=A9
 0001:0002D3E4 00000058 C=CODE     S=.text    G=(none)   M=ExtActns ACBP=A9
 0001:0002D43C 00000038 C=CODE     S=.text    G=(none)   M=ListActns ACBP=A9
 0001:0002D474 000066AC C=CODE     S=.text    G=(none)   M=ComCtrls ACBP=A9
 0001:00033B20 00000A0C C=CODE     S=.text    G=(none)   M=Themes   ACBP=A9
 0001:0003452C 000049D0 C=CODE     S=.text    G=(none)   M=StdCtrls ACBP=A9
 0001:00038EFC 00000168 C=CODE     S=.text    G=(none)   M=StdActns ACBP=A9
 0001:00039064 00000D1F C=CODE     S=.text    G=(none)   M=WinHelpViewer ACBP=A9
 0001:00039D84 000111E7 C=CODE     S=.text    G=(none)   M=Controls ACBP=A9
 0001:0004AF6C 00001292 C=CODE     S=.text    G=(none)   M=ActnList ACBP=A9
 0001:0004C200 00001848 C=CODE     S=.text    G=(none)   M=ImgList  ACBP=A9
 0001:0004DA48 000066AD C=CODE     S=.text    G=(none)   M=Menus    ACBP=A9
 0001:000540F8 0000C534 C=CODE     S=.text    G=(none)   M=Forms    ACBP=A9
 0001:0006062C 0000011C C=CODE     S=.text    G=(none)   M=pluginfunc ACBP=A9
 0001:00060748 000001D0 C=CODE     S=.text    G=(none)   M=JclResources ACBP=A9
 0001:00060918 00000038 C=CODE     S=.text    G=(none)   M=JclBase  ACBP=A9
 0001:00060950 00000038 C=CODE     S=.text    G=(none)   M=AccCtrl  ACBP=A9
 0001:00060988 00000040 C=CODE     S=.text    G=(none)   M=JclWin32 ACBP=A9
 0001:000609C8 00000038 C=CODE     S=.text    G=(none)   M=JclConsole ACBP=A9
 0001:00060A00 00000068 C=CODE     S=.text    G=(none)   M=JclWideStrings ACBP=A9
 0001:00060A68 00000038 C=CODE     S=.text    G=(none)   M=JclLogic ACBP=A9
 0001:00060AA0 00000158 C=CODE     S=.text    G=(none)   M=JclStrings ACBP=A9
 0001:00060BF8 00000038 C=CODE     S=.text    G=(none)   M=Jcl8087  ACBP=A9
 0001:00060C30 00000038 C=CODE     S=.text    G=(none)   M=JclMath  ACBP=A9
 0001:00060C68 00000084 C=CODE     S=.text    G=(none)   M=JclSysUtils ACBP=A9
 0001:00060CEC 00000038 C=CODE     S=.text    G=(none)   M=WinSock  ACBP=A9
 0001:00060D24 00000038 C=CODE     S=.text    G=(none)   M=Snmp     ACBP=A9
 0001:00060D5C 00000038 C=CODE     S=.text    G=(none)   M=TlHelp32 ACBP=A9
 0001:00060D94 00000038 C=CODE     S=.text    G=(none)   M=PsAPI    ACBP=A9
 0001:00060DCC 00000038 C=CODE     S=.text    G=(none)   M=JclRegistry ACBP=A9
 0001:00060E04 00000038 C=CODE     S=.text    G=(none)   M=JclIniFiles ACBP=A9
 0001:00060E3C 000006B5 C=CODE     S=.text    G=(none)   M=JclSysInfo ACBP=A9
 0001:000614F4 00000044 C=CODE     S=.text    G=(none)   M=JclShell ACBP=A9
 0001:00061538 00000038 C=CODE     S=.text    G=(none)   M=JclSecurity ACBP=A9
 0001:00061570 00000038 C=CODE     S=.text    G=(none)   M=JclDateTime ACBP=A9
 0001:000615A8 00000124 C=CODE     S=.text    G=(none)   M=JclFileUtils ACBP=A9
 0001:000616CC 00000038 C=CODE     S=.text    G=(none)   M=JvWin32  ACBP=A9
 0001:00061704 00000038 C=CODE     S=.text    G=(none)   M=JvConsts ACBP=A9
 0001:0006173C 0000006C C=CODE     S=.text    G=(none)   M=JVCLVer  ACBP=A9
 0001:000617A8 00000038 C=CODE     S=.text    G=(none)   M=JvComponentBase ACBP=A9
 0001:000617E0 000002B8 C=CODE     S=.text    G=(none)   M=JvResources ACBP=A9
 0001:00061A98 00000AA8 C=CODE     S=.text    G=(none)   M=JvTypes  ACBP=A9
 0001:00062540 00000193 C=CODE     S=.text    G=(none)   M=JvThemes ACBP=A9
 0001:000626D4 0000053C C=CODE     S=.text    G=(none)   M=JvExControls ACBP=A9
 0001:00062C10 00000038 C=CODE     S=.text    G=(none)   M=JvExExtCtrls ACBP=A9
 0001:00062C48 00000038 C=CODE     S=.text    G=(none)   M=JvExForms ACBP=A9
 0001:00062C80 00000BE4 C=CODE     S=.text    G=(none)   M=JvExStdCtrls ACBP=A9
 0001:00063864 00000038 C=CODE     S=.text    G=(none)   M=JvExComCtrls ACBP=A9
 0001:0006389C 00000038 C=CODE     S=.text    G=(none)   M=JvComponent ACBP=A9
 0001:000638D4 00000038 C=CODE     S=.text    G=(none)   M=MaskUtils ACBP=A9
 0001:0006390C 00000038 C=CODE     S=.text    G=(none)   M=Mask     ACBP=A9
 0001:00063944 00000038 C=CODE     S=.text    G=(none)   M=Grids    ACBP=A9
 0001:0006397C 00000038 C=CODE     S=.text    G=(none)   M=JvVCL5Utils ACBP=A9
 0001:000639B4 00000058 C=CODE     S=.text    G=(none)   M=ComConst ACBP=A9
 0001:00063A0C 00000E65 C=CODE     S=.text    G=(none)   M=ComObj   ACBP=A9
 0001:00064874 00000038 C=CODE     S=.text    G=(none)   M=MMSystem ACBP=A9
 0001:000648AC 000001B0 C=CODE     S=.text    G=(none)   M=JvJCLUtils ACBP=A9
 0001:00064A5C 000001BF C=CODE     S=.text    G=(none)   M=JclRTTI  ACBP=A9
 0001:00064C1C 00000038 C=CODE     S=.text    G=(none)   M=JclMime  ACBP=A9
 0001:00064C54 000001D0 C=CODE     S=.text    G=(none)   M=JvPropertyStore ACBP=A9
 0001:00064E24 0000013B C=CODE     S=.text    G=(none)   M=JvAppStorage ACBP=A9
 0001:00064F60 00000044 C=CODE     S=.text    G=(none)   M=JvProgressUtils ACBP=A9
 0001:00064FA4 0000143F C=CODE     S=.text    G=(none)   M=JvJVCLUtils ACBP=A9
 0001:000663E4 00001100 C=CODE     S=.text    G=(none)   M=JvHtControls ACBP=A9
 0001:000674E4 000019C4 C=CODE     S=.text    G=(none)   M=testwnd  ACBP=A9
 0001:00068EA8 0000057D C=CODE     S=.text    G=(none)   M=Utility_NodeTreeView ACBP=A9
 0002:00000000 0000009C C=DATA     S=.data    G=DGROUP   M=System   ACBP=A9
 0002:0000009C 00000030 C=DATA     S=.data    G=DGROUP   M=SysInit  ACBP=A9
 0002:000000CC 00000250 C=DATA     S=.data    G=DGROUP   M=SysUtils ACBP=A9
 0002:0000031C 00000008 C=DATA     S=.data    G=DGROUP   M=VarUtils ACBP=A9
 0002:00000324 0000008E C=DATA     S=.data    G=DGROUP   M=Variants ACBP=A9
 0002:000003B4 0000000C C=DATA     S=.data    G=DGROUP   M=TypInfo  ACBP=A9
 0002:000003C0 00000010 C=DATA     S=.data    G=DGROUP   M=ActiveX  ACBP=A9
 0002:000003D0 00000064 C=DATA     S=.data    G=DGROUP   M=Classes  ACBP=A9
 0002:00000434 00000304 C=DATA     S=.data    G=DGROUP   M=Graphics ACBP=A9
 0002:00000738 00000004 C=DATA     S=.data    G=DGROUP   M=Printers ACBP=A9
 0002:0000073C 000000B4 C=DATA     S=.data    G=DGROUP   M=Dialogs  ACBP=A9
 0002:000007F0 0000018C C=DATA     S=.data    G=DGROUP   M=ExtCtrls ACBP=A9
 0002:0000097C 0000002C C=DATA     S=.data    G=DGROUP   M=Buttons  ACBP=A9
 0002:000009A8 00000008 C=DATA     S=.data    G=DGROUP   M=IniFiles ACBP=A9
 0002:000009B0 00000008 C=DATA     S=.data    G=DGROUP   M=Registry ACBP=A9
 0002:000009B8 00000008 C=DATA     S=.data    G=DGROUP   M=Mapi     ACBP=A9
 0002:000009C0 00000080 C=DATA     S=.data    G=DGROUP   M=ComCtrls ACBP=A9
 0002:00000A40 00000068 C=DATA     S=.data    G=DGROUP   M=Themes   ACBP=A9
 0002:00000AA8 00000084 C=DATA     S=.data    G=DGROUP   M=StdCtrls ACBP=A9
 0002:00000B2C 0000013C C=DATA     S=.data    G=DGROUP   M=Controls ACBP=A9
 0002:00000C68 00000020 C=DATA     S=.data    G=DGROUP   M=ImgList  ACBP=A9
 0002:00000C88 000000EC C=DATA     S=.data    G=DGROUP   M=Menus    ACBP=A9
 0002:00000D74 0000011C C=DATA     S=.data    G=DGROUP   M=Forms    ACBP=A9
 0002:00000E90 00000004 C=DATA     S=.data    G=DGROUP   M=JclWideStrings ACBP=A9
 0002:00000E94 0000000C C=DATA     S=.data    G=DGROUP   M=JclStrings ACBP=A9
 0002:00000EA0 00000008 C=DATA     S=.data    G=DGROUP   M=JclSysUtils ACBP=A9
 0002:00000EA8 00000450 C=DATA     S=.data    G=DGROUP   M=JclSysInfo ACBP=A9
 0002:000012F8 00000004 C=DATA     S=.data    G=DGROUP   M=JclShell ACBP=A9
 0002:000012FC 0000000E C=DATA     S=.data    G=DGROUP   M=JvConsts ACBP=A9
 0002:0000130C 00000438 C=DATA     S=.data    G=DGROUP   M=JvTypes  ACBP=A9
 0002:00001744 00000008 C=DATA     S=.data    G=DGROUP   M=JvExControls ACBP=A9
 0002:0000174C 00000030 C=DATA     S=.data    G=DGROUP   M=ComObj   ACBP=A9
 0002:0000177C 00000048 C=DATA     S=.data    G=DGROUP   M=JvJCLUtils ACBP=A9
 0002:000017C4 00000040 C=DATA     S=.data    G=DGROUP   M=JvPropertyStore ACBP=A9
 0002:00001804 00000004 C=DATA     S=.data    G=DGROUP   M=JvProgressUtils ACBP=A9
 0002:00001808 00000088 C=DATA     S=.data    G=DGROUP   M=JvJVCLUtils ACBP=A9
 0002:00002000 00000664 C=BSS      S=.bss     G=DGROUP   M=System   ACBP=A9
 0002:00002664 00000014 C=BSS      S=.bss     G=DGROUP   M=SysInit  ACBP=A9
 0002:00002678 00000004 C=BSS      S=.bss     G=DGROUP   M=Types    ACBP=A9
 0002:0000267C 00000004 C=BSS      S=.bss     G=DGROUP   M=Windows  ACBP=A9
 0002:00002680 00000004 C=BSS      S=.bss     G=DGROUP   M=Messages ACBP=A9
 0002:00002684 00000004 C=BSS      S=.bss     G=DGROUP   M=SysConst ACBP=A9
 0002:00002688 00000120 C=BSS      S=.bss     G=DGROUP   M=SysUtils ACBP=A9
 0002:000027A8 0000005C C=BSS      S=.bss     G=DGROUP   M=VarUtils ACBP=A9
 0002:00002804 00000040 C=BSS      S=.bss     G=DGROUP   M=Variants ACBP=A9
 0002:00002844 00000004 C=BSS      S=.bss     G=DGROUP   M=RTLConsts ACBP=A9
 0002:00002848 00000004 C=BSS      S=.bss     G=DGROUP   M=TypInfo  ACBP=A9
 0002:0000284C 00000004 C=BSS      S=.bss     G=DGROUP   M=ActiveX  ACBP=A9
 0002:00002850 00000040 C=BSS      S=.bss     G=DGROUP   M=Classes  ACBP=A9
 0002:00002890 00000004 C=BSS      S=.bss     G=DGROUP   M=Consts   ACBP=A9
 0002:00002894 00000060 C=BSS      S=.bss     G=DGROUP   M=Graphics ACBP=A9
 0002:000028F4 00000004 C=BSS      S=.bss     G=DGROUP   M=Math     ACBP=A9
 0002:000028F8 00000004 C=BSS      S=.bss     G=DGROUP   M=Contnrs  ACBP=A9
 0002:000028FC 0000000C C=BSS      S=.bss     G=DGROUP   M=CommCtrl ACBP=A9
 0002:00002908 00000031 C=BSS      S=.bss     G=DGROUP   M=MultiMon ACBP=A9
 0002:0000293C 00000004 C=BSS      S=.bss     G=DGROUP   M=Imm      ACBP=A9
 0002:00002940 00000008 C=BSS      S=.bss     G=DGROUP   M=HelpIntfs ACBP=A9
 0002:00002948 00000004 C=BSS      S=.bss     G=DGROUP   M=WinSpool ACBP=A9
 0002:0000294C 00000004 C=BSS      S=.bss     G=DGROUP   M=Printers ACBP=A9
 0002:00002950 00000034 C=BSS      S=.bss     G=DGROUP   M=FlatSB   ACBP=A9
 0002:00002984 00000004 C=BSS      S=.bss     G=DGROUP   M=SyncObjs ACBP=A9
 0002:00002988 000000CC C=BSS      S=.bss     G=DGROUP   M=UxTheme  ACBP=A9
 0002:00002A54 00000004 C=BSS      S=.bss     G=DGROUP   M=RichEdit ACBP=A9
 0002:00002A58 00000004 C=BSS      S=.bss     G=DGROUP   M=ToolWin  ACBP=A9
 0002:00002A5C 00000004 C=BSS      S=.bss     G=DGROUP   M=ShellAPI ACBP=A9
 0002:00002A60 00000004 C=BSS      S=.bss     G=DGROUP   M=RegStr   ACBP=A9
 0002:00002A64 00000004 C=BSS      S=.bss     G=DGROUP   M=WinInet  ACBP=A9
 0002:00002A68 00000004 C=BSS      S=.bss     G=DGROUP   M=UrlMon   ACBP=A9
 0002:00002A6C 00000004 C=BSS      S=.bss     G=DGROUP   M=ShlObj   ACBP=A9
 0002:00002A70 00000004 C=BSS      S=.bss     G=DGROUP   M=CommDlg  ACBP=A9
 0002:00002A74 00000004 C=BSS      S=.bss     G=DGROUP   M=Dlgs     ACBP=A9
 0002:00002A78 00000038 C=BSS      S=.bss     G=DGROUP   M=Dialogs  ACBP=A9
 0002:00002AB0 00000004 C=BSS      S=.bss     G=DGROUP   M=ExtCtrls ACBP=A9
 0002:00002AB4 00000004 C=BSS      S=.bss     G=DGROUP   M=ComStrs  ACBP=A9
 0002:00002AB8 0000000C C=BSS      S=.bss     G=DGROUP   M=Clipbrd  ACBP=A9
 0002:00002AC4 00000004 C=BSS      S=.bss     G=DGROUP   M=StrUtils ACBP=A9
 0002:00002AC8 00000030 C=BSS      S=.bss     G=DGROUP   M=Buttons  ACBP=A9
 0002:00002AF8 00000004 C=BSS      S=.bss     G=DGROUP   M=ExtDlgs  ACBP=A9
 0002:00002AFC 00000004 C=BSS      S=.bss     G=DGROUP   M=IniFiles ACBP=A9
 0002:00002B00 00000004 C=BSS      S=.bss     G=DGROUP   M=Registry ACBP=A9
 0002:00002B04 00000004 C=BSS      S=.bss     G=DGROUP   M=Mapi     ACBP=A9
 0002:00002B08 00000009 C=BSS      S=.bss     G=DGROUP   M=ExtActns ACBP=A9
 0002:00002B14 00000004 C=BSS      S=.bss     G=DGROUP   M=ListActns ACBP=A9
 0002:00002B18 00000010 C=BSS      S=.bss     G=DGROUP   M=ComCtrls ACBP=A9
 0002:00002B28 00000008 C=BSS      S=.bss     G=DGROUP   M=Themes   ACBP=A9
 0002:00002B30 00000004 C=BSS      S=.bss     G=DGROUP   M=StdCtrls ACBP=A9
 0002:00002B34 00000004 C=BSS      S=.bss     G=DGROUP   M=StdActns ACBP=A9
 0002:00002B38 00000014 C=BSS      S=.bss     G=DGROUP   M=WinHelpViewer ACBP=A9
 0002:00002B4C 00000080 C=BSS      S=.bss     G=DGROUP   M=Controls ACBP=A9
 0002:00002BCC 00000004 C=BSS      S=.bss     G=DGROUP   M=ActnList ACBP=A9
 0002:00002BD0 0000000C C=BSS      S=.bss     G=DGROUP   M=ImgList  ACBP=A9
 0002:00002BDC 00000010 C=BSS      S=.bss     G=DGROUP   M=Menus    ACBP=A9
 0002:00002BEC 00000020 C=BSS      S=.bss     G=DGROUP   M=Forms    ACBP=A9
 0002:00002C0C 00000004 C=BSS      S=.bss     G=DGROUP   M=pluginfunc ACBP=A9
 0002:00002C10 00000004 C=BSS      S=.bss     G=DGROUP   M=JclResources ACBP=A9
 0002:00002C14 00000004 C=BSS      S=.bss     G=DGROUP   M=JclBase  ACBP=A9
 0002:00002C18 00000004 C=BSS      S=.bss     G=DGROUP   M=AccCtrl  ACBP=A9
 0002:00002C1C 00000004 C=BSS      S=.bss     G=DGROUP   M=JclWin32 ACBP=A9
 0002:00002C20 00000004 C=BSS      S=.bss     G=DGROUP   M=JclConsole ACBP=A9
 0002:00002C24 00000004 C=BSS      S=.bss     G=DGROUP   M=JclWideStrings ACBP=A9
 0002:00002C28 00000004 C=BSS      S=.bss     G=DGROUP   M=JclLogic ACBP=A9
 0002:00002C2C 00000504 C=BSS      S=.bss     G=DGROUP   M=JclStrings ACBP=A9
 0002:00003130 00000004 C=BSS      S=.bss     G=DGROUP   M=Jcl8087  ACBP=A9
 0002:00003134 00000004 C=BSS      S=.bss     G=DGROUP   M=JclMath  ACBP=A9
 0002:00003138 00000004 C=BSS      S=.bss     G=DGROUP   M=JclSysUtils ACBP=A9
 0002:0000313C 00000004 C=BSS      S=.bss     G=DGROUP   M=WinSock  ACBP=A9
 0002:00003140 00000004 C=BSS      S=.bss     G=DGROUP   M=Snmp     ACBP=A9
 0002:00003144 00000004 C=BSS      S=.bss     G=DGROUP   M=TlHelp32 ACBP=A9
 0002:00003148 00000004 C=BSS      S=.bss     G=DGROUP   M=PsAPI    ACBP=A9
 0002:0000314C 00000004 C=BSS      S=.bss     G=DGROUP   M=JclRegistry ACBP=A9
 0002:00003150 00000004 C=BSS      S=.bss     G=DGROUP   M=JclIniFiles ACBP=A9
 0002:00003154 00000010 C=BSS      S=.bss     G=DGROUP   M=JclSysInfo ACBP=A9
 0002:00003164 00000004 C=BSS      S=.bss     G=DGROUP   M=JclShell ACBP=A9
 0002:00003168 00000004 C=BSS      S=.bss     G=DGROUP   M=JclSecurity ACBP=A9
 0002:0000316C 00000004 C=BSS      S=.bss     G=DGROUP   M=JclDateTime ACBP=A9
 0002:00003170 00000004 C=BSS      S=.bss     G=DGROUP   M=JclFileUtils ACBP=A9
 0002:00003174 00000004 C=BSS      S=.bss     G=DGROUP   M=JvWin32  ACBP=A9
 0002:00003178 00000004 C=BSS      S=.bss     G=DGROUP   M=JvConsts ACBP=A9
 0002:0000317C 00000004 C=BSS      S=.bss     G=DGROUP   M=JVCLVer  ACBP=A9
 0002:00003180 00000004 C=BSS      S=.bss     G=DGROUP   M=JvComponentBase ACBP=A9
 0002:00003184 00000004 C=BSS      S=.bss     G=DGROUP   M=JvResources ACBP=A9
 0002:00003188 00000004 C=BSS      S=.bss     G=DGROUP   M=JvTypes  ACBP=A9
 0002:0000318C 00000008 C=BSS      S=.bss     G=DGROUP   M=JvThemes ACBP=A9
 0002:00003194 00000004 C=BSS      S=.bss     G=DGROUP   M=JvExControls ACBP=A9
 0002:00003198 00000004 C=BSS      S=.bss     G=DGROUP   M=JvExExtCtrls ACBP=A9
 0002:0000319C 00000004 C=BSS      S=.bss     G=DGROUP   M=JvExForms ACBP=A9
 0002:000031A0 00000004 C=BSS      S=.bss     G=DGROUP   M=JvExStdCtrls ACBP=A9
 0002:000031A4 00000004 C=BSS      S=.bss     G=DGROUP   M=JvExComCtrls ACBP=A9
 0002:000031A8 00000004 C=BSS      S=.bss     G=DGROUP   M=JvComponent ACBP=A9
 0002:000031AC 00000004 C=BSS      S=.bss     G=DGROUP   M=MaskUtils ACBP=A9
 0002:000031B0 00000004 C=BSS      S=.bss     G=DGROUP   M=Mask     ACBP=A9
 0002:000031B4 00000004 C=BSS      S=.bss     G=DGROUP   M=Grids    ACBP=A9
 0002:000031B8 00000004 C=BSS      S=.bss     G=DGROUP   M=JvVCL5Utils ACBP=A9
 0002:000031BC 00000004 C=BSS      S=.bss     G=DGROUP   M=ComConst ACBP=A9
 0002:000031C0 00000011 C=BSS      S=.bss     G=DGROUP   M=ComObj   ACBP=A9
 0002:000031D4 00000004 C=BSS      S=.bss     G=DGROUP   M=MMSystem ACBP=A9
 0002:000031D8 00000004 C=BSS      S=.bss     G=DGROUP   M=JvJCLUtils ACBP=A9
 0002:000031DC 00000008 C=BSS      S=.bss     G=DGROUP   M=JclRTTI  ACBP=A9
 0002:000031E4 00000004 C=BSS      S=.bss     G=DGROUP   M=JclMime  ACBP=A9
 0002:000031E8 00000004 C=BSS      S=.bss     G=DGROUP   M=JvPropertyStore ACBP=A9
 0002:000031EC 00000008 C=BSS      S=.bss     G=DGROUP   M=JvAppStorage ACBP=A9
 0002:000031F4 00000004 C=BSS      S=.bss     G=DGROUP   M=JvProgressUtils ACBP=A9
 0002:000031F8 00000004 C=BSS      S=.bss     G=DGROUP   M=JvJVCLUtils ACBP=A9
 0002:000031FC 00000004 C=BSS      S=.bss     G=DGROUP   M=JvHtControls ACBP=A9
 0002:00003200 00000120 C=BSS      S=.bss     G=DGROUP   M=testwnd  ACBP=A9


  Address         Publics by Name

 0002:00002C20       .01
 0002:000031EC       .01
 0002:000031A8       .01
 0002:000031D8       .1
 0002:000028FC       .1
 0002:00002928       .1
 0002:00002C18       .1
 0002:00002C10       .1
 0002:0000293C       .1
 0002:0000313C       .1
 0002:00003140       .1
 0002:00003164       .1
 0002:00002970       .1
 0002:00002678       .1
 0002:00002A44       .1
 0002:00002A54       .1
 0002:00002670       .1
 0002:00002A5C       .1
 0002:00002A60       .1
 0002:00002A64       .1
 0002:00002A68       .1
 0002:00003144       .1
 0002:00002A6C       .1
 0002:00002A70       .1
 0002:00002A74       .1
 0002:00002890       .1
 0002:00002AB4       .1
 0002:00002AC4       .1
 0002:00003148       .1
 0002:00002B04       .1
 0002:00002B40       .1
 0002:000031B8       .1
 0002:00003184       .1
 0002:0000317C       .1
 0002:00003178       .1
 0002:00002844       .1
 0002:000031BC       .1
 0002:00003174       .1
 0002:000031E4       .1
 0002:00003150       .1
 0002:00002680       .1
 0002:00002684       .1
 0002:00003168       .1
 0002:000031F4       .1
 0002:00003130       .1
 0002:00002C2C       .1
 0002:00002C28       .1
 0002:000031B4       .11
 0002:00002A78       .11
 0002:00002898       .12
 0002:00003198       .12
 0002:00002AB0       .12
 0002:00002C1C       .2
 0002:00003154       .2
 0002:00002940       .2
 0002:000031AC       .2
 0002:00002B28       .2
 0002:0000314C       .2
 0002:0000318C       .2
 0002:000028F4       .2
 0002:00003180       .2
 0002:0000331C       .2
 0002:0000316C       .2
 0002:00002ABC       .2
 0002:000028F8       .21
 0002:00002C0C       .3
 0002:00002C24       .3
 0002:00002948       .3
 0002:0000294C       .3
 0002:00002BD0       .3
 0002:0000267C       .3
 0002:0000284C       .3
 0002:00002AF8       .3
 0002:00002798       .35
 0002:00002B18       .36
 0002:00002A58       .4
 0002:00002AC8       .4
 0002:000031DC       .4
 0002:00002C14       .4
 0002:000031E8       .4
 0002:00002BF4       .41
 0002:000031C0       .41
 0002:00003170       .42
 0002:00002B30       .42
 0002:0000285C       .45
 0002:00003138       .5
 0002:000031B0       .5
 0002:00002800       .5
 0002:00002B00       .5
 0002:000025BC       .5
 0002:00002848       .6
 0002:000031F8       .6
 0002:00002984       .6
 0002:00003188       .7
 0002:000031D4       .7
 0002:00003134       .7
 0002:000031FC       .7
 0002:00002B08       .72
 0002:00002B54       .72
 0002:00002B34       .73
 0002:00002AFC       .8
 0002:00002BCC       .8
 0002:00002B14       .8
 0002:00002824       .81
 0002:000031A0       .81
 0002:00002BE4       .9
 0002:0000319C       .9
 0002:00003194       .9
 0002:000031A4       .92
 0001:00001CEC       @AbstractError
 0001:00002874       @AfterConstruction
 0001:000026A0       @AsClass
 0001:00001E60       @AStrCmp
 0001:00002884       @BeforeDestruction
 0001:00002420       @BoundErr
 0001:000026EC       @CallDynaInst
 0001:0000281C       @ClassCreate
 0001:0000286C       @ClassDestroy
 0001:00001D5C       @Close
 0001:00001BF4       @Copy
 0001:00004008       @CopyArray
 0001:00003EEC       @CopyRecord
 0001:00004174       @DispCallByIDError
 0001:0000E3C8       @DispInvokeError
 0001:00004110       @Dispose
 0001:00002D00       @DoneExcept
 0001:000045E8       @DynArrayAsg
 0001:000045AC       @DynArrayClear
 0001:000043CC       @DynArrayHigh
 0001:000043C4       @DynArrayLength
 0001:000045A0       @DynArraySetLength
 0001:00002DE8       @ExceptionHandler
 0001:00001ED0       @FillChar
 0001:00003EC8       @Finalize
 0001:00003DDC       @FinalizeArray
 0001:00003D90       @FinalizeRecord
 0001:00002704       @FindDynaInst
 0001:00002414       @FpuInit
 0001:00002350       @FpuMaskInit
 0001:00001A68       @FreeMem
 0001:00001A38       @GetMem
 0001:000054B8       @GetTls
 0001:000032FC       @Halt
 0001:0000321C       @Halt0
 0001:00002998       @HandleAnyException
 0001:00002C4C       @HandleFinally
 0001:00002AC4       @HandleOnException
 0001:00003D84       @Initialize
 0001:00003CF0       @InitializeArray
 0001:00003CC0       @InitializeRecord
 0001:000030C4       @InitImports
 0001:00005504       @InitLib
 0001:0000309C       @InitResStringImports
 0001:00003078       @InitResStrings
 0001:000030E8       @InitWideStrings
 0001:00004D74       @IntfAddRef
 0001:00004D44       @IntfCast
 0001:00004D00       @IntfClear
 0001:00004D18       @IntfCopy
 0001:0000267C       @IsClass
 0001:00002320       @isNECWindows
 0001:000037C4       @LStrAddRef
 0001:00003338       @LStrArrayClr
 0001:00003368       @LStrAsg
 0001:000035DC       @LStrCat
 0001:00003620       @LStrCat3
 0001:00003694       @LStrCatN
 0001:00003314       @LStrClr
 0001:00003720       @LStrCmp
 0001:00003834       @LStrCopy
 0001:00003874       @LStrDelete
 0001:00003584       @LStrFromArray
 0001:000034FC       @LStrFromChar
 0001:0000350C       @LStrFromPChar
 0001:00003404       @LStrFromPCharLen
 0001:0000353C       @LStrFromPWChar
 0001:00003470       @LStrFromPWCharLen
 0001:00003578       @LStrFromString
 0001:0000359C       @LStrFromWStr
 0001:000038BC       @LStrInsert
 0001:000033AC       @LStrLAsg
 0001:000035D4       @LStrLen
 0001:000039C4       @LStrOfChar
 0001:00003918       @LStrPos
 0001:00003960       @LStrSetLength
 0001:000037D4       @LStrToPChar
 0001:000035B0       @LStrToString
 0001:000040FC       @New
 0001:000033D8       @NewAnsiString
 0001:000039F8       @NewWideString
 0001:00002034       @Pow10
 0001:00001DDC       @PStrCmp
 0001:00001DB4       @PStrCpy
 0001:00001DC0       @PStrNCpy
 0001:00002CAC       @RaiseAgain
 0001:00002C84       @RaiseExcept
 0001:00001A88       @ReallocMem
 0001:00001CBC       @ROUND
 0001:00003308       @RunError
 0001:00001FF4       @SetElem
 0001:00002018       @SetEq
 0001:00002FB0       @StartLib
 0001:000002AC       @strlen
 0001:00001CC8       @TRUNC
 0001:00002D30       @TryFinallyExit
 0001:0000382C       @UniqueStringA
 0001:000041A0       @ValInt64
 0001:00001EF0       @ValLong
 0001:00012B0C       @VarAddRef
 0001:0000ECBC       @VarCast
 0001:0000E6B4       @VarClear
 0001:0000E6C8       @VarClr
 0001:00003DC4       @VarClr
 0001:00003ED4       @VarCopy
 0001:0000E9F0       @VarCopy
 0001:000129EC       @VarFromBool
 0001:00012878       @VarFromByte
 0001:00012A3C       @VarFromCurr
 0001:00012994       @VarFromCurrency
 0001:000129C0       @VarFromDate
 0001:00012AE0       @VarFromDisp
 0001:00012968       @VarFromDouble
 0001:0001281C       @VarFromInt
 0001:00012918       @VarFromInt64
 0001:00012858       @VarFromInteger
 0001:00012AB4       @VarFromIntf
 0001:000128B8       @VarFromLongWord
 0001:00012A50       @VarFromLStr
 0001:00012A14       @VarFromReal
 0001:000128D8       @VarFromShortInt
 0001:00012944       @VarFromSingle
 0001:000128F8       @VarFromSmallInt
 0001:00012A28       @VarFromTDateTime
 0001:00012898       @VarFromWord
 0001:00012A7C       @VarFromWStr
 0001:0000E41C       @VarNull
 0001:00010140       @VarToBoolean
 0001:0000F580       @VarToByte
 0001:00011304       @VarToCurrency
 0001:00010D9C       @VarToDate
 0001:00012770       @VarToDisp
 0001:00010648       @VarToDouble
 0001:0000FB44       @VarToInt64
 0001:0000F080       @VarToInteger
 0001:000126A4       @VarToIntf
 0001:0000F7F8       @VarToLongWord
 0001:000119B8       @VarToLStr
 0001:0000F4D0       @VarToShortInt
 0001:000109C4       @VarToSingle
 0001:0000F628       @VarToSmallInt
 0001:0000F720       @VarToWord
 0001:000120D8       @VarToWStr
 0001:00003A38       @WStrArrayClr
 0001:00003A5C       @WStrAsg
 0001:00003A20       @WStrClr
 0001:00003BA8       @WStrCmp
 0001:00003C2C       @WStrCopy
 0001:00003B7C       @WStrFromLStr
 0001:00003A80       @WStrFromPCharLen
 0001:00003B40       @WStrFromPWChar
 0001:00003B0C       @WStrFromPWCharLen
 0001:00003B30       @WStrFromWChar
 0001:00003B9C       @WStrLen
 0001:00003C78       @WStrSetLength
 0001:00003B8C       @WStrToPWChar
 0001:00001FD0       @_CLenToPasStr
 0001:00001FC4       @_CToPasStr
 0001:00001BC4       @_IOTest
 0001:0000417C       @_llmul
 0001:0003CEF4       AbsMin
 0001:0000B030       AbstractErrorHandler
 0002:0000202C       AbstractErrorProc
 0001:00060980       AccCtrl
 0002:0000014C       AccessMode
 0001:00001B24       AcquireExceptionObject
 0001:000160F8       ActivateClassGroup
 0001:00005B7C       ActivateKeyboardLayout
 0002:00002B88       ActiveDrag
 0001:00013D50       ActiveX
 0001:0004C1D4       ActnList
 0001:0000040C       AddBlockAfter
 0002:000003D0       AddDataModule
 0001:00019484       AddFinished
 0001:0004F67C       AddIn
 0001:00004B58       AddModuleUnloadProc
 0001:00004B68       AddModuleUnloadProc
 0001:000194BC       AddNotFinished
 0001:00019EE0       AddSubComponentsToLoaded
 0001:00021608       AdjustColor
 0001:0002C8B0       AdjustColors
 0001:00056764       Adjustment
 0001:00005B84       AdjustWindowRectEx
 0002:00000AB0       Alignments
 0002:00000AC8       Alignments
 0002:000007F8       Alignments
 0002:00000D5C       Alignments
 0002:00000D4C       Alignments
 0001:0005D75C       AlignWork
 0001:00042560       AlignWork
 0001:0001D5D4       AllocateHWnd
 0002:000012F0       AllocGranularity
 0001:00007250       AllocMem
 0002:000025B4       AllocMemCount
 0002:000025B8       AllocMemSize
 0001:00026764       AllocPatternBitmap
 0001:000053E8       AllocTlsBuffer
 0002:00000B38       AnchorAlign
 0002:00000B2C       AnimateWindowProc
 0002:00000C34       AnimationStyle
 0002:00002C30       AnsiCaseMap
 0002:00000E94       AnsiCaseMapReady
 0002:00002F30       AnsiCharTypes
 0001:00007440       AnsiCompareStr
 0001:00007478       AnsiCompareText
 0001:00007A88       AnsiLastChar
 0001:00005B8C       AnsiLower
 0001:0000740C       AnsiLowerCase
 0001:0000B98C       AnsiLowerCaseFileName
 0001:0000B950       AnsiPos
 0001:00053F04       AnsiSameCaption
 0001:000074B0       AnsiSameText
 0001:000074C8       AnsiStrLIComp
 0001:0000BA18       AnsiStrPos
 0001:0000BAD8       AnsiStrRScan
 0001:0000BB20       AnsiStrScan
 0001:00005174       AnsiToUtf8
 0001:000073D8       AnsiUpperCase
 0001:0001262C       AnyToIntf
 0001:00008F6C       AppendChars
 0001:00009338       AppendFormat
 0001:00008FD0       AppendNumber
 0001:00008FB0       AppendString
 0002:00002BEC       Application
 0002:000003E0       ApplicationHandleException
 0002:000003E8       ApplicationShowException
 0002:00000E88       AppVisible
 0001:0000B014       AssertErrorHandler
 0002:00002024       AssertErrorProc
 0001:00013788       AssignLongStr
 0001:00013B2C       AssignVariant
 0002:00000A28       AutoExpandStyles
 0002:0000260C       avail
 0001:00007BCC       BackfillGetDiskFreeSpaceEx
 0001:0003FA88       BackgroundClipped
 0001:0000D338       BackupVarBoolFromStr
 0001:0000D498       BackupVarBStrFromBool
 0001:0000D3B8       BackupVarBStrFromCy
 0001:0000D428       BackupVarBStrFromDate
 0001:0000D2CC       BackupVarCyFromStr
 0001:0000D260       BackupVarDateFromStr
 0001:0000D11C       BackupVarI4FromStr
 0001:0000D0C8       BackupVariantChangeTypeEx
 0001:0000D188       BackupVarR4FromStr
 0001:0000D1F4       BackupVarR8FromStr
 0001:0000B610       Beep
 0001:00016450       BeginGlobalLoading
 0001:00005B94       BeginPaint
 0001:00021614       BetterSize
 0001:00050510       BiDiDraw
 0001:00005954       BitBlt
 0002:0000097C       BitBtnCaptions
 0002:00002ACC       BitBtnGlyphs
 0002:000006EC       BitmapCanvasList
 0002:000028B0       BitmapImageLock
 0001:0000D104       BiUnimplemented
 0002:00000408       BlockCode
 0002:000025E4       blockDescBlockList
 0002:000025E8       blockDescFreeList
 0002:000003B4       BooleanIdents
 0002:00000330       BooleanToStringRule
 0002:00000E98       Bools
 0001:00007920       BoolToStr
 0001:00011740       BoolToWStrViaOS
 0002:000009E0       BorderStyles
 0002:00000AA8       BorderStyles
 0002:000007F0       BorderStyles
 0001:000153F4       Bounds
 0001:000055C0       Bounds
 0002:00000CF4       Breaks
 0002:000028E8       BrushManager
 0001:00052CE4       BuildImage
 0002:00000798       ButtonCaptions
 0002:0000076C       ButtonNames
 0002:00001810       ButtonNames
 0002:00000D70       Buttons
 0001:0002D248       Buttons
 0002:00000AC0       ButtonStyles
 0002:000009F8       ButtonStyles
 0002:00002A84       ButtonWidths
 0001:00020DE0       BytesPerScanline
 0001:00021144       ByteSwapColors
 0001:0000B6F4       ByteToCharIndex
 0001:0000B6CC       ByteToCharLen
 0001:0000B690       ByteType
 0001:0000B618       ByteTypeTest
 0002:00002BD4       CachedComCtrlVer
 0002:000009D8       cAddMode
 0001:0001D510       CalcJmpOffset
 0001:000655EC       CalcPos
 0001:0004A240       CalcSplitterPos
 0001:00005B9C       CallNextHookEx
 0001:0000C55C       CallTerminateProcs
 0001:00005BA4       CallWindowProc
 0001:00068F3C       CanAddToMenu
 0001:0003DF2C       CancelDrag
 0002:000028EC       CanvasList
 0002:00002B9C       CanvasList
 0001:00065048       CanvasMaxTextHeight
 0002:00000744       Captions
 0002:00000BF0       CaptureControl
 0002:00000C94       cBooleanToItemAutoFlag
 0001:000055DC       CenterPoint
 0002:00002ABA       CF_COMPONENT
 0002:00002AB8       CF_PICTURE
 0002:0000281C       ChangeAnyProc
 0001:0003C4AC       ChangeBiDiModeAlignment
 0001:00003434       CharFromWChar
 0001:00060B54       CharIsLower
 0001:00060B68       CharIsUpper
 0001:0000B8D8       CharLength
 0001:00005BAC       CharLowerBuff
 0001:00005BB4       CharNext
 0001:0000022C       CharNext
 0001:0001F5E4       CharsetToIdent
 0001:0000B7E0       CharToByteIndex
 0001:0000B844       CharToByteLen
 0001:00005BBC       CharToOemA
 0001:00005BC4       CharUpperBuff
 0001:00021BF8       CheckBool
 0001:00002914       CheckJmp
 0001:00005BCC       CheckMenuItem
 0002:00000CE4       Checks
 0001:00019F1C       CheckSubComponents
 0001:0001C2E8       CheckSynchronize
 0001:0005615C       CheckTaskWindow
 0001:0003DBE0       CheckUndock
 0001:0000B504       CheckWin32Version
 0002:00000334       CInvalidCustomVariantType
 0002:00000C98       cItemAutoFlagToBoolean
 0002:00000C90       cItemAutoFlagToMenu
 0001:0001D760       Classes
 0001:00015EBC       ClassNotFound
 0002:00002818       ClearAnyProc
 0001:0001EE40       ClearColor
 0001:00064554       ClearExcepInfo
 0001:00064AD0       ClearInfoList
 0001:00012E48       ClearVariantTypeList
 0001:00005BD4       ClientToScreen
 0001:000477E4       ClientToWindow
 0002:000006E4       ClipboardFormats
 0001:0002D0E8       Clipbrd
 0001:00005BDC       CloseClipboard
 0001:00005724       CloseHandle
 0002:0000298C       CloseThemeData
 0002:00002040       CmdLine
 0002:0000203C       CmdShow
 0002:00000C8C       cMenuAutoFlagToItem
 0001:0000D110       CmpUnimplemented
 0002:00001754       CoAddRefServerProcess
 0002:0000174C       CoCreateInstanceEx
 0002:00001764       CoInitFlags
 0001:00013CF4       CoInitialize
 0002:00001750       CoInitializeEx
 0002:00000464       Colors
 0001:0001F3DC       ColorToIdent
 0002:00000804       ColorToPretyName
 0001:0001F3A8       ColorToRGB
 0002:0000130C       ColorValues
 0001:0000595C       CombineRgn
 0002:000031C8       ComClassManagerVar
 0001:00063A04       ComConst
 0002:00002900       ComCtl32DLL
 0002:00002B24       ComCtlVersion
 0001:00033B18       ComCtrls
 0002:00002BE8       CommandPool
 0001:00027078       CommCtrl
 0001:000298F4       CommDlg
 0001:0000078C       Commit
 0002:00002628       committedRoot
 0001:0006481C       ComObj
 0001:0004EC60       CompareFront
 0001:00007340       CompareMem
 0001:00007310       CompareStr
 0001:0000572C       CompareString
 0001:00007360       CompareText
 0001:00007848       CompareWith
 0001:00019FFC       ComponentCreated
 0001:000219B8       ComputeAldusChecksum
 0001:0002D0A4       ComStrs
 0002:0000330C       cond
 0001:0001DACC       Consts
 0001:00026C64       Contnrs
 0002:00002B5A       ControlAtom
 0002:00002B60       ControlAtomString
 0001:0005AF4C       ControlHasHelp
 0001:0004AEDC       Controls
 0002:0000183C       Conversions
 0001:0000AA18       ConvertAddr
 0001:000090C4       ConvertEraString
 0001:0000722C       ConvertErrorFmt
 0001:00009230       ConvertYearString
 0001:000043D4       CopyArray
 0001:00023D94       CopyBitmap
 0001:0002445C       CopyBitmapAsMask
 0001:00005964       CopyEnhMetaFile
 0001:000243F8       CopyPalette
 0002:00000A44       Copyright
 0001:00051D90       CopyToBest
 0002:00001758       CoReleaseServerProcess
 0002:0000175C       CoResumeClassObjects
 0002:00001760       CoSuspendClassObjects
 0001:00013CFC       CoUninitialize
 0001:0000B750       CountChars
 0002:000028C8       CounterLock
 0002:00000338       CRangeToType
 0002:00001300       crDragAlt
 0001:00064EF0       CreateAppStoragePropertyEngineList
 0001:0000AF58       CreateAssertException
 0001:0000B0E0       CreateAVObject
 0001:0000596C       CreateBitmap
 0001:00005974       CreateBrushIndirect
 0001:0000597C       CreateCompatibleBitmap
 0001:00005984       CreateCompatibleDC
 0001:0001A07C       CreateComponent
 0001:00005994       CreateDIBitmap
 0001:0000598C       CreateDIBSection
 0001:00005734       CreateEvent
 0001:0000573C       CreateFile
 0001:0000599C       CreateFontIndirect
 0001:000059A4       CreateHalftonePalette
 0001:00005BE4       CreateIcon
 0001:0000AE84       CreateInOutError
 0001:00005BEC       CreateMenu
 0001:0002A3B4       CreateMessageDialog
 0001:000059AC       CreatePalette
 0001:000059B4       CreatePenIndirect
 0001:00005BF4       CreatePopupMenu
 0001:000059BC       CreateRectRgn
 0001:000059C4       CreateSolidBrush
 0001:0002119C       CreateSystemPalette
 0001:00005744       CreateThread
 0001:000061A4       CreateWindow
 0001:0000614C       CreateWindowEx
 0001:00062948       CreateWMMessage
 0001:00062964       CreateWMMessage
 0002:00000B30       CreationControl
 0002:0000073C       CreationControl
 0002:000003A0       CRelationshipToBoolean
 0002:0000031C       CResult
 0002:00001304       crMultiDragAlt
 0002:000012FC       crMultiDragLink
 0002:00001308       crMultiDragLinkAlt
 0002:00000B1C       CSHREDRAW
 0002:00000144       cSimpleBoolStrs
 0002:0000034C       CText
 0002:00000C2C       Ctl3DStyles
 0002:00002620       curAlloc
 0002:00002690       CurrencyDecimals
 0002:0000268C       CurrencyFormat
 0002:00002688       CurrencyString
 0001:00008F58       CurrentYear
 0001:00008AE4       CurrToStr
 0001:000116D0       CurrToWStrViaOS
 0002:00000E0C       CursorMap
 0002:00000B40       Cursors
 0001:0003C7CC       CursorToIdent
 0002:00000DFC       cUseAlpha
 0002:00000E04       cUseColorKey
 0001:0000759C       CvtInt
 0001:00007608       CvtInt64
 0002:00000184       CWNear
 0002:00000B24       Data
 0002:00002691       DateSeparator
 0001:00009B6C       DateTimeToStr
 0001:00009B10       DateTimeToString
 0001:00008BA4       DateTimeToTimeStamp
 0001:00011708       DateToWStrViaOS
 0002:0000177C       Day
 0001:00008F30       DayOfWeek
 0002:00000180       DCon10
 0002:00000460       DDBsOnly
 0001:0001D688       DeallocateHWnd
 0002:00000028       DebugHook
 0002:0000268F       DecimalSeparator
 0001:00008F10       DecodeDate
 0001:00008DC0       DecodeDateFully
 0001:00008C58       DecodeTime
 0001:0000084C       Decommit
 0001:00000F78       DecommitFree
 0002:000025FC       decommittedRoot
 0001:0005E398       Default
 0001:00058BCC       Default
 0002:00000020       Default8087CW
 0002:00000B34       DefaultDockTreeClass
 0001:0002EDC0       DefaultTreeViewSort
 0002:000025C0       DefaultUserCodePage
 0002:000006B4       DefBrushData
 0002:00001808       DefCompanyName
 0002:00000434       DefFontData
 0001:00005BFC       DefFrameProc
 0002:00000210       DefLongDayNames
 0002:000001C4       DefLongMonthNames
 0001:00005C04       DefMDIChildProc
 0002:00000694       DefPenData
 0002:000001F4       DefShortDayNames
 0002:00000194       DefShortMonthNames
 0001:00005C0C       DefWindowProc
 0001:00004640       DelayLoadResourceModule
 0001:00000468       DeleteBlock
 0001:00000378       DeleteCriticalSection
 0001:0000574C       DeleteCriticalSection
 0001:000059CC       DeleteDC
 0001:000059D4       DeleteEnhMetaFile
 0001:00000D60       DeleteFree
 0001:00005C14       DeleteMenu
 0001:000059DC       DeleteObject
 0001:00064AAC       DeleteType
 0001:00023950       DeselectBitmap
 0001:00064F04       DestroyAppStoragePropertyEngineList
 0001:00005C1C       DestroyCursor
 0001:00005C24       DestroyIcon
 0001:0002D178       DestroyLocals
 0001:00005C2C       DestroyMenu
 0001:00005C34       DestroyWindow
 0001:00039A38       DialogEnumerationTester
 0001:0002AC04       Dialogs
 0002:000006F0       DIBPalSizes
 0002:0000008C       dig
 0001:00055F98       DisableTaskWindows
 0001:00063F68       DispatchInvoke
 0001:00064548       DispatchInvokeError
 0001:00062B5C       DispatchIsDesignMsg
 0001:00005C3C       DispatchMessage
 0001:0005C22C       DispatchShortCut
 0001:00064564       DispCall
 0001:00064648       DispCallByID
 0002:00002000       DispCallByIDProc
 0001:00064474       DispCallError
 0001:00007210       DivMod
 0002:00003204       dlg
 0001:00062A6C       DlgCodesToDlgc
 0001:00062A14       DlgcToDlgCodes
 0001:0002992C       Dlgs
 0002:0000266C       DllProc
 0001:000423F0       DoAlign
 0001:0005D610       DoAlign
 0001:000464A4       DoCalcConstraints
 0002:00002B90       DockSiteList
 0001:000529B0       DoClick
 0001:00043B34       DoControlMsg
 0001:00055F48       DoDisableWindow
 0001:0003D50C       DoDragOver
 0001:00048514       DoFindControlZone
 0001:0005609C       DoFindWindow
 0001:00048AA0       DoFindZone
 0001:00048598       DoForEach
 0001:00049EA4       DoGetNextLimit
 0001:00055F10       DoneApplication
 0001:0004AC04       DoneControls
 0001:0000B414       DoneExceptions
 0001:0005A5A8       DoNestedActivation
 0001:0001C2A8       DoneThreadSynchronization
 0001:0005F588       DoOnHelp
 0001:00041FB0       DoPosition
 0001:0005D460       DoPosition
 0001:000494CC       DoPrune
 0001:0002BD70       DoRect
 0001:000499A4       DoSaveZone
 0001:00049BA8       DoSetNewBounds
 0002:000003BC       DotSep
 0001:00022A6C       DoWrite
 0001:00021E50       DoWrite
 0001:0004D2C0       DoWrite
 0001:00017550       DoWrite
 0001:0004311C       DoWriteDesignSize
 0001:00040B88       DoWriteIsControl
 0002:00002B74       DragCapture
 0002:00002B68       DragControl
 0001:0003DC54       DragDone
 0001:0003D4BC       DragFindTarget
 0001:0003D490       DragFindWindow
 0002:00002B8C       DragImageList
 0001:0003D8AC       DragInit
 0001:0003DA1C       DragInitControl
 0002:00002B70       DragInternalObject
 0001:0003D3D8       DragMessage
 0002:00002B6C       DragObject
 0002:00002B98       DragSave
 0002:00002B80       DragSaveCursor
 0002:00002B78       DragStartPos
 0002:00000A10       DragStyles
 0002:00002B84       DragThreshold
 0001:0003D5DC       DragTo
 0001:00065668       Draw
 0001:0005E3D4       DrawAppIcon
 0002:0000180C       DrawBitmap
 0001:00049038       DrawCloseButton
 0001:00062734       DrawDotNetControl
 0001:00005C44       DrawEdge
 0001:00005C4C       DrawFocusRect
 0001:00005C54       DrawFrameControl
 0001:00049090       DrawGrabberLine
 0001:00005C5C       DrawIcon
 0001:00005C64       DrawIconEx
 0002:00000C68       DrawingStyles
 0001:00005C6C       DrawMenuBar
 0001:00053D20       DrawMenuItem
 0001:00005C74       DrawText
 0002:00002990       DrawThemeBackground
 0002:000029B4       DrawThemeEdge
 0002:000029B8       DrawThemeIcon
 0002:00002A3C       DrawThemeParentBackground
 0002:00002994       DrawThemeText
 0001:00020C60       DupBits
 0001:000043EC       DynArrayClear
 0001:000043F4       DynArraySetLength
 0002:00000D54       EdgeStyle
 0002:00000C1C       EdgeStyles
 0002:00000A00       EditStyles
 0001:0000AE58       EHeapException.FreeInstance
 0001:00005C7C       EmptyClipboard
 0002:00002804       EmptyParam
 0002:000000CC       EmptyStr
 0002:000000D0       EmptyWideStr
 0001:00005C84       EnableMenuItem
 0002:00000CEC       Enables
 0001:00005C8C       EnableScrollBar
 0001:0005604C       EnableTaskWindows
 0002:00002A24       EnableThemeDialogTexture
 0002:00002A40       EnableTheming
 0001:00005C94       EnableWindow
 0001:000164D8       EndGlobalLoading
 0001:00005C9C       EndPaint
 0001:00005754       EnterCriticalSection
 0001:00000368       EnterCriticalSection
 0001:0000575C       EnumCalendarInfoA
 0002:00002924       EnumDisplayMonitors
 0001:0000A68C       EnumEraNames
 0001:0000A6C8       EnumEraYearOffsets
 0001:00059190       EnumMonitorsProc
 0001:00005CA4       EnumThreadWindows
 0001:0001982C       EnumValue
 0001:00005CAC       EnumWindows
 0001:00063C98       EOleException.Create
 0001:00063BC8       EOleSysError.Create
 0001:00005CB4       EqualRect
 0002:00002758       EraNames
 0001:00009DE4       EraToYear
 0002:00002774       EraYearOffsets
 0002:00000064       errCaption
 0001:0004E9B0       Error
 0001:00001BB8       Error
 0001:00015A60       Error
 0001:00019010       Error
 0002:00000004       ErrorAddr
 0001:00001B6C       ErrorAt
 0001:0000AF04       ErrorHandler
 0002:0000022C       ErrorMap
 0002:00002008       ErrorProc
 0002:000023E8       ErrOutput
 0001:00001AF8       ExceptAddr
 0002:0000200C       ExceptClsProc
 0001:0000B380       ExceptHandler
 0001:0000AC84       Exception.Create
 0001:0000ACC0       Exception.CreateFmt
 0001:0000AE10       Exception.CreateHelp
 0001:0000AD40       Exception.CreateRes
 0001:0000AD7C       Exception.CreateResFmt
 0002:0000201C       ExceptionClass
 0001:0000AA24       ExceptionErrorMessage
 0002:00000264       ExceptMap
 0001:00001AD8       ExceptObject
 0002:00002010       ExceptObjProc
 0002:00002004       ExceptProc
 0001:000059E4       ExcludeClipRect
 0001:000606E0       ExecuteScriptLines
 0002:00000000       ExitCode
 0001:00003160       ExitDll
 0002:00002048       ExitProc
 0001:00000234       ExitProcess
 0002:00002028       ExitProcessProc
 0001:00005494       ExitProcessTLS
 0001:0000546C       ExitThreadTLS
 0001:00007B90       ExpandFileName
 0001:0002D434       ExtActns
 0001:0002D034       ExtCtrls
 0001:0002D2A0       ExtDlgs
 0002:00000AFC       ExtendSelects
 0001:00007B48       ExtractFileExt
 0001:00007B10       ExtractFileName
 0001:00065394       ExtractPropertyValue
 0001:000059EC       ExtTextOut
 0002:00003310       f
 0002:00002794       FalseBoolStrs
 0002:00002AC0       FClipboard
 0002:00000174       FCon1E18
 0001:00007A80       FileClose
 0001:000079C4       FileCreate
 0001:000079E8       FileCreate
 0002:000006E8       FileFormats
 0002:00000008       FileMode
 0001:0000796C       FileOpen
 0001:000079F0       FileRead
 0002:000003F8       FilerSignature
 0001:00007A48       FileSeek
 0001:00007A1C       FileWrite
 0001:00000E98       FillAfterGap
 0001:00000E38       FillBeforeGap
 0001:00000F38       FillerSizeAfterGap
 0001:00000EC0       FillerSizeBeforeGap
 0001:00005CBC       FillRect
 0001:0000CEA8       Finalization
 0001:00064F60       Finalization
 0001:00064F18       Finalization
 0001:00064DD4       Finalization
 0001:0000D864       Finalization
 0001:00064C1C       Finalization
 0001:00064BC0       Finalization
 0001:000649B8       Finalization
 0001:00064874       Finalization
 0001:0006479C       Finalization
 0001:000639D4       Finalization
 0001:00066378       Finalization
 0001:0000663C       Finalization
 0001:0000632C       Finalization
 0001:000062F4       Finalization
 0001:00013294       Finalization
 0001:000134A0       Finalization
 0001:00013C68       Finalization
 0001:0006397C       Finalization
 0001:00013D20       Finalization
 0001:00063944       Finalization
 0001:00054000       Finalization
 0001:0004DA10       Finalization
 0001:0004C1A4       Finalization
 0001:0004AE74       Finalization
 0001:0006390C       Finalization
 0001:000638D4       Finalization
 0001:0006389C       Finalization
 0001:0001D6B0       Finalization
 0001:0001DA9C       Finalization
 0001:00063864       Finalization
 0001:0006382C       Finalization
 0001:0006058C       Finalization
 0001:0002679C       Finalization
 0001:000674AC       Finalization
 0001:0002697C       Finalization
 0001:00060710       Finalization
 0001:000608E0       Finalization
 0001:00060918       Finalization
 0001:00026C34       Finalization
 0001:00060950       Finalization
 0001:00060990       Finalization
 0001:000609C8       Finalization
 0001:00060A0C       Finalization
 0001:00060A68       Finalization
 0001:00060B9C       Finalization
 0001:00060BF8       Finalization
 0001:00060C30       Finalization
 0001:00027048       Finalization
 0001:00060C9C       Finalization
 0001:000277C8       Finalization
 0001:00027808       Finalization
 0001:00060CEC       Finalization
 0001:00060D24       Finalization
 0001:000287F0       Finalization
 0001:00028838       Finalization
 0001:00028870       Finalization
 0001:00005608       Finalization
 0001:00028B94       Finalization
 0001:00028D40       Finalization
 0001:0000554C       Finalization
 0001:000296C4       Finalization
 0001:00029734       Finalization
 0001:0002976C       Finalization
 0001:000297AC       Finalization
 0001:000297E4       Finalization
 0001:0002981C       Finalization
 0001:00005290       Finalization
 0001:00029854       Finalization
 0001:0002988C       Finalization
 0001:000298C4       Finalization
 0001:000298FC       Finalization
 0001:0002ABA8       Finalization
 0001:0002CFEC       Finalization
 0001:0002D074       Finalization
 0001:0002D0AC       Finalization
 0001:0002D140       Finalization
 0001:0002D210       Finalization
 0001:0002D270       Finalization
 0001:0002D2C0       Finalization
 0001:0002D328       Finalization
 0001:0002D38C       Finalization
 0001:0002D3E4       Finalization
 0001:0002D43C       Finalization
 0001:00062C48       Finalization
 0001:00062C10       Finalization
 0001:00062BD8       Finalization
 0001:0006268C       Finalization
 0001:000621E8       Finalization
 0001:00061A60       Finalization
 0001:000617A8       Finalization
 0001:00061770       Finalization
 0001:00061704       Finalization
 0001:000616CC       Finalization
 0001:00061694       Finalization
 0001:00061570       Finalization
 0001:00061538       Finalization
 0001:000614F4       Finalization
 0001:0006148C       Finalization
 0001:00033AA0       Finalization
 0001:00068E70       Finalization
 0001:000344E0       Finalization
 0001:00060D5C       Finalization
 0001:00069070       Finalization
 0001:00060D94       Finalization
 0001:00039CB0       Finalization
 0001:00060DCC       Finalization
 0001:00038EC4       Finalization
 0001:0003902C       Finalization
 0001:00060E04       Finalization
 0001:000043E4       FinalizeArray
 0001:000612E8       FinalizeSysInfo
 0001:00002ED0       FinalizeUnits
 0001:00062658       FinalizeWMPrintClientFix
 0001:00052770       Find
 0001:000046D0       FindBS
 0001:00015F7C       FindClass
 0001:00004638       FindClassHInstance
 0001:00000244       FindClose
 0001:00000DF4       FindCommitted
 0001:0003C5AC       FindControl
 0001:00048CCC       FindControlAtPos
 0001:000131A4       FindCustomVariantType
 0001:000130EC       FindCustomVariantType
 0001:0003DF78       FindDragTarget
 0001:0001A22C       FindExistingComponent
 0001:0000024C       FindFirstFile
 0001:00016368       FindGlobalComponent
 0001:000561A8       FindGlobalComponent
 0002:00002868       FindGlobalComponentProcs
 0001:00004610       FindHInstance
 0001:00016210       FindIdentToInt
 0001:00068C04       FindItemWithIndex
 0002:00002A80       FindMsg
 0001:000193BC       FindNestedComponent
 0001:0004E978       FindPopupControl
 0001:0000D52C       FindProc
 0001:00005764       FindResource
 0001:00004688       FindResourceHInstance
 0001:0005FDBC       FindScanline
 0001:00038AC0       FindString
 0001:00056100       FindTopMostWindow
 0001:0001B110       FindUniqueName
 0001:0003DF44       FindVCLWindow
 0001:00005CC4       FindWindow
 0001:00039A90       FindWinHelp
 0001:000625D8       FindWMPrintClient
 0001:00062564       FixedWMPrintClient
 0001:00023D48       FixupBitFields
 0002:00000D64       Flags
 0002:000027A4       FLanguages
 0001:00028BC4       FlatSB
 0002:00002950       FlatSB_EnableScrollBar
 0002:0000295C       FlatSB_GetScrollInfo
 0002:00002960       FlatSB_GetScrollPos
 0002:00002958       FlatSB_GetScrollRange
 0002:00002968       FlatSB_SetScrollInfo
 0002:00002964       FlatSB_SetScrollPos
 0001:000288B4       FlatSB_SetScrollProp
 0002:0000296C       FlatSB_SetScrollRange
 0002:00002954       FlatSB_ShowScrollBar
 0001:00008774       FloatToDecimal
 0001:00008AB4       FloatToStr
 0001:000084A0       FloatToText
 0001:00001D50       Flush
 0002:00000188       FMSecsPerDay
 0001:00008394       FmtStr
 0002:00000D80       FocusCount
 0002:00000D7C       FocusMessages
 0002:00000604       FontCharsets
 0002:000028E0       FontManager
 0001:0005617C       ForegroundTask
 0002:00003200       Form1
 0001:00008380       Format
 0002:00000190       Format
 0001:00007F70       FormatBuf
 0001:00007F64       FormatClearStr
 0001:00007EE8       FormatError
 0002:0000016C       FormatErrorStrs
 0001:0000576C       FormatMessage
 0001:00007F40       FormatVarToStr
 0001:000605E8       Forms
 0001:0000202C       FPower10
 0002:00000738       FPrinter
 0001:0002BE34       Frame3D
 0001:00005CCC       FrameRect
 0001:0000CA88       FreeAndNil
 0001:00000AF4       FreeCommitted
 0001:0000112C       FreeCurAlloc
 0001:0003E038       FreeDeviceContext
 0001:0003E0F4       FreeDeviceContexts
 0001:0001D47C       FreeIntConstList
 0001:00000254       FreeLibrary
 0001:00005774       FreeLibrary
 0001:000238A4       FreeMemoryContexts
 0001:0001D5B0       FreeObjectInstance
 0001:00056244       FreeObjectInstance
 0001:00005784       FreeResource
 0001:000006C4       FreeSpace
 0001:0000C588       FreeTerminateProcs
 0001:00028D78       FreeThemeLibrary
 0001:00064A5C       FreeTypeData
 0002:00002B20       FRichEditModule
 0002:00003314       g
 0001:00020C50       GDICheck
 0001:00020BA8       GDIError
 0001:00001CB4       Get8087CW
 0001:0000578C       GetACP
 0001:00005CD4       GetActiveWindow
 0001:0005DAEC       GetAnimation
 0001:00029D10       GetAveCharSize
 0001:000059F4       GetBitmapBits
 0001:00000380       GetBlockDesc
 0001:000059FC       GetBrushOrgEx
 0001:00005CDC       GetCapture
 0001:0003C874       GetCaptureControl
 0001:0006530C       GetChar
 0001:00015F28       GetClass
 0001:00005CE4       GetClassInfo
 0001:00005CEC       GetClassName
 0001:00005CF4       GetClientRect
 0001:00005CFC       GetClipboardData
 0001:00022618       GetClipboardFormats
 0001:00005A04       GetClipBox
 0001:0000031C       GetCmdShow
 0001:0004C3FC       GetColor
 0001:0002ED40       GetComCtlVersion
 0001:0000025C       GetCommandLine
 0001:00000908       GetCommitted
 0001:000009B0       GetCommittedAt
 0001:000436E8       GetControlAtPos
 0001:0000901C       GetCount
 0001:00005794       GetCPInfo
 0001:000606E8       GetCurrentNode
 0001:00005A0C       GetCurrentPositionEx
 0001:0000579C       GetCurrentProcess
 0001:000057A4       GetCurrentProcessId
 0002:00002A34       GetCurrentThemeName
 0001:000057AC       GetCurrentThreadId
 0001:0000030C       GetCurrentThreadId
 0001:000060B0       GetCurrentTime
 0001:00005D04       GetCursor
 0001:0005FDCC       GetCursorHeightMargin
 0001:00005D0C       GetCursorPos
 0001:0000904C       GetDate
 0001:000057B4       GetDateFormat
 0001:00009CFC       GetDateOrder
 0001:00005D14       GetDC
 0001:00005D1C       GetDCEx
 0001:00005A14       GetDCOrgEx
 0001:000263A4       GetDefFontCharSet
 0001:00005D24       GetDesktopWindow
 0001:00005A2C       GetDeviceCaps
 0001:00021BE0       GetDIB
 0001:00005A1C       GetDIBColorTable
 0001:00005A24       GetDIBits
 0001:00021B28       GetDIBSizes
 0001:00020DC0       GetDInColors
 0001:000057BC       GetDiskFreeSpaceA
 0002:00000140       GetDiskFreeSpaceEx
 0001:000606D8       GetDLGNew
 0001:00049F84       GetDockAlign
 0001:0003D21C       GetDockSiteAtPos
 0001:0003D548       GetDropCtl
 0001:000026BC       GetDynaMethod
 0001:00062554       GetDynamicAddressList
 0001:0006254C       GetDynamicIndexList
 0001:00062540       GetDynamicMethodCount
 0001:00005A34       GetEnhMetaFileBits
 0001:00005A3C       GetEnhMetaFileHeader
 0001:00005A44       GetEnhMetaFilePaletteEntries
 0001:00013510       GetEnumNameValue
 0001:0001355C       GetEnumValue
 0001:0000A740       GetEraNamesAndYearOffsets
 0001:00009D90       GetEraYearOffset
 0001:00013D0C       GetErrorInfo
 0001:0000B0C8       GetExceptionClass
 0001:0000B2B4       GetExceptionObject
 0001:00015EB0       GetFieldClassTable
 0001:000225F8       GetFileFormats
 0001:0000B524       GetFileVersion
 0001:0000593C       GetFileVersionInfo
 0001:00005944       GetFileVersionInfoSize
 0001:00005D2C       GetFocus
 0001:0001F604       GetFontData
 0001:00005D34       GetForegroundWindow
 0001:0000BDCC       GetFormatSettings
 0001:000057C4       GetFullPathName
 0001:0001EB28       GetHashCode
 0001:0005AF84       GetHelpInfo
 0001:00027C88       GetHelpSystem
 0001:0005D8D0       GetHint
 0001:00062AB0       GetHintColor
 0001:0005D908       GetHintControl
 0001:00053EA0       GetHotkey
 0001:00005D3C       GetIconInfo
 0001:000642E0       GetIDsOfNames
 0001:00068F98       GetInterfaceVersion
 0001:00005D54       GetKeyboardLayout
 0001:00005D5C       GetKeyboardLayoutList
 0001:00005D64       GetKeyboardState
 0001:00002318       GetKeyboardType
 0001:00005D44       GetKeyNameText
 0001:00068F74       GetKeyShortCut
 0001:00005D4C       GetKeyState
 0001:00005D6C       GetLastActivePopup
 0001:0004824C       GetLastChildZone
 0001:000057CC       GetLastError
 0001:0000A504       GetLocaleChar
 0001:00000264       GetLocaleInfo
 0001:000057DC       GetLocaleInfo
 0001:0000A4B8       GetLocaleStr
 0001:000057D4       GetLocalTime
 0001:0003C830       GetLongHint
 0001:00005D74       GetMenu
 0001:0005AF0C       GetMenuHelpContext
 0001:00005D7C       GetMenuItemCount
 0001:00005D84       GetMenuItemID
 0001:00005D8C       GetMenuItemInfo
 0001:00050FBC       GetMenuSize
 0001:00005D94       GetMenuState
 0001:00005D9C       GetMenuString
 0001:000057E4       GetModuleFileName
 0001:0000026C       GetModuleFileName
 0001:000057EC       GetModuleHandle
 0001:00000274       GetModuleHandle
 0001:000615A8       GetModulePath
 0002:00002918       GetMonitorInfo
 0002:0000291C       GetMonitorInfoA
 0002:00002920       GetMonitorInfoW
 0001:0000A568       GetMonthDayNames
 0001:00061048       GetNativeSystemInfo
 0001:00005DA4       GetNextWindow
 0001:00068B70       GetNodeIndex
 0001:00005A4C       GetObject
 0001:00013630       GetOrdProp
 0001:00005A54       GetPaletteEntries
 0001:00005DAC       GetParent
 0001:000563B8       GetParentForm
 0001:00005A5C       GetPixel
 0001:000606D0       GetPlayer
 0001:00068ED4       GetPluginDescription
 0001:00068EA8       GetPluginName
 0001:0000027C       GetProcAddress
 0001:000057F4       GetProcAddress
 0001:00005DB4       GetProp
 0001:000135C0       GetPropInfo
 0001:00056878       GetRealScrollPosition
 0001:0004C3DC       GetRGBColor
 0001:00005DBC       GetScrollInfo
 0001:00005DC4       GetScrollPos
 0001:00005DCC       GetScrollRange
 0001:0003C7EC       GetShortHint
 0001:000005E8       GetSpace
 0001:0000064C       GetSpaceAt
 0001:0004EA08       GetSpecialName
 0001:00000284       GetStartupInfo
 0001:00000204       GetStdHandle
 0001:000057FC       GetStdHandle
 0001:00005A64       GetStockObject
 0001:00005804       GetStringTypeEx
 0001:0000580C       GetStringTypeExA
 0001:00005DD4       GetSubMenu
 0001:00005DDC       GetSysColor
 0001:00005DE4       GetSysColorBrush
 0001:00005814       GetSystemInfo
 0001:00005DEC       GetSystemMenu
 0001:00005DF4       GetSystemMetrics
 0002:00002908       GetSystemMetrics
 0001:00005A6C       GetSystemPaletteEntries
 0001:00005A7C       GetTextExtentPoint
 0001:00005A74       GetTextExtentPoint32
 0001:00005A84       GetTextMetrics
 0002:00002A2C       GetThemeAppProperties
 0002:00002998       GetThemeBackgroundContentRect
 0002:0000299C       GetThemeBackgroundExtent
 0002:000029AC       GetThemeBackgroundRegion
 0002:000029D0       GetThemeBool
 0002:000029C4       GetThemeColor
 0002:00002A38       GetThemeDocumentationProperty
 0002:000029D8       GetThemeEnumValue
 0002:000029F8       GetThemeFilename
 0002:000029E0       GetThemeFont
 0002:000029D4       GetThemeInt
 0002:000029EC       GetThemeIntList
 0002:000029E8       GetThemeMargins
 0002:000029C8       GetThemeMetric
 0002:000029A0       GetThemePartSize
 0002:000029DC       GetThemePosition
 0002:000029F0       GetThemePropertyOrigin
 0002:000029E4       GetThemeRect
 0002:000029CC       GetThemeString
 0002:00002A04       GetThemeSysBool
 0002:000029FC       GetThemeSysColor
 0002:00002A00       GetThemeSysColorBrush
 0002:00002A0C       GetThemeSysFont
 0002:00002A14       GetThemeSysInt
 0002:00002A08       GetThemeSysSize
 0002:00002A10       GetThemeSysString
 0002:000029A4       GetThemeTextExtent
 0002:000029A8       GetThemeTextMetrics
 0001:0000028C       GetThreadLocale
 0001:0000581C       GetThreadLocale
 0001:00005824       GetTickCount
 0001:00009084       GetTime
 0001:000053F4       GetTlsSize
 0001:0005E0B0       GetTopMostWindows
 0001:0003C97C       GetTopParent
 0001:00005DFC       GetTopWindow
 0001:00013504       GetTypeData
 0001:0000582C       GetVersion
 0001:00000314       GetVersion
 0001:00060988       GetVersionEx
 0001:00005834       GetVersionEx
 0001:00005E04       GetWindow
 0001:00005E0C       GetWindowDC
 0001:00005E14       GetWindowLong
 0001:00005A94       GetWindowOrgEx
 0001:00005E1C       GetWindowPlacement
 0001:00005E24       GetWindowRect
 0001:00060E5C       GetWindowsVersion
 0001:00005E2C       GetWindowText
 0002:00002A20       GetWindowTheme
 0001:00005E3C       GetWindowThreadProcessId
 0001:00005E34       GetWindowThreadProcessId
 0001:00005A8C       GetWinMetaFileBits
 0001:0000583C       GlobalAddAtom
 0001:00005844       GlobalAlloc
 0001:000060BC       GlobalAllocPtr
 0001:0000584C       GlobalDeleteAtom
 0001:00005854       GlobalFindAtom
 0002:0000286C       GlobalFixupList
 0001:00019504       GlobalFixupReferences
 0001:0000585C       GlobalFree
 0001:000060E8       GlobalFreePtr
 0001:0000586C       GlobalHandle
 0001:00005864       GlobalLock
 0002:00002850       GlobalNameSpace
 0001:00005874       GlobalReAlloc
 0001:000060CC       GlobalReAllocPtr
 0001:0000587C       GlobalUnlock
 0001:00026870       Graphics
 0001:00063974       Grids
 0001:000160A4       GroupDescendentsWith
 0002:000003C0       GUID_NULL
 0001:0000E344       HandleConversionException
 0001:0006286C       HandleDotNetHighlighting
 0001:0005B18C       HandleEdge
 0001:0001A968       HandleException
 0002:00000024       HeapAllocFlags
 0002:000025C8       heapErrorCode
 0002:000025CC       heapLock
 0001:00028830       HelpIntfs
 0002:00002944       HelpManager
 0002:00002A7C       HelpMsg
 0002:00002B44       HelpViewer
 0002:00002B48       HelpViewerIntf
 0002:0000013C       HexDisplayPrefix
 0002:00000A08       HideSelections
 0001:0004A000       HideZone
 0002:00002668       HInstance
 0002:00002C00       HintDoneEvent
 0001:0005D9D8       HintGetMsgHook
 0002:00002C04       HintHook
 0001:0005D97C       HintMouseThread
 0002:00002C08       HintThread
 0002:00002BFC       HintThreadID
 0001:0005D928       HintTimerProc
 0002:00000D74       HintWindowClass
 0002:000029B0       HitTestThemeBackground
 0001:0005DA1C       HookHintHooks
 0002:00000A30       HotTrackStyles
 0001:00065290       HTMLBeforeTag
 0001:0006533C       HTMLDeleteTag
 0001:000661F0       HTMLDrawText
 0001:000657DC       HTMLDrawTextEx
 0001:00065140       HTMLPrepareText
 0001:000662E0       HTMLTextHeight
 0001:00066268       HTMLTextWidth
 0001:000061FC       HwndMSWheel
 0002:00000D08       IBreaks
 0002:00000D14       IChecks
 0002:00000758       IconIDs
 0002:00000D1C       IDefaults
 0001:0001F5F4       IdentToCharset
 0001:0001F3EC       IdentToColor
 0001:0003C7DC       IdentToCursor
 0001:0001628C       IdentToInt
 0002:00000D24       IEnables
 0001:00051D60       IfHotkeyAvailable
 0002:000017C4       IgnorePropertyList
 0002:00002BD8       ImageListWriteExProc
 0001:00026D20       ImageList_Add
 0001:00026D40       ImageList_AddIcon
 0001:00026D68       ImageList_BeginDrag
 0001:00026D08       ImageList_Create
 0001:00026D10       ImageList_Destroy
 0001:00026D78       ImageList_DragEnter
 0001:00026D80       ImageList_DragLeave
 0001:00026D88       ImageList_DragMove
 0001:00026D98       ImageList_DragShowNolock
 0001:00026D50       ImageList_Draw
 0001:00026D58       ImageList_DrawEx
 0001:00026D70       ImageList_EndDrag
 0001:00026D38       ImageList_GetBkColor
 0001:00026DA0       ImageList_GetDragImage
 0001:00026DB8       ImageList_GetIconSize
 0001:00026D18       ImageList_GetImageCount
 0001:00026DA8       ImageList_Read
 0001:00026D60       ImageList_Remove
 0001:00026D28       ImageList_ReplaceIcon
 0001:00026D30       ImageList_SetBkColor
 0001:00026D90       ImageList_SetDragCursorImage
 0001:00026DC0       ImageList_SetIconSize
 0001:00026DB0       ImageList_Write
 0002:00000C78       Images
 0001:0004DA40       ImgList
 0001:00027838       Imm
 0002:00000C5C       IMM32DLL
 0001:0004ABF0       Imm32IsIME
 0002:0000018C       IMSecsPerDay
 0001:0000E430       InBounds
 0001:0000E6D0       InBounds
 0001:0000E460       Increment
 0001:0000E700       Increment
 0001:00026D4C       IndexToOverlayMask
 0001:00026DC8       IndexToStateImageMask
 0001:00005E44       InflateRect
 0002:00000EA0       InfMantissa
 0001:0002D308       IniFiles
 0001:00000B88       InitAllocator
 0001:00027080       InitAnApi
 0002:00002930       InitApis
 0001:00026C74       InitComCtl
 0001:0002ED14       InitCommonControl
 0001:00026C6C       InitCommonControls
 0001:00026CD4       InitCommonControlsEx
 0001:00064724       InitComObj
 0001:00016534       InitComponent
 0002:00002638       InitContext
 0001:0004AC8C       InitControls
 0001:000263E8       InitDefFontData
 0001:0000C5B4       InitDriveSpacePtr
 0001:0000B390       InitExceptions
 0001:00028910       InitFlatSB
 0001:0002AA54       InitGlobals
 0001:000219E0       InitializeBitmapInfoHeader
 0001:00005884       InitializeCriticalSection
 0001:00000360       InitializeCriticalSection
 0002:000025C4       initialized
 0001:000288E8       InitializeFlatSB
 0001:000054F8       InitializeModule
 0001:0000D558       InitializeVarUtils
 0001:0006261C       InitializeWMPrintClientFix
 0001:0004A890       InitIMM32
 0001:000165DC       InitInheritedComponent
 0001:0000BBDC       InitLeadBytes
 0001:0002775C       InitMultiMonStubs
 0001:0000B494       InitPlatformId
 0002:00002044       InitProc
 0001:00005440       InitProcessTLS
 0001:00060500       InitProcs
 0001:00065064       InitScreenCursors
 0001:0002636C       InitScreenLogPixels
 0001:0006110C       InitSysInfo
 0001:0000BC54       InitSysLocale
 0001:00028F38       InitThemeLibrary
 0001:0001C274       InitThreadSynchronization
 0001:000053FC       InitThreadTLS
 0001:00002F40       InitUnits
 0001:0003C4C0       InitWndProc
 0002:00000BFC       InnerStyles
 0002:00002050       Input
 0001:00041F24       InsertBefore
 0001:0005D400       InsertBefore
 0001:00001034       InsertFree
 0001:00051E14       InsertHotkeyFarEastFormat
 0001:00005E4C       InsertMenu
 0001:00005E54       InsertMenuItem
 0002:00002888       InstBlockList
 0002:0000288C       InstFreeList
 0002:00002860       IntConstList
 0002:00000B04       IntegralHeights
 0002:00000EF0       IntelCacheDescription
 0001:00000304       InterlockedDecrement
 0001:0000C61C       InterlockedDecrement
 0001:0000577C       InterlockedExchange
 0001:0000C628       InterlockedExchange
 0001:0000C630       InterlockedExchangeAdd
 0001:000002FC       InterlockedIncrement
 0001:0000C610       InterlockedIncrement
 0001:0001EAB4       InternalDeletePalette
 0001:00001D08       InternalFlush
 0002:00001744       InternalFocusedColor
 0001:00000E74       InternalFreeMem
 0001:00021B30       InternalGetDIB
 0001:00021AC4       InternalGetDIBSizes
 0001:000163CC       InternalReadComponentRes
 0002:00002B2C       InternalServices
 0002:00001748       InternalUnfocusedColor
 0001:000037E0       InternalUniqueString
 0001:00005A9C       IntersectClipRect
 0001:00005E5C       IntersectRect
 0001:000076FC       IntToHex
 0001:000162CC       IntToIdent
 0001:000076D4       IntToStr
 0001:000075E8       IntToStr
 0001:00005E64       InvalidateRect
 0001:00005E6C       InvalidateRgn
 0001:00020B30       InvalidBitmap
 0001:00020B18       InvalidGraphic
 0001:00020B3C       InvalidIcon
 0001:00020B48       InvalidMetafile
 0001:00020B00       InvalidOperation
 0001:00015430       InvalidPoint
 0001:0001541C       InvalidPoint
 0002:000027A0       InvalidPointer
 0001:00002568       InvokeImplGetter
 0001:00001C38       IOResult
 0002:00000D44       IOwnerDraw
 0002:00000D2C       IRadios
 0002:00000D3C       IRTL
 0001:00056348       IsAccel
 0001:00052FF4       IsAccelChar
 0002:00002A1C       IsAppThemed
 0001:0003CFD4       IsBeforeTargetWindow
 0001:00005E74       IsChild
 0002:0000204C       IsConsole
 0001:0003D430       IsDelphiHandle
 0001:00005E7C       IsDialogMessage
 0002:00000D34       ISeparators
 0001:00066F6C       IsHyperLink
 0001:00005E84       IsIconic
 0001:00053050       IsInitialChar
 0001:00008CB4       IsLeapYear
 0002:00002038       IsLibrary
 0002:0000204D       IsMultiThread
 0001:00047CB0       IsOrientationSet
 0001:00005E8C       IsRectEmpty
 0001:0003D1D8       IsSiteChildOfClient
 0002:00002A18       IsThemeActive
 0002:000029C0       IsThemeBackgroundPartiallyTransparent
 0002:00002A28       IsThemeDialogTextureEnabled
 0002:000029BC       IsThemePartDefined
 0001:000163A8       IsUniqueGlobalComponentName
 0002:00002854       IsUniqueGlobalComponentNameProc
 0001:00007538       IsValidIdent
 0001:0000BC3C       IsWesternGroup
 0002:00000EDC       IsWin2003
 0002:00000EE4       IsWin2003R2
 0002:00000ED4       IsWin2K
 0002:00000EA8       IsWin95
 0002:00000EAC       IsWin95OSR2
 0002:00000EB0       IsWin98
 0002:00000EB4       IsWin98SE
 0001:00005E94       IsWindow
 0001:00005E9C       IsWindowEnabled
 0001:00005EA4       IsWindowVisible
 0002:00000EEC       IsWinLonghorn
 0002:00000EB8       IsWinME
 0002:00000EBC       IsWinNT
 0002:00000EC0       IsWinNT3
 0002:00000EC4       IsWinNT31
 0002:00000EC8       IsWinNT35
 0002:00000ECC       IsWinNT351
 0002:00000ED0       IsWinNT4
 0002:00000EE8       IsWinVista
 0002:00000ED8       IsWinXP
 0002:00000EE0       IsWinXP64
 0001:00005EAC       IsZoomed
 0001:00066EFC       ItemHTDraw
 0001:00066EB0       ItemHTDrawEx
 0001:00066F64       ItemHTHeight
 0001:0004EDD4       Iterate
 0001:0004EE34       IterateMenus
 0001:00060C28       Jcl8087
 0001:00060948       JclBase
 0001:000609F8       JclConsole
 0001:000615A0       JclDateTime
 0001:000616C4       JclFileUtils
 0001:00060E34       JclIniFiles
 0001:00060A98       JclLogic
 0001:00060C60       JclMath
 0001:00064C4C       JclMime
 0001:00060DFC       JclRegistry
 0001:00060910       JclResources
 0001:00064C00       JclRTTI
 0001:00061568       JclSecurity
 0001:00061530       JclShell
 0001:00060BE4       JclStrings
 0001:000614D8       JclSysInfo
 0001:00060CE4       JclSysUtils
 0001:00060A54       JclWideStrings
 0001:000609C0       JclWin32
 0002:0000002C       JITEnable
 0001:00064F50       JvAppStorage
 0001:000617A0       JVCLVer
 0001:000638CC       JvComponent
 0001:000617D8       JvComponentBase
 0001:00061734       JvConsts
 0001:00063894       JvExComCtrls
 0001:00062C08       JvExControls
 0001:00062C40       JvExExtCtrls
 0001:00062C78       JvExForms
 0001:0006385C       JvExStdCtrls
 0001:000674DC       JvHtControls
 0001:00064A54       JvJCLUtils
 0001:000663D4       JvJVCLUtils
 0001:00064F9C       JvProgressUtils
 0001:00064E1C       JvPropertyStore
 0001:00061A90       JvResources
 0001:000626C4       JvThemes
 0001:0006252C       JvTypes
 0001:000639AC       JvVCL5Utils
 0001:000616FC       JvWin32
 0002:00003158       KernelVersionHi
 0001:000562DC       KeyboardStateToShiftState
 0001:00056328       KeyboardStateToShiftState
 0001:000562A0       KeyDataToShiftState
 0001:0005624C       KeysToShiftState
 0001:00005EB4       KillTimer
 0001:00007AC0       LastDelimiter
 0002:00003318       lastselection
 0001:0000BB68       LCIDToCodePage
 0001:0000521C       LCIDToCodePage
 0002:0000011C       LeadBytes
 0001:0000588C       LeaveCriticalSection
 0001:00000370       LeaveCriticalSection
 0002:00000034       LibModuleList
 0002:000009E8       LineStyles
 0001:00005AA4       LineTo
 0001:0002D46C       ListActns
 0001:0003DFC0       ListAdd
 0001:00067CF4       ListNodeReferences
 0001:0003DFE8       ListRemove
 0002:00002756       ListSeparator
 0001:00005EBC       LoadBitmap
 0001:00060AD8       LoadCaseMap
 0001:00060AA0       LoadCharTypes
 0001:00063D64       LoadComExProcs
 0001:00005EC4       LoadCursor
 0001:00005ECC       LoadIcon
 0001:00005ED4       LoadKeyboardLayout
 0001:00005894       LoadLibrary
 0001:00000294       LoadLibraryEx
 0001:0000589C       LoadResource
 0001:000048D4       LoadResourceModule
 0001:000051C4       LoadResString
 0001:0000029C       LoadString
 0001:00005EDC       LoadString
 0001:00000340       LocalAlloc
 0001:000053B8       LocalAlloc
 0001:000053C0       LocalFree
 0001:00000348       LocalFree
 0001:0000A52C       LocalGetLocaleStr
 0002:00002A50       Lock
 0001:000058A4       LockResource
 0002:00002698       LongDateFormat
 0002:0000272C       LongDayNames
 0002:000026E0       LongMonthNames
 0002:000026AC       LongTimeFormat
 0001:000072C0       LowerCase
 0001:0000592C       lstrcmp
 0001:00005934       lstrcpy
 0001:000002A4       lstrcpyn
 0002:00002828       LVarTypes
 0002:0000282C       LVarTypeSync
 0002:00002030       MainInstance
 0002:00002034       MainThreadID
 0001:00000404       MakeEmpty
 0001:00003104       MakeErrorMessage
 0002:00000C48       MakeLast
 0001:000060A4       MakeLong
 0001:0000613C       MakeLParam
 0001:00056228       MakeObjectInstance
 0001:0001D518       MakeObjectInstance
 0001:000060FC       MakeROP4
 0001:00006134       MakeWParam
 0001:0000B048       MapException
 0001:0002D3DC       Mapi
 0002:000009B8       MAPIDLL
 0002:000009BC       MAPIModule
 0001:00002D48       MapToRunError
 0001:00005EE4       MapVirtualKey
 0001:00005EEC       MapWindowPoints
 0001:0006393C       Mask
 0002:00000C80       Mask
 0001:00005AAC       MaskBlt
 0001:00063904       MaskUtils
 0001:000269AC       Math
 0001:00026974       Max
 0001:00058C18       MaximizedChildren
 0002:0000003C       MemoryManager
 0002:00000C9C       MenuKeyCaps
 0001:00054070       Menus
 0001:0000049C       MergeBlockAfter
 0001:00001178       MergeCommit
 0001:00005EF4       MessageBeep
 0001:00005EFC       MessageBox
 0001:0000023C       MessageBox
 0001:0002A958       MessageDlgPos
 0001:0002A97C       MessageDlgPosHelp
 0001:0000635C       Messages
 0001:00016F0C       Min
 0001:0002696C       Min
 0001:0004186C       MinVar
 0002:00002938       MMAvailable
 0001:000648A4       MMSystem
 0002:000007C4       ModalResults
 0002:00000C60       ModeMap
 0001:0005A918       ModifySystemMenu
 0002:000000A4       Module
 0002:00002665       ModuleIsCpp
 0002:00002664       ModuleIsLib
 0001:0001D4E8       ModuleUnload
 0002:00000038       ModuleUnloadList
 0002:00002914       MonitorFromPoint
 0002:00002910       MonitorFromRect
 0002:0000290C       MonitorFromWindow
 0002:00001788       Month
 0002:000000EC       MonthDays
 0002:00002B4C       Mouse
 0001:00001C58       Move
 0001:00005AB4       MoveToEx
 0001:0003E008       MoveWindowOrg
 0001:000058AC       MulDiv
 0001:000002B4       MultiByteToWideChar
 0001:000058B4       MultiByteToWideChar
 0002:00000B0C       MultiColumns
 0001:0005FF8C       MultiLineWidth
 0001:000277F8       MultiMon
 0002:00000AF4       MultiSelects
 0002:00003160       MyGetFreeSystemResources
 0002:000031D0       NeedToUninitialize
 0002:0000268D       NegCurrFormat
 0001:00001204       NewCommit
 0001:00001230       NewCommitAt
 0001:0006577C       NewLine
 0002:00002B50       NewStyleControls
 0001:0000B914       NextCharIndex
 0001:00047C94       NextVisibleZone
 0002:000003FC       NilMethod
 0001:00033910       NodeInList
 0002:00000030       NoErrMsg
 0001:0004FBE8       NormalDraw
 0001:00002900       NotifyAnyExcept
 0001:000028D4       NotifyExcept
 0001:00002934       NotifyExceptFinally
 0001:000164A8       NotifyGlobalLoading
 0001:00004C10       NotifyModuleUnload
 0001:000028B0       NotifyNonDelphiException
 0001:000028EC       NotifyOnExcept
 0001:00002894       NotifyReRaise
 0001:0000295C       NotifyTerminate
 0001:00002978       NotifyUnhandled
 0001:000529A0       NthParentOf
 0001:0001328C       Null
 0002:00000328       NullAsStringValue
 0002:00000324       NullStrictConvert
 0001:0003C578       ObjectFromHWnd
 0001:00005F04       OemToAnsi
 0001:00005F0C       OffsetRect
 0001:000055A8       OffsetRect
 0001:00063D4C       OleCheck
 0001:00063D30       OleError
 0001:0000412C       OleStrToStrVar
 0002:000031C4       OleUninitializing
 0001:00005F14       OpenClipboard
 0002:00002988       OpenThemeData
 0002:00003190       OrgWinControlWMPrintClient
 0002:00000C40       OrientArray
 0002:00000C0C       OuterStyles
 0002:0000279C       OutOfMemory
 0001:00020B54       OutOfResources
 0002:0000221C       Output
 0002:0000032C       PackVarCreation
 0002:000012F4       PageSize
 0001:00038630       PaintListBox
 0002:000006F8       Pal16
 0001:0001EEBC       PaletteChanged
 0001:0002134C       PaletteFromDIBColorTable
 0001:000213F0       PaletteToDIBColorTable
 0002:000006F4       PalSize
 0001:00048078       ParentNotLast
 0001:00005ABC       PatBlt
 0002:0000320C       path
 0002:000028F0       PatternManager
 0001:00005F1C       PeekMessage
 0002:000028E4       PenManager
 0002:000006C4       PenModes
 0002:000006A4       PenStyles
 0001:00005AC4       PlayEnhMetaFile
 0001:00068F70       PluginClose
 0001:00060740       pluginfunc
 0001:00068F4C       PluginUpdate
 0001:000055A0       Point
 0001:000153A4       Point
 0001:000157F8       PointerInModule
 0001:00043108       PointsEqual
 0001:0000611C       PointToSmallPoint
 0001:00005ACC       Polyline
 0002:00002BDC       PopupList
 0001:00005F24       PostMessage
 0001:00005F2C       PostQuitMessage
 0001:000288AC       Printers
 0001:0005C02C       ProcessExecute
 0001:00056578       ProcessHorz
 0002:000012EC       ProcessorCount
 0001:0005C12C       ProcessUpdate
 0001:000565E4       ProcessVert
 0002:00001804       ProgressList
 0001:00019800       PropertyNotFound
 0001:0001AA68       PropPathError
 0002:00000DA4       Props
 0001:000197F4       PropValueError
 0001:00060DC4       PsAPI
 0001:00005F34       PtInRect
 0002:000000A0       PtrToNil
 0001:0000845C       PutExponent
 0002:00002B94       QualifyingSites
 0001:0000B004       RaiseAssertException
 0001:0000020C       RaiseException
 0001:000643C0       RaiseException
 0001:00018814       RaiseException
 0002:00002014       RaiseExceptionProc
 0001:0000C4B0       RaiseLastOSError
 0001:000642AC       RaiseNameException
 0001:00048DE8       ReadControlName
 0001:0001BCA8       ReadCustomVariant
 0001:000197DC       ReadError
 0001:000058BC       ReadFile
 0001:000216A4       ReadIcon
 0001:00005AD4       RealizePalette
 0001:0001A01C       Recover
 0001:00005584       Rect
 0001:000153CC       Rect
 0001:00005AE4       Rectangle
 0001:00005ADC       RectVisible
 0001:00005F3C       RedrawWindow
 0002:00002820       RefAnyProc
 0002:00002A4C       ReferenceCount
 0001:000002BC       RegCloseKey
 0001:0000570C       RegCloseKey
 0002:00002864       RegGroups
 0001:00015F9C       RegisterClass
 0001:00005F44       RegisterClass
 0001:00005F4C       RegisterClipboardFormat
 0001:0003D378       RegisterDockSite
[...]
 0002:00000D4C       Alignments
 0002:00000D54       EdgeStyle
 0002:00000D5C       Alignments
 0002:00000D64       Flags
 0002:00000D70       Buttons
 0002:00000D74       HintWindowClass
 0002:00000D78       SetLayeredWindowAttributes
 0002:00000D7C       FocusMessages
 0002:00000D80       FocusCount
 0002:00000D84       TaskActiveWindow
 0002:00000D88       TaskFirstWindow
 0002:00000D8C       TaskFirstTopMost
 0002:00000D90       TaskWindowList
 0002:00000D94       SysConsts
 0002:00000D9C       SysConsts
 0002:00000DA4       Props
 0002:00000DCC       Styles
 0002:00000DD8       ShowCommands
 0002:00000DE4       ShowCommands
 0002:00000DF0       ShowCommands
 0002:00000DFC       cUseAlpha
 0002:00000E04       cUseColorKey
 0002:00000E0C       CursorMap
 0002:00000E60       WindowClass
 0002:00000E88       AppVisible
 0002:00000E8C       ShowFlags
 0002:00000E90       WideCRLF
 0002:00000E94       AnsiCaseMapReady
 0002:00000E98       Bools
 0002:00000EA0       InfMantissa
 0002:00000EA8       IsWin95
 0002:00000EAC       IsWin95OSR2
 0002:00000EB0       IsWin98
 0002:00000EB4       IsWin98SE
 0002:00000EB8       IsWinME
 0002:00000EBC       IsWinNT
 0002:00000EC0       IsWinNT3
 0002:00000EC4       IsWinNT31
 0002:00000EC8       IsWinNT35
 0002:00000ECC       IsWinNT351
 0002:00000ED0       IsWinNT4
 0002:00000ED4       IsWin2K
 0002:00000ED8       IsWinXP
 0002:00000EDC       IsWin2003
 0002:00000EE0       IsWinXP64
 0002:00000EE4       IsWin2003R2
 0002:00000EE8       IsWinVista
 0002:00000EEC       IsWinLonghorn
 0002:00000EF0       IntelCacheDescription
 0002:000012EC       ProcessorCount
 0002:000012F0       AllocGranularity
 0002:000012F4       PageSize
 0002:000012F8       RtdlMsiLibHandle
 0002:000012FC       crMultiDragLink
 0002:00001300       crDragAlt
 0002:00001304       crMultiDragAlt
 0002:00001308       crMultiDragLinkAlt
 0002:0000130C       ColorValues
 0002:000013FC       StandardColorValues
 0002:000015DC       SysColorValues
 0002:00001744       InternalFocusedColor
 0002:00001748       InternalUnfocusedColor
 0002:0000174C       CoCreateInstanceEx
 0002:00001750       CoInitializeEx
 0002:00001754       CoAddRefServerProcess
 0002:00001758       CoReleaseServerProcess
 0002:0000175C       CoResumeClassObjects
 0002:00001760       CoSuspendClassObjects
 0002:00001764       CoInitFlags
 0002:00001768       ThreadStrs
 0002:0000177C       Day
 0002:00001788       Month
 0002:00001794       Year
 0002:000017A0       Week
 0002:000017B0       TRUE_STRINGS
 0002:000017C4       IgnorePropertyList
 0002:00001804       ProgressList
 0002:00001808       DefCompanyName
 0002:0000180C       DrawBitmap
 0002:00001810       ButtonNames
 0002:0000183C       Conversions
 0002:00002000       DispCallByIDProc
 0002:00002004       ExceptProc
 0002:00002008       ErrorProc
 0002:0000200C       ExceptClsProc
 0002:00002010       ExceptObjProc
 0002:00002014       RaiseExceptionProc
 0002:00002018       RTLUnwindProc
 0002:0000201C       ExceptionClass
 0002:00002020       SafeCallErrorProc
 0002:00002024       AssertErrorProc
 0002:00002028       ExitProcessProc
 0002:0000202C       AbstractErrorProc
 0002:00002030       MainInstance
 0002:00002034       MainThreadID
 0002:00002038       IsLibrary
 0002:0000203C       CmdShow
 0002:00002040       CmdLine
 0002:00002044       InitProc
 0002:00002048       ExitProc
 0002:0000204C       IsConsole
 0002:0000204D       IsMultiThread
 0002:0000204E       Test8086
 0002:00002050       Input
 0002:0000221C       Output
 0002:000023E8       ErrOutput
 0002:000025B4       AllocMemCount
 0002:000025B8       AllocMemSize
 0002:000025BC       .5
 0002:000025C0       DefaultUserCodePage
 0002:000025C4       initialized
 0002:000025C8       heapErrorCode
 0002:000025CC       heapLock
 0002:000025E4       blockDescBlockList
 0002:000025E8       blockDescFreeList
 0002:000025EC       spaceRoot
 0002:000025FC       decommittedRoot
 0002:0000260C       avail
 0002:00002618       rover
 0002:0000261C       remBytes
 0002:00002620       curAlloc
 0002:00002624       smallTab
 0002:00002628       committedRoot
 0002:00002638       InitContext
 0002:00002664       ModuleIsLib
 0002:00002665       ModuleIsCpp
 0002:00002668       HInstance
 0002:0000266C       DllProc
 0002:00002670       .1
 0002:00002674       tlsBuffer
 0002:00002678       .1
 0002:0000267C       .3
 0002:00002680       .1
 0002:00002684       .1
 0002:00002688       CurrencyString
 0002:0000268C       CurrencyFormat
 0002:0000268D       NegCurrFormat
 0002:0000268E       ThousandSeparator
 0002:0000268F       DecimalSeparator
 0002:00002690       CurrencyDecimals
 0002:00002691       DateSeparator
 0002:00002694       ShortDateFormat
 0002:00002698       LongDateFormat
 0002:0000269C       TimeSeparator
 0002:000026A0       TimeAMString
 0002:000026A4       TimePMString
 0002:000026A8       ShortTimeFormat
 0002:000026AC       LongTimeFormat
 0002:000026B0       ShortMonthNames
 0002:000026E0       LongMonthNames
 0002:00002710       ShortDayNames
 0002:0000272C       LongDayNames
 0002:00002748       SysLocale
 0002:00002756       ListSeparator
 0002:00002758       EraNames
 0002:00002774       EraYearOffsets
 0002:00002790       TrueBoolStrs
 0002:00002794       FalseBoolStrs
 0002:00002798       .35
 0002:0000279C       OutOfMemory
 0002:000027A0       InvalidPointer
 0002:000027A4       FLanguages
 0002:000027A8       VariantChangeTypeEx
 0002:000027AC       VarNeg
 0002:000027B0       VarNot
 0002:000027B4       VarAdd
 0002:000027B8       VarSub
 0002:000027BC       VarMul
 0002:000027C0       VarDiv
 0002:000027C4       VarIDiv
 0002:000027C8       VarMod
 0002:000027CC       VarAnd
 0002:000027D0       VarOr
 0002:000027D4       VarXor
 0002:000027D8       VarCmp
 0002:000027DC       VarI4FromStr
 0002:000027E0       VarR4FromStr
 0002:000027E4       VarR8FromStr
 0002:000027E8       VarDateFromStr
 0002:000027EC       VarCyFromStr
 0002:000027F0       VarBoolFromStr
 0002:000027F4       VarBstrFromCy
 0002:000027F8       VarBstrFromDate
 0002:000027FC       VarBstrFromBool
 0002:00002800       .5
 0002:00002804       EmptyParam
 0002:00002814       VarDispProc
 0002:00002818       ClearAnyProc
 0002:0000281C       ChangeAnyProc
 0002:00002820       RefAnyProc
 0002:00002824       .81
 0002:00002828       LVarTypes
 0002:0000282C       LVarTypeSync
 0002:00002844       .1
 0002:00002848       .6
 0002:0000284C       .3
 0002:00002850       GlobalNameSpace
 0002:00002854       IsUniqueGlobalComponentNameProc
 0002:00002858       SyncEvent
 0002:0000285C       .45
 0002:00002860       IntConstList
 0002:00002864       RegGroups
 0002:00002868       FindGlobalComponentProcs
 0002:0000286C       GlobalFixupList
 0002:00002870       ThreadLock
 0002:00002888       InstBlockList
 0002:0000288C       InstFreeList
 0002:00002890       .1
 0002:00002894       SystemPalette16
 0002:00002898       .12
 0002:0000289C       ScreenLogPixels
 0002:000028A0       StockPen
 0002:000028A4       StockBrush
 0002:000028A8       StockFont
 0002:000028AC       StockIcon
 0002:000028B0       BitmapImageLock
 0002:000028C8       CounterLock
 0002:000028E0       FontManager
 0002:000028E4       PenManager
 0002:000028E8       BrushManager
 0002:000028EC       CanvasList
 0002:000028F0       PatternManager
 0002:000028F4       .2
 0002:000028F8       .21
 0002:000028FC       .1
 0002:00002900       ComCtl32DLL
 0002:00002904       _InitCommonControlsEx
 0002:00002908       GetSystemMetrics
 0002:0000290C       MonitorFromWindow
 0002:00002910       MonitorFromRect
 0002:00002914       MonitorFromPoint
 0002:00002918       GetMonitorInfo
 0002:0000291C       GetMonitorInfoA
 0002:00002920       GetMonitorInfoW
 0002:00002924       EnumDisplayMonitors
 0002:00002928       .1
 0002:0000292C       User32Dll
 0002:00002930       InitApis
 0002:00002938       MMAvailable
 0002:0000293C       .1
 0002:00002940       .2
 0002:00002944       HelpManager
 0002:00002948       .3
 0002:0000294C       .3
 0002:00002950       FlatSB_EnableScrollBar
 0002:00002954       FlatSB_ShowScrollBar
 0002:00002958       FlatSB_GetScrollRange
 0002:0000295C       FlatSB_GetScrollInfo
 0002:00002960       FlatSB_GetScrollPos
 0002:00002964       FlatSB_SetScrollPos
 0002:00002968       FlatSB_SetScrollInfo
 0002:0000296C       FlatSB_SetScrollRange
 0002:00002970       .1
 0002:00002974       _FlatSB_GetScrollProp
 0002:00002978       _FlatSB_SetScrollProp
 0002:0000297C       _InitializeFlatSB
 0002:00002980       _UninitializeFlatSB
 0002:00002984       .6
 0002:00002988       OpenThemeData
 0002:0000298C       CloseThemeData
 0002:00002990       DrawThemeBackground
 0002:00002994       DrawThemeText
 0002:00002998       GetThemeBackgroundContentRect
 0002:0000299C       GetThemeBackgroundExtent
 0002:000029A0       GetThemePartSize
 0002:000029A4       GetThemeTextExtent
 0002:000029A8       GetThemeTextMetrics
 0002:000029AC       GetThemeBackgroundRegion
 0002:000029B0       HitTestThemeBackground
 0002:000029B4       DrawThemeEdge
 0002:000029B8       DrawThemeIcon
 0002:000029BC       IsThemePartDefined
 0002:000029C0       IsThemeBackgroundPartiallyTransparent
 0002:000029C4       GetThemeColor
 0002:000029C8       GetThemeMetric
 0002:000029CC       GetThemeString
 0002:000029D0       GetThemeBool
 0002:000029D4       GetThemeInt
 0002:000029D8       GetThemeEnumValue
 0002:000029DC       GetThemePosition
 0002:000029E0       GetThemeFont
 0002:000029E4       GetThemeRect
 0002:000029E8       GetThemeMargins
 0002:000029EC       GetThemeIntList
 0002:000029F0       GetThemePropertyOrigin
 0002:000029F4       SetWindowTheme
 0002:000029F8       GetThemeFilename
 0002:000029FC       GetThemeSysColor
 0002:00002A00       GetThemeSysColorBrush
 0002:00002A04       GetThemeSysBool
 0002:00002A08       GetThemeSysSize
 0002:00002A0C       GetThemeSysFont
 0002:00002A10       GetThemeSysString
 0002:00002A14       GetThemeSysInt
 0002:00002A18       IsThemeActive
 0002:00002A1C       IsAppThemed
 0002:00002A20       GetWindowTheme
 0002:00002A24       EnableThemeDialogTexture
 0002:00002A28       IsThemeDialogTextureEnabled
 0002:00002A2C       GetThemeAppProperties
 0002:00002A30       SetThemeAppProperties
 0002:00002A34       GetCurrentThemeName
 0002:00002A38       GetThemeDocumentationProperty
 0002:00002A3C       DrawThemeParentBackground
 0002:00002A40       EnableTheming
 0002:00002A44       .1
 0002:00002A48       ThemeLibrary
 0002:00002A4C       ReferenceCount
 0002:00002A50       Lock
 0002:00002A54       .1
 0002:00002A58       .4
 0002:00002A5C       .1
 0002:00002A60       .1
 0002:00002A64       .1
 0002:00002A68       .1
 0002:00002A6C       .1
 0002:00002A70       .1
 0002:00002A74       .1
 0002:00002A78       .11
 0002:00002A7C       HelpMsg
 0002:00002A80       FindMsg
 0002:00002A84       ButtonWidths
 0002:00002AB0       .12
 0002:00002AB4       .1
 0002:00002AB8       CF_PICTURE
 0002:00002ABA       CF_COMPONENT
 0002:00002ABC       .2
 0002:00002AC0       FClipboard
 0002:00002AC4       .1
 0002:00002AC8       .4
 0002:00002ACC       BitBtnGlyphs
 0002:00002AF8       .3
 0002:00002AFC       .8
 0002:00002B00       .5
 0002:00002B04       .1
 0002:00002B08       .72
 0002:00002B0C       UrlMonHandle
 0002:00002B10       UrlMonInitialized
 0002:00002B14       .8
 0002:00002B18       .36
 0002:00002B1C       ShellModule
 0002:00002B20       FRichEditModule
 0002:00002B24       ComCtlVersion
 0002:00002B28       .2
 0002:00002B2C       InternalServices
 0002:00002B30       .42
 0002:00002B34       .73
 0002:00002B38       WinHelpTester
 0002:00002B3C       ViewerName
 0002:00002B40       .1
 0002:00002B44       HelpViewer
 0002:00002B48       HelpViewerIntf
 0002:00002B4C       Mouse
 0002:00002B50       NewStyleControls
 0002:00002B54       .72
 0002:00002B58       WindowAtom
 0002:00002B5A       ControlAtom
 0002:00002B5C       WindowAtomString
 0002:00002B60       ControlAtomString
 0002:00002B64       RM_GetObjectInstance
 0002:00002B68       DragControl
 0002:00002B6C       DragObject
 0002:00002B70       DragInternalObject
 0002:00002B74       DragCapture
 0002:00002B78       DragStartPos
 0002:00002B80       DragSaveCursor
 0002:00002B84       DragThreshold
 0002:00002B88       ActiveDrag
 0002:00002B8C       DragImageList
 0002:00002B90       DockSiteList
 0002:00002B94       QualifyingSites
 0002:00002B98       DragSave
 0002:00002B9C       CanvasList
 0002:00002BA0       _WINNLSEnableIME
 0002:00002BA4       _ImmGetContext
 0002:00002BA8       _ImmReleaseContext
 0002:00002BAC       _ImmGetConversionStatus
 0002:00002BB0       _ImmSetConversionStatus
 0002:00002BB4       _ImmSetOpenStatus
 0002:00002BB8       _ImmSetCompositionWindow
 0002:00002BBC       _ImmSetCompositionFont
 0002:00002BC0       _ImmGetCompositionString
 0002:00002BC4       _ImmIsIME
 0002:00002BC8       _ImmNotifyIME
 0002:00002BCC       .8
 0002:00002BD0       .3
 0002:00002BD4       CachedComCtrlVer
 0002:00002BD8       ImageListWriteExProc
 0002:00002BDC       PopupList
 0002:00002BE0       ShortCutItems
 0002:00002BE4       .9
 0002:00002BE8       CommandPool
 0002:00002BEC       Application
 0002:00002BF0       Screen
 0002:00002BF4       .41
 0002:00002BF8       RM_TaskbarCreated
 0002:00002BFC       HintThreadID
 0002:00002C00       HintDoneEvent
 0002:00002C04       HintHook
 0002:00002C08       HintThread
 0002:00002C0C       .3
 0002:00002C10       .1
 0002:00002C14       .4
 0002:00002C18       .1
 0002:00002C1C       .2
 0002:00002C20       .01
 0002:00002C24       .3
 0002:00002C28       .1
 0002:00002C2C       .1
 0002:00002C30       AnsiCaseMap
 0002:00002F30       AnsiCharTypes
 0002:00003130       .1
 0002:00003134       .7
 0002:00003138       .5
 0002:0000313C       .1
 0002:00003140       .1
 0002:00003144       .1
 0002:00003148       .1
 0002:0000314C       .2
 0002:00003150       .1
 0002:00003154       .2
 0002:00003158       KernelVersionHi
 0002:0000315C       ResmeterLibHandle
 0002:00003160       MyGetFreeSystemResources
 0002:00003164       .1
 0002:00003168       .1
 0002:0000316C       .2
 0002:00003170       .42
 0002:00003174       .1
 0002:00003178       .1
 0002:0000317C       .1
 0002:00003180       .2
 0002:00003184       .1
 0002:00003188       .7
 0002:0000318C       .2
 0002:00003190       OrgWinControlWMPrintClient
 0002:00003194       .9
 0002:00003198       .12
 0002:0000319C       .9
 0002:000031A0       .81
 0002:000031A4       .92
 0002:000031A8       .01
 0002:000031AC       .2
 0002:000031B0       .5
 0002:000031B4       .11
 0002:000031B8       .1
 0002:000031BC       .1
 0002:000031C0       .41
 0002:000031C4       OleUninitializing
 0002:000031C8       ComClassManagerVar
 0002:000031CC       SaveInitProc
 0002:000031D0       NeedToUninitialize
 0002:000031D4       .7
 0002:000031D8       .1
 0002:000031DC       .4
 0002:000031E0       TypeList
 0002:000031E4       .1
 0002:000031E8       .4
 0002:000031EC       .01
 0002:000031F0       RegisteredAppStoragePropertyEngineList
 0002:000031F4       .1
 0002:000031F8       .6
 0002:000031FC       .7
 0002:00003200       Form1
 0002:00003204       dlg
 0002:00003208       theplayer
 0002:0000320C       path
 0002:0000330C       cond
 0002:00003310       f
 0002:00003314       g
 0002:00003318       lastselection
 0002:0000331C       .2


Line numbers for pluginfunc(pluginfunc.pas) segment .text

   372 0001:000606D0   414 0001:000606D8   424 0001:000606E0   463 0001:000606E8
   534 0001:000606F0   542 0001:000606F8   543 0001:000606FB   546 0001:0006070A
   560 0001:00060740   560 0001:00060747

Line numbers for JvWin32(JvWin32.pas) segment .text

   334 0001:000616FC   334 0001:00061703

Line numbers for JvConsts(JvConsts.pas) segment .text

   273 0001:00061734   273 0001:0006173B

Line numbers for testwnd(testwnd.pas) segment .text

    51 0001:00067784    52 0001:000677BE    55 0001:000677CD    56 0001:000677D7
    57 0001:000677EA    58 0001:000677F4    59 0001:0006783D    60 0001:00067857
    61 0001:0006785D    62 0001:00067888    64 0001:0006789D    65 0001:000678AB
    68 0001:000678C5    71 0001:000678D9    74 0001:000678EE    78 0001:0006791F
    80 0001:00067922    85 0001:00067931    88 0001:00067943    90 0001:00067962
    91 0001:00067979    93 0001:000679B6    95 0001:000679D1    96 0001:00067A00
    97 0001:00067A20    99 0001:00067A49   100 0001:00067A6A   101 0001:00067A99
   102 0001:00067ABD   104 0001:00067AE0   106 0001:00067B0C   107 0001:00067B35
   108 0001:00067B59   104 0001:00067B5C   112 0001:00067B61    97 0001:00067B64
   113 0001:00067B6D    88 0001:00067B70   117 0001:00067B79   118 0001:00067B81
   120 0001:00067B89   122 0001:00067B92   123 0001:00067BB1   124 0001:00067BC4
   127 0001:00067C0A   130 0001:00067CD8   132 0001:00067CE4   134 0001:00067CF0
   144 0001:00067CF4   146 0001:00067D22   147 0001:00067D31   148 0001:00067D39
   150 0001:00067D58   152 0001:00067D81   154 0001:00067DC9   156 0001:00067DE6
   158 0001:00067E37   162 0001:00067E51   150 0001:00067E54   164 0001:00067E5D
   148 0001:00067E60   166 0001:00067E69   168 0001:00067E81   169 0001:00067EC4
   170 0001:00067ED2   171 0001:00067EE2   166 0001:00067EE5   173 0001:00067F1C
   178 0001:00067FA0   179 0001:00067FC3   180 0001:00067FD6   183 0001:00067FEC
   186 0001:0006800F   187 0001:00068058   188 0001:00068083   189 0001:000680AC
   191 0001:000680ED   193 0001:00068117   194 0001:00068142   196 0001:0006816B
   200 0001:000681AC   201 0001:000681D2   203 0001:00068233   205 0001:0006828A
   206 0001:000682B5   208 0001:000682BF   214 0001:000682ED   215 0001:00068308
   216 0001:0006831E   217 0001:0006833F   219 0001:00068368   221 0001:000683A9
   223 0001:000683F3   225 0001:00068418   227 0001:00068435   230 0001:00068452
   233 0001:0006846D   235 0001:00068492   238 0001:000684AF   241 0001:000684CC
   244 0001:000684E7   246 0001:00068503   249 0001:0006855A   251 0001:00068579
   255 0001:000685C6   256 0001:000685EB   257 0001:0006860B   258 0001:00068630
   260 0001:00068650   263 0001:000686B7   264 0001:000686D3   271 0001:0006871D
   275 0001:00068B70   276 0001:00068B8F   277 0001:00068B96   279 0001:00068BB1
   282 0001:00068BCE   283 0001:00068BD4   286 0001:00068BD6   277 0001:00068BD9
   288 0001:00068BFE   292 0001:00068C04   293 0001:00068C10   294 0001:00068C15
   296 0001:00068C33   298 0001:00068C68   299 0001:00068C7C   302 0001:00068C7E
   294 0001:00068C81   304 0001:00068C89   308 0001:00068C90   309 0001:00068CBB
   311 0001:00068CD0   312 0001:00068D01   314 0001:00068D07   315 0001:00068D31
   316 0001:00068D42   318 0001:00068D4E   322 0001:00068D7D   325 0001:00068DC4
   326 0001:00068DD0   327 0001:00068DDA   330 0001:00068DF8   331 0001:00068E04
   332 0001:00068E19   334 0001:00068E2E   337 0001:00068E34   338 0001:00068E40
   339 0001:00068E4A   342 0001:00068E55   344 0001:00068EA0   344 0001:00068EA7

Line numbers for Utility_NodeTreeView(C:\CodeProjects\FMFDLGTool\src\plugins\Utility_NodeTreeView.dpr) segment .text

    28 0001:00068EA8    29 0001:00068EAD    30 0001:00068EBC    34 0001:00068ED4
    35 0001:00068ED9    36 0001:00068EEA    40 0001:00068F3C    41 0001:00068F40
    42 0001:00068F47    48 0001:00068F4C    49 0001:00068F4F    50 0001:00068F59
    51 0001:00068F5E    56 0001:00068F70    64 0001:00068F74    65 0001:00068F79
    66 0001:00068F87    73 0001:00068F98    74 0001:00068F9D    75 0001:00068FA9
    96 0001:00068FB8    97 0001:00068FD3    98 0001:00068FEF    99 0001:00068FFF
   100 0001:0006900B   104 0001:00069017   102 0001:00069023   108 0001:00069030
   110 0001:0006903A   123 0001:00069410   125 0001:00069420

Bound resource files

c:\delphi7se\Lib\Buttons.res
c:\delphi7se\Lib\ExtDlgs.res
c:\delphi7se\Lib\Controls.res
C:\jvcl320\jvcl\Resources\JvConsts.res
testwnd.dfm
Utility_NodeTreeView.res
Utility_NodeTreeView.drf


Program entry point at 0001:00069410
