
 Start         Length     Name                   Class
 0001:00000000 0001A454H .text                   CODE
 0002:00000000 00000610H .data                   DATA
 0002:00000610 00000FA5H .bss                    BSS


Detailed map of segments

 0001:00000000 00004F7B C=CODE     S=.text    G=(none)   M=System   ACBP=A9
 0001:00004F7C 00000140 C=CODE     S=.text    G=(none)   M=SysInit  ACBP=A9
 0001:000050BC 00000038 C=CODE     S=.text    G=(none)   M=Types    ACBP=A9
 0001:000050F4 00000218 C=CODE     S=.text    G=(none)   M=Windows  ACBP=A9
 0001:0000530C 00000038 C=CODE     S=.text    G=(none)   M=Messages ACBP=A9
 0001:00005344 00000318 C=CODE     S=.text    G=(none)   M=SysConst ACBP=A9
 0001:0000565C 00006134 C=CODE     S=.text    G=(none)   M=SysUtils ACBP=A9
 0001:0000B790 000007FB C=CODE     S=.text    G=(none)   M=VarUtils ACBP=A9
 0001:0000BF8C 00002A42 C=CODE     S=.text    G=(none)   M=Variants ACBP=A9
 0001:0000E9D0 000000E8 C=CODE     S=.text    G=(none)   M=RTLConsts ACBP=A9
 0001:0000EAB8 00000864 C=CODE     S=.text    G=(none)   M=TypInfo  ACBP=A9
 0001:0000F31C 00000038 C=CODE     S=.text    G=(none)   M=ActiveX  ACBP=A9
 0001:0000F354 00006ACA C=CODE     S=.text    G=(none)   M=Classes  ACBP=A9
 0001:00015E20 00000D48 C=CODE     S=.text    G=(none)   M=CocoBase ACBP=A9
 0001:00016B68 00000038 C=CODE     S=.text    G=(none)   M=Math     ACBP=A9
 0001:00016BA0 00000038 C=CODE     S=.text    G=(none)   M=JclWideStrings ACBP=A9
 0001:00016BD8 00000038 C=CODE     S=.text    G=(none)   M=JclResources ACBP=A9
 0001:00016C10 00000038 C=CODE     S=.text    G=(none)   M=JclBase  ACBP=A9
 0001:00016C48 00000038 C=CODE     S=.text    G=(none)   M=JclLogic ACBP=A9
 0001:00016C80 00000158 C=CODE     S=.text    G=(none)   M=JclStrings ACBP=A9
 0001:00016DD8 000009FB C=CODE     S=.text    G=(none)   M=mwStringHashList ACBP=A9
 0001:000177D4 00002330 C=CODE     S=.text    G=(none)   M=CodeSnippets ACBP=A9
 0001:00019B04 00000950 C=CODE     S=.text    G=(none)   M=cCodeSnippets ACBP=A9
 0002:00000000 000000A4 C=DATA     S=.data    G=DGROUP   M=System   ACBP=A9
 0002:000000A4 00000020 C=DATA     S=.data    G=DGROUP   M=SysInit  ACBP=A9
 0002:000000C4 00000250 C=DATA     S=.data    G=DGROUP   M=SysUtils ACBP=A9
 0002:00000314 00000008 C=DATA     S=.data    G=DGROUP   M=VarUtils ACBP=A9
 0002:0000031C 0000008E C=DATA     S=.data    G=DGROUP   M=Variants ACBP=A9
 0002:000003AC 0000000C C=DATA     S=.data    G=DGROUP   M=TypInfo  ACBP=A9
 0002:000003B8 0000000C C=DATA     S=.data    G=DGROUP   M=Classes  ACBP=A9
 0002:000003C4 00000020 C=DATA     S=.data    G=DGROUP   M=CocoBase ACBP=A9
 0002:000003E4 0000000C C=DATA     S=.data    G=DGROUP   M=JclStrings ACBP=A9
 0002:00001000 0000065C C=BSS      S=.bss     G=DGROUP   M=System   ACBP=A9
 0002:0000165C 00000010 C=BSS      S=.bss     G=DGROUP   M=SysInit  ACBP=A9
 0002:0000166C 00000004 C=BSS      S=.bss     G=DGROUP   M=Types    ACBP=A9
 0002:00001670 00000004 C=BSS      S=.bss     G=DGROUP   M=Windows  ACBP=A9
 0002:00001674 00000004 C=BSS      S=.bss     G=DGROUP   M=Messages ACBP=A9
 0002:00001678 00000004 C=BSS      S=.bss     G=DGROUP   M=SysConst ACBP=A9
 0002:0000167C 00000120 C=BSS      S=.bss     G=DGROUP   M=SysUtils ACBP=A9
 0002:0000179C 0000005C C=BSS      S=.bss     G=DGROUP   M=VarUtils ACBP=A9
 0002:000017F8 00000040 C=BSS      S=.bss     G=DGROUP   M=Variants ACBP=A9
 0002:00001838 00000004 C=BSS      S=.bss     G=DGROUP   M=RTLConsts ACBP=A9
 0002:0000183C 00000004 C=BSS      S=.bss     G=DGROUP   M=TypInfo  ACBP=A9
 0002:00001840 00000004 C=BSS      S=.bss     G=DGROUP   M=ActiveX  ACBP=A9
 0002:00001844 00000034 C=BSS      S=.bss     G=DGROUP   M=Classes  ACBP=A9
 0002:00001878 00000004 C=BSS      S=.bss     G=DGROUP   M=CocoBase ACBP=A9
 0002:0000187C 00000004 C=BSS      S=.bss     G=DGROUP   M=Math     ACBP=A9
 0002:00001880 00000004 C=BSS      S=.bss     G=DGROUP   M=JclWideStrings ACBP=A9
 0002:00001884 00000004 C=BSS      S=.bss     G=DGROUP   M=JclResources ACBP=A9
 0002:00001888 00000004 C=BSS      S=.bss     G=DGROUP   M=JclBase  ACBP=A9
 0002:0000188C 00000004 C=BSS      S=.bss     G=DGROUP   M=JclLogic ACBP=A9
 0002:00001890 00000504 C=BSS      S=.bss     G=DGROUP   M=JclStrings ACBP=A9
 0002:00001D94 00000204 C=BSS      S=.bss     G=DGROUP   M=mwStringHashList ACBP=A9
 0002:00001F98 00000004 C=BSS      S=.bss     G=DGROUP   M=CodeSnippets ACBP=A9
 0002:00001F9C 00000008 C=BSS      S=.bss     G=DGROUP   M=cCodeSnippets ACBP=A9


  Address         Publics by Name

 0002:00001884       .1
 0002:00001838       .1
 0002:0000188C       .1
 0002:00001664       .1
 0002:0000166C       .1
 0002:00001674       .1
 0002:00001678       .1
 0002:00001890       .1
 0002:0000187C       .2
 0002:00001840       .3
 0002:00001880       .3
 0002:00001670       .3
 0002:0000178C       .35
 0002:00001F98       .4
 0002:00001888       .4
 0002:0000184C       .45
 0002:000017F4       .5
 0002:000015B4       .5
 0002:0000183C       .6
 0002:00001F94       .6
 0002:00001878       .7
 0002:00001818       .81
 0001:00001A3C       @AbstractError
 0001:000029F4       @AfterConstruction
 0001:00002840       @AsClass
 0001:000033A4       @Assert
 0001:00001DE8       @AStrCmp
 0001:00002A04       @BeforeDestruction
 0001:0000288C       @CallDynaInst
 0001:0000299C       @ClassCreate
 0001:000029EC       @ClassDestroy
 0001:00001D74       @Close
 0001:000017EC       @Copy
 0001:00003F74       @CopyArray
 0001:00003E58       @CopyRecord
 0001:00004068       @DispCallByIDError
 0001:0000CA2C       @DispInvokeError
 0001:00002E80       @DoneExcept
 0001:00004298       @DynArrayAsg
 0001:0000425C       @DynArrayClear
 0001:0000409C       @DynArrayHigh
 0001:00004094       @DynArrayLength
 0001:00004250       @DynArraySetLength
 0001:00002F68       @ExceptionHandler
 0001:00001E58       @FillChar
 0001:00003E34       @Finalize
 0001:00003D48       @FinalizeArray
 0001:00003CFC       @FinalizeRecord
 0001:00001D68       @Flush
 0001:000025CC       @FpuInit
 0001:00002508       @FpuMaskInit
 0001:000016C8       @FreeMem
 0001:000016A8       @GetMem
 0001:00004FF4       @GetTls
 0001:0000338C       @Halt
 0001:000032B4       @Halt0
 0001:00002B18       @HandleAnyException
 0001:00002DCC       @HandleFinally
 0001:00002C44       @HandleOnException
 0001:00005040       @InitExe
 0001:00003178       @InitImports
 0001:00003150       @InitResStringImports
 0001:00004900       @IntfClear
 0001:00004918       @IntfCopy
 0001:0000281C       @IsClass
 0001:000024D8       @isNECWindows
 0001:00003874       @LStrAddRef
 0001:000033E8       @LStrArrayClr
 0001:00003418       @LStrAsg
 0001:0000368C       @LStrCat
 0001:000036D0       @LStrCat3
 0001:00003744       @LStrCatN
 0001:000033C4       @LStrClr
 0001:000037D0       @LStrCmp
 0001:000038E4       @LStrCopy
 0001:00003924       @LStrDelete
 0001:00003634       @LStrFromArray
 0001:000035AC       @LStrFromChar
 0001:000035BC       @LStrFromPChar
 0001:000034B4       @LStrFromPCharLen
 0001:000035EC       @LStrFromPWChar
 0001:00003520       @LStrFromPWCharLen
 0001:00003628       @LStrFromString
 0001:0000364C       @LStrFromWStr
 0001:0000345C       @LStrLAsg
 0001:00003684       @LStrLen
 0001:0000396C       @LStrPos
 0001:000039B4       @LStrSetLength
 0001:00003884       @LStrToPChar
 0001:00003660       @LStrToString
 0001:00003488       @NewAnsiString
 0001:00003A48       @NewWideString
 0001:000021EC       @Pow10
 0001:00001DCC       @PStrNCpy
 0001:00002E2C       @RaiseAgain
 0001:00002E04       @RaiseExcept
 0001:00001E78       @RandInt
 0001:000016E8       @ReallocMem
 0001:00001AB0       @RewritText
 0001:00003398       @RunError
 0001:000021D0       @SetEq
 0001:00003110       @StartExe
 0001:00000288       @strlen
 0001:00001E94       @StrLong
 0001:00002EB0       @TryFinallyExit
 0001:000038DC       @UniqueStringA
 0001:00001EF4       @ValLong
 0001:0000E124       @VarAddRef
 0001:0000CD18       @VarClear
 0001:0000CD2C       @VarClr
 0001:00003D30       @VarClr
 0001:00003E40       @VarCopy
 0001:0000D040       @VarCopy
 0001:0000E05C       @VarFromBool
 0001:0000E0AC       @VarFromCurr
 0001:0000DFF4       @VarFromInt
 0001:0000E030       @VarFromInt64
 0001:0000E0C0       @VarFromLStr
 0001:0000E084       @VarFromReal
 0001:0000E098       @VarFromTDateTime
 0001:0000E0EC       @VarFromWStr
 0001:0000CA80       @VarNull
 0001:0000D36C       @VarToLStr
 0001:0000DA94       @VarToWStr
 0001:000020DC       @Write0Char
 0001:00002158       @Write0Long
 0001:00003A18       @Write0LString
 0001:0000200C       @WriteBytes
 0001:00002188       @WriteLn
 0001:00002118       @WriteLong
 0001:00003A20       @WriteLString
 0001:00002060       @WriteSpaces
 0001:00002160       @WriteString
 0001:00003A88       @WStrArrayClr
 0001:00003AAC       @WStrAsg
 0001:00003A70       @WStrClr
 0001:00003BE8       @WStrCmp
 0001:00003C6C       @WStrCopy
 0001:00003BBC       @WStrFromLStr
 0001:00003AD0       @WStrFromPCharLen
 0001:00003B80       @WStrFromPWChar
 0001:00003B5C       @WStrFromPWCharLen
 0001:00003BDC       @WStrLen
 0001:00003CB8       @WStrSetLength
 0001:00003BCC       @WStrToPWChar
 0001:000017BC       @_IOTest
 0001:00004070       @_llmul
 0001:00009DA0       AbstractErrorHandler
 0002:00001028       AbstractErrorProc
 0002:00000144       AccessMode
 0001:0000F34C       ActiveX
 0001:000003B4       AddBlockAfter
 0001:00004794       AddModuleUnloadProc
 0001:000047A4       AddModuleUnloadProc
 0001:000134E0       AddSubComponentsToLoaded
 0001:00006250       AllocMem
 0002:000015AC       AllocMemCount
 0002:000015B0       AllocMemSize
 0001:00004F9C       AllocTlsBuffer
 0002:00001894       AnsiCaseMap
 0002:000003E4       AnsiCaseMapReady
 0002:00001B94       AnsiCharTypes
 0001:00006394       AnsiCompareStr
 0001:000063CC       AnsiCompareText
 0001:00006360       AnsiLowerCase
 0001:0000A594       AnsiPos
 0001:00006404       AnsiSameText
 0001:0000A5CC       AnsiStrPos
 0001:0000A66C       AnsiStrRScan
 0001:0000A694       AnsiStrScan
 0001:00004D38       AnsiToUtf8
 0001:00007D80       AppendChars
 0001:00008144       AppendFormat
 0001:00007DE4       AppendNumber
 0001:00007DC4       AppendString
 0001:00009D84       AssertErrorHandler
 0002:00001020       AssertErrorProc
 0001:0000EDE4       AssignLongStr
 0001:0000F188       AssignVariant
 0002:00001604       avail
 0001:00006B6C       BackfillGetDiskFreeSpaceEx
 0001:0000BA20       BackupVarBoolFromStr
 0001:0000BB80       BackupVarBStrFromBool
 0001:0000BAA0       BackupVarBStrFromCy
 0001:0000BB10       BackupVarBStrFromDate
 0001:0000B9B4       BackupVarCyFromStr
 0001:0000B948       BackupVarDateFromStr
 0001:0000B804       BackupVarI4FromStr
 0001:0000B7B0       BackupVariantChangeTypeEx
 0001:0000B870       BackupVarR4FromStr
 0001:0000B8DC       BackupVarR8FromStr
 0001:0000B7EC       BiUnimplemented
 0002:000015DC       blockDescBlockList
 0002:000015E0       blockDescFreeList
 0002:000003AC       BooleanIdents
 0002:00000328       BooleanToStringRule
 0002:000003E8       Bools
 0001:00006834       BoolToStr
 0001:0000D0F4       BoolToWStrViaOS
 0001:0000A348       ByteToCharIndex
 0001:0000A320       ByteToCharLen
 0001:0000A2E4       ByteType
 0001:0000A26C       ByteTypeTest
 0001:0001A1D0       cCodeSnippets
 0002:00001810       ChangeAnyProc
 0001:00006A64       ChangeFileExt
 0001:000034E4       CharFromWChar
 0001:00016D34       CharIsLower
 0001:00016D48       CharIsUpper
 0001:0000A51C       CharLength
 0001:0000525C       CharLowerBuff
 0001:00000200       CharNext
 0001:00005264       CharNext
 0001:0000A430       CharToByteIndex
 0001:0000A494       CharToByteLen
 0001:0000526C       CharToOemA
 0001:00005274       CharUpperBuff
 0001:00002A94       CheckJmp
 0001:0001351C       CheckSubComponents
 0002:0000032C       CInvalidCustomVariantType
 0001:00015D8C       Classes
 0001:00010544       ClassNotFound
 0002:0000180C       ClearAnyProc
 0001:0000E460       ClearVariantTypeList
 0001:000050F4       CloseHandle
 0001:000001A0       CloseHandle
 0002:0000103C       CmdLine
 0002:00001038       CmdShow
 0001:0000B7F8       CmpUnimplemented
 0001:00016B60       CocoBase
 0001:00019AFC       CodeSnippets
 0002:00001F9C       CodeSnippets1
 0001:00000694       Commit
 0002:00001620       committedRoot
 0001:000050FC       CompareString
 0001:000062E8       CompareText
 0001:0000675C       CompareWith
 0001:000135FC       ComponentCreated
 0001:000097E0       ConvertAddr
 0001:00007ED4       ConvertEraString
 0001:00006214       ConvertError
 0001:0000622C       ConvertErrorFmt
 0001:0000803C       ConvertYearString
 0001:000040A4       CopyArray
 0001:0000A3A0       CountChars
 0002:00000330       CRangeToType
 0001:00009CC8       CreateAssertException
 0001:00009E50       CreateAVObject
 0001:0001367C       CreateComponent
 0001:00005104       CreateEvent
 0001:0000510C       CreateFile
 0001:000001A8       CreateFileA
 0001:00009BF4       CreateInOutError
 0002:00000398       CRelationshipToBoolean
 0002:00000314       CResult
 0002:0000013C       cSimpleBoolStrs
 0002:00000344       CText
 0002:00001618       curAlloc
 0002:00001684       CurrencyDecimals
 0002:00001680       CurrencyFormat
 0002:0000167C       CurrencyString
 0001:00007D6C       CurrentYear
 0001:000078C4       CurrToStr
 0001:0000D084       CurrToWStrViaOS
 0001:000064D0       CvtInt
 0001:0000653C       CvtInt64
 0002:0000017C       CWNear
 0002:00001685       DateSeparator
 0001:00008954       DateTimeToStr
 0001:000088F8       DateTimeToString
 0001:00007984       DateTimeToTimeStamp
 0001:0000D0BC       DateToWStrViaOS
 0001:00007D44       DayOfWeek
 0002:00000178       DCon10
 0002:0000002C       DebugHook
 0002:00001683       DecimalSeparator
 0001:00007D24       DecodeDate
 0001:00007BD8       DecodeDateFully
 0001:00007A78       DecodeTime
 0001:00000728       Decommit
 0001:00000D44       DecommitFree
 0002:000015F4       decommittedRoot
 0002:00000024       Default8087CW
 0002:00000038       DefaultTextLineBreakStyle
 0002:000015B8       DefaultUserCodePage
 0002:00000208       DefLongDayNames
 0002:000001BC       DefLongMonthNames
 0002:000001EC       DefShortDayNames
 0002:0000018C       DefShortMonthNames
 0001:000042E8       DelayLoadResourceModule
 0001:000003E4       DeleteBlock
 0001:00000354       DeleteCriticalSection
 0001:00005114       DeleteCriticalSection
 0001:00000B8C       DeleteFree
 0002:00000094       dig
 0002:00001000       DispCallByIDProc
 0002:00001FA0       DisplayObj
 0001:000061F8       DivMod
 0001:0000A17C       DoneExceptions
 0001:000154E4       DoneThreadSynchronization
 0002:000003B4       DotSep
 0001:00010FC0       DoWrite
 0001:0001681C       DrawErrorPointer
 0001:000040BC       DynArrayClear
 0001:000040C4       DynArraySetLength
 0001:00009BC8       EHeapException.FreeInstance
 0002:000017F8       EmptyParam
 0002:000000C4       EmptyStr
 0002:000000C8       EmptyWideStr
 0001:00007A38       EncodeTime
 0001:0000511C       EnterCriticalSection
 0001:00000344       EnterCriticalSection
 0001:00005124       EnumCalendarInfoA
 0001:00009454       EnumEraNames
 0001:00009490       EnumEraYearOffsets
 0001:00012E40       EnumValue
 0002:0000174C       EraNames
 0001:00008BE0       EraToYear
 0002:00001768       EraYearOffsets
 0002:0000006C       errCaption
 0001:000017B0       Error
 0002:00000004       ErrorAddr
 0001:00001764       ErrorAt
 0001:00009C74       ErrorHandler
 0002:00000224       ErrorMap
 0002:00001008       ErrorProc
 0002:000013E0       ErrOutput
 0002:0000100C       ExceptClsProc
 0001:0000A0E8       ExceptHandler
 0001:00009A3C       Exception.Create
 0001:00009A78       Exception.CreateFmt
 0001:00009AF8       Exception.CreateRes
 0001:00009B34       Exception.CreateResFmt
 0002:0000101C       ExceptionClass
 0001:000097EC       ExceptionErrorMessage
 0002:0000025C       ExceptMap
 0001:00001738       ExceptObject
 0002:00001010       ExceptObjProc
 0002:00001004       ExceptProc
 0002:00000000       ExitCode
 0001:000031F8       ExitDll
 0002:00001040       ExitProc
 0001:00000208       ExitProcess
 0002:00001024       ExitProcessProc
 0001:00006B30       ExpandFileName
 0001:00006AF8       ExtractFileName
 0002:00001788       FalseBoolStrs
 0002:0000016C       FCon1E18
 0001:0000699C       FileAge
 0001:00006994       FileClose
 0001:000068FC       FileCreate
 0001:000068D8       FileCreate
 0001:00006A04       FileExists
 0002:0000000C       FileMode
 0001:00001AF8       FileNOPProc
 0001:00006880       FileOpen
 0001:00006904       FileRead
 0001:0000695C       FileSeek
 0001:0000512C       FileTimeToDosDateTime
 0001:00005134       FileTimeToLocalFileTime
 0001:00006930       FileWrite
 0001:00000C74       FillAfterGap
 0001:00000C20       FillBeforeGap
 0001:00000D0C       FillerSizeAfterGap
 0001:00000C9C       FillerSizeBeforeGap
 0001:000050BC       Finalization
 0001:00005084       Finalization
 0001:00017794       Finalization
 0001:00004E54       Finalization
 0001:00019ACC       Finalization
 0001:0000B590       Finalization
 0001:00016D7C       Finalization
 0001:00016C48       Finalization
 0001:00016C10       Finalization
 0001:00016BD8       Finalization
 0001:0000BF4C       Finalization
 0001:00016BA0       Finalization
 0001:00016B68       Finalization
 0001:00016B30       Finalization
 0001:00005624       Finalization
 0001:0000E8AC       Finalization
 0001:0000EA80       Finalization
 0001:0000530C       Finalization
 0001:0000F2C4       Finalization
 0001:0000F31C       Finalization
 0001:00015CDC       Finalization
 0001:0001A0E8       Finalization
 0001:000052D4       Finalization
 0001:000040B4       FinalizeArray
 0001:00003050       FinalizeUnits
 0001:00004358       FindBS
 0001:0000513C       FindClose
 0001:00000218       FindClose
 0001:00000BF0       FindCommitted
 0001:0000E7BC       FindCustomVariantType
 0001:0000E704       FindCustomVariantType
 0001:0001382C       FindExistingComponent
 0001:00000220       FindFirstFile
 0001:00005144       FindFirstFile
 0001:000106CC       FindGlobalComponent
 0002:00001858       FindGlobalComponentProcs
 0001:000042C0       FindHInstance
 0001:00010650       FindIdentToInt
 0001:00012BF8       FindNestedComponent
 0001:0000BC14       FindProc
 0001:00004330       FindResourceHInstance
 0002:00001798       FLanguages
 0001:00007554       FloatToDecimal
 0001:00007894       FloatToStr
 0001:00007280       FloatToText
 0001:00001D5C       Flush
 0002:00000180       FMSecsPerDay
 0001:0000717C       FmtStr
 0002:00000188       Format
 0001:00007168       Format
 0001:00006DB0       FormatBuf
 0001:00006DA4       FormatClearStr
 0001:00008968       FormatDateTime
 0001:00006D28       FormatError
 0002:00000164       FormatErrorStrs
 0001:0000514C       FormatMessage
 0001:00006D80       FormatVarToStr
 0001:000021E4       FPower10
 0001:0000B1F4       FreeAndNil
 0001:0000095C       FreeCommitted
 0001:00000E7C       FreeCurAlloc
 0001:00015C68       FreeIntConstList
 0001:00000228       FreeLibrary
 0001:000005DC       FreeSpace
 0001:0000AD60       FreeTerminateProcs
 0001:00005154       GetACP
 0001:0000035C       GetBlockDesc
 0001:000105B0       GetClass
 0001:000002F8       GetCmdShow
 0001:00000230       GetCommandLine
 0001:000007A8       GetCommitted
 0001:00000838       GetCommittedAt
 0001:00007E30       GetCount
 0001:0000515C       GetCPInfo
 0001:000002E8       GetCurrentThreadId
 0001:00005164       GetCurrentThreadId
 0001:00007E5C       GetDate
 0001:0000516C       GetDateFormat
 0001:00008AF8       GetDateOrder
 0001:00005174       GetDiskFreeSpaceA
 0002:00000138       GetDiskFreeSpaceEx
 0001:0000285C       GetDynaMethod
 0001:0000EAF0       GetEnumNameValue
 0001:0000EB3C       GetEnumValue
 0001:00009508       GetEraNamesAndYearOffsets
 0001:00008B8C       GetEraYearOffset
 0001:00009E38       GetExceptionClass
 0001:0000A01C       GetExceptionObject
 0001:00010538       GetFieldClassTable
 0001:000001B8       GetFileSize
 0001:000001B0       GetFileType
 0001:0000A934       GetFormatSettings
 0001:0000517C       GetFullPathName
 0001:000024D0       GetKeyboardType
 0001:00005184       GetLastError
 0001:00000238       GetLastError
 0001:000092CC       GetLocaleChar
 0001:00000240       GetLocaleInfo
 0001:00005194       GetLocaleInfo
 0001:00009280       GetLocaleStr
 0001:0000518C       GetLocalTime
 0001:00000248       GetModuleFileName
 0001:0000519C       GetModuleFileName
 0001:00000250       GetModuleHandle
 0001:000051A4       GetModuleHandle
 0001:00004F7C       GetModuleHandle
 0001:00009330       GetMonthDayNames
 0001:0000EC8C       GetOrdProp
 0001:00001890       GetParamStr
 0001:000051AC       GetProcAddress
 0001:00000258       GetProcAddress
 0001:0000EC1C       GetPropInfo
 0001:00000500       GetSpace
 0001:00000564       GetSpaceAt
 0001:00000260       GetStartupInfo
 0001:000051B4       GetStdHandle
 0001:000001C0       GetStdHandle
 0001:000051BC       GetStringTypeEx
 0001:000051C4       GetStringTypeExA
 0001:0000527C       GetSystemMetrics
 0001:000051CC       GetThreadLocale
 0001:00000268       GetThreadLocale
 0001:00007E94       GetTime
 0001:00004FA8       GetTlsSize
 0001:0000EAE4       GetTypeData
 0001:000002F0       GetVersion
 0001:000051D4       GetVersionEx
 0001:000051DC       GlobalAlloc
 0001:00005294       GlobalAllocPtr
 0002:0000185C       GlobalFixupList
 0001:000051E4       GlobalFree
 0001:000052C0       GlobalFreePtr
 0001:000051F4       GlobalHandle
 0001:000051EC       GlobalLock
 0002:00001844       GlobalNameSpace
 0001:000051FC       GlobalReAlloc
 0001:000052A4       GlobalReAllocPtr
 0001:00005204       GlobalUnlock
 0001:00013F68       HandleException
 0001:00017104       HashCompare
 0001:00017150       HashSecondaryTwo
 0002:00000028       HeapAllocFlags
 0002:000015C0       heapErrorCode
 0002:000015C4       heapLock
 0002:00000134       HexDisplayPrefix
 0002:00001660       HInstance
 0002:00000184       IMSecsPerDay
 0001:0000CD34       InBounds
 0001:0000CA94       InBounds
 0001:0000CAC4       Increment
 0001:0000CD64       Increment
 0001:000009E8       InitAllocator
 0002:00001630       InitContext
 0001:0000AD80       InitDriveSpacePtr
 0001:0000A0F8       InitExceptions
 0001:0000033C       InitializeCriticalSection
 0001:0000520C       InitializeCriticalSection
 0002:000015BC       initialized
 0001:00005034       InitializeModule
 0001:0000BC40       InitializeVarUtils
 0001:0000A748       InitLeadBytes
 0001:0000A1FC       InitPlatformId
 0001:0000A7C0       InitSysLocale
 0001:00016FC0       InitTables
 0001:000154B0       InitThreadSynchronization
 0001:00004FB0       InitThreadTLS
 0001:000030B0       InitUnits
 0002:00001048       Input
 0001:00000DF4       InsertFree
 0002:00001850       IntConstList
 0001:0000ADE8       InterlockedDecrement
 0001:000002E0       InterlockedDecrement
 0001:0000ADF4       InterlockedExchange
 0001:0000ADFC       InterlockedExchangeAdd
 0001:0000ADDC       InterlockedIncrement
 0001:000002D8       InterlockedIncrement
 0001:00001B38       InternalClose
 0001:00001D14       InternalFlush
 0001:00000C50       InternalFreeMem
 0001:00003890       InternalUniqueString
 0001:00006630       IntToHex
 0001:00006608       IntToStr
 0001:0000651C       IntToStr
 0002:00001794       InvalidPointer
 0001:00002714       InvokeImplGetter
 0001:00001830       IOResult
 0002:00001044       IsConsole
 0001:00007AD4       IsLeapYear
 0002:00001034       IsLibrary
 0002:00001045       IsMultiThread
 0001:0000646C       IsValidIdent
 0001:0000A7A8       IsWesternGroup
 0001:00016C40       JclBase
 0001:00016C78       JclLogic
 0001:00016C08       JclResources
 0001:00016DC4       JclStrings
 0001:00016BD0       JclWideStrings
 0002:00000030       JITEnable
 0001:00006A14       LastDelimiter
 0001:00004DE0       LCIDToCodePage
 0001:0000A6D4       LCIDToCodePage
 0002:00000114       LeadBytes
 0001:0000034C       LeaveCriticalSection
 0001:00005214       LeaveCriticalSection
 0002:0000003C       LibModuleList
 0002:000003C4       LineEnds
 0002:0000174A       ListSeparator
 0001:00016CB8       LoadCaseMap
 0001:00016C80       LoadCharTypes
 0001:00000270       LoadLibraryEx
 0001:00004524       LoadResourceModule
 0001:00004D88       LoadResString
 0001:00005284       LoadString
 0001:00000278       LoadString
 0001:00004F84       LocalAlloc
 0001:0000031C       LocalAlloc
 0001:00000324       LocalFree
 0001:000092F4       LocalGetLocaleStr
 0002:0000168C       LongDateFormat
 0002:00001720       LongDayNames
 0002:000016D4       LongMonthNames
 0002:000016A0       LongTimeFormat
 0001:000062AC       LowerCase
 0001:00000280       lstrcpyn
 0002:0000181C       LVarTypes
 0002:00001820       LVarTypeSync
 0002:0000102C       MainInstance
 0002:00001030       MainThreadID
 0001:000003AC       MakeEmpty
 0001:0000319C       MakeErrorMessage
 0001:00009DB8       MapException
 0001:00002EC8       MapToRunError
 0001:00016B98       Math
 0002:00000044       MemoryManager
 0001:000003FC       MergeBlockAfter
 0001:00000EC8       MergeCommit
 0001:00000210       MessageBox
 0001:0000528C       MessageBox
 0001:0000533C       Messages
 0002:000000AC       Module
 0002:0000165D       ModuleIsCpp
 0002:0000165C       ModuleIsLib
 0001:00015CD4       ModuleUnload
 0002:00000040       ModuleUnloadList
 0002:000000E4       MonthDays
 0001:00001850       Move
 0001:00000290       MultiByteToWideChar
 0002:00001D94       mwHashTable
 0002:00001E94       mwInsensitiveHashTable
 0001:000177C4       mwStringHashList
 0002:00001681       NegCurrFormat
 0001:00000F54       NewCommit
 0001:00000F80       NewCommitAt
 0001:0000A558       NextCharIndex
 0002:000003B8       NilMethod
 0002:00000034       NoErrMsg
 0001:00002A80       NotifyAnyExcept
 0001:00002A54       NotifyExcept
 0001:00002AB4       NotifyExceptFinally
 0001:00004824       NotifyModuleUnload
 0001:00002A30       NotifyNonDelphiException
 0001:00002A6C       NotifyOnExcept
 0001:00002A14       NotifyReRaise
 0001:00002ADC       NotifyTerminate
 0001:00002AF8       NotifyUnhandled
 0001:0000E8A4       Null
 0002:00000320       NullAsStringValue
 0002:0000031C       NullStrictConvert
 0001:00001A58       OpenText
 0002:00001790       OutOfMemory
 0002:00001214       Output
 0002:00000324       PackVarCreation
 0001:00016210       PadL
 0001:0000197C       ParamCount
 0001:000019DC       ParamStr
 0001:00010270       PointerInModule
 0001:00012E14       PropertyNotFound
 0001:00014068       PropPathError
 0001:00012E08       PropValueError
 0002:000000A8       PtrToNil
 0001:0000723C       PutExponent
 0001:00009D74       RaiseAssertException
 0001:00012264       RaiseException
 0001:000001C8       RaiseException
 0002:00001014       RaiseExceptionProc
 0001:0000ACB4       RaiseLastOSError
 0002:00000008       RandSeed
 0001:00014EF8       ReadCustomVariant
 0001:00012DF0       ReadError
 0001:0000521C       ReadFile
 0001:000001D0       ReadFile
 0001:0001361C       Recover
 0002:00001814       RefAnyProc
 0001:00000298       RegCloseKey
 0002:00001854       RegGroups
 0001:00004880       RegisterModule
 0001:000002A0       RegOpenKeyEx
 0001:000002A8       RegQueryValueEx
 0002:00000050       reMap
 0002:00001614       remBytes
 0001:0000046C       RemoveBlock
 0001:00012CC0       RemoveFixupReferences
 0001:00012D6C       RemoveFixups
 0001:00013064       RemoveGlobalFixup
 0001:0000479C       RemoveModuleUnloadProc
 0001:000047C4       RemoveModuleUnloadProc
 0001:00005224       ResetEvent
 0001:00001408       ResizeInPlace
 0001:000107D8       ReturnAddr
 0001:00011120       ReturnAddr
 0002:00001610       rover
 0001:0000EAB0       RTLConsts
 0001:000001D8       RtlUnwind
 0002:00001018       RTLUnwindProc
 0002:00000074       runErrMsg
 0001:00001758       RunErrorAt
 0001:0000BBF4       SafeArrayCreate
 0001:0000BBFC       SafeArrayGetLBound
 0001:0000BC04       SafeArrayGetUBound
 0001:0000BC0C       SafeArrayPtrOfIndex
 0001:0000633C       SameText
 0001:0000897C       ScanBlanks
 0001:00008AC0       ScanChar
 0001:00008C3C       ScanDate
 0001:000089A0       ScanNumber
 0001:00008A34       ScanString
 0001:00008F80       ScanTime
 0001:00008B44       ScanToNumber
 0001:00000FB4       SearchSmallBlocks
 0001:0000E430       SetClearVarToEmptyParam
 0001:0001378C       SetCompName
 0001:000001E0       SetEndOfFile
 0001:0000522C       SetEndOfFile
 0001:00005234       SetEvent
 0001:00003008       SetExceptionHandler
 0001:000001E8       SetFilePointer
 0001:0000523C       SetFilePointer
 0001:0000EF90       SetFloatProp
 0001:000017DC       SetInOutRes
 0001:0000F214       SetInt64Prop
 0001:0000F250       SetInterfaceProp
 0001:00014348       SetInterfaceReference
 0001:00014264       SetIntIdent
 0001:0000EDF8       SetLongStrProp
 0001:0000F1DC       SetMethodProp
 0001:000142AC       SetObjectIdent
 0001:0000ED00       SetOrdProp
 0001:0000ED5C       SetShortStrProp
 0001:0000EDB0       SetShortStrPropAsLongStr
 0001:0000EE90       SetStrProp
 0001:00013594       SetSubComponentState
 0001:0000E418       SetVarAsError
 0001:0000F19C       SetVariantProp
 0001:000142EC       SetVariantReference
 0001:0000EEBC       SetWideStrProp
 0001:0000EE38       SetWideStrPropAsLongStr
 0002:00000150       ShareMode
 0002:00001688       ShortDateFormat
 0002:00001704       ShortDayNames
 0002:000016A4       ShortMonthNames
 0002:0000169C       ShortTimeFormat
 0001:00009974       ShowException
 0001:0001A064       ShowHelp
 0001:00019EA8       ShowVersion
 0001:00014A2C       SkipBinary
 0001:00014A5C       SkipCollection
 0001:00014A04       SkipList
 0001:0000ACAC       Sleep
 0001:0001707C       SmallCrcHash
 0002:0000161C       smallTab
 0002:000015E4       spaceRoot
 0001:00006CE8       StrAlloc
 0001:0000A308       StrByteType
 0001:0000A4F4       StrCharLength
 0001:00012100       StringListCompareStrings
 0001:00006C08       StrLCopy
 0001:00006BE0       StrLen
 0001:00007128       StrLFmt
 0001:00006C3C       StrLIComp
 0001:00006BF8       StrMove
 0001:00006CFC       StrNew
 0001:0000A514       StrNextChar
 0001:00006C94       StrPos
 0001:00006C80       StrScan
 0001:00006658       StrToInt
 0001:00006694       StrToIntDef
 0001:0000B228       Supports
 0001:0000B204       Supports
 0002:00001848       SyncEvent
 0002:000003C0       SyncList
 0001:000002C0       SysAllocStringLen
 0001:00005654       SysConst
 0001:00009234       SysErrorMessage
 0001:00001264       SysFreeMem
 0001:000002D0       SysFreeString
 0001:000010D4       SysGetMem
 0001:000050B4       SysInit
 0002:0000173C       SysLocale
 0001:000015E4       SysReallocMem
 0001:000002C8       SysReAllocStringLen
 0001:00004EA8       System
 0001:0000B710       SysUtils
 0001:000104B0       TClassFinder.GetClass
 0001:00016418       TCocoRGrammar.ClearErrors
 0001:0001644C       TCocoRGrammar.Create
 0001:000164A8       TCocoRGrammar.Destroy
 0001:000164EC       TCocoRGrammar.Expect
 0001:0001650C       TCocoRGrammar.GenerateListing
 0001:0001673C       TCocoRGrammar.GetLine
 0001:00016810       TCocoRGrammar.GetSuccessful
 0001:000168D4       TCocoRGrammar.PrintErr
 0001:00016A5C       TCocoRGrammar.SetOnStatusUpdate
 0001:00016A88       TCocoRGrammar.StoreError
 0001:00016A34       TCocoRGrammar.SynError
 0001:000169D0       TCocoRGrammar._StreamLine
 0001:00016964       TCocoRGrammar._StreamLn
 0001:00016360       TCocoRScanner.CharAt
 0001:000162B0       TCocoRScanner.Create
 0001:00016314       TCocoRScanner.Destroy
 0001:00016398       TCocoRScanner.GetStartState
 0001:0001639C       TCocoRScanner._Reset
 0001:00018F44       TCodeSnippets.Create
 0001:00018FB4       TCodeSnippets.Destroy
 0001:00018FF0       TCodeSnippets.ErrorStr
 0001:000194C8       TCodeSnippets.Execute
 0001:00017B0C       TCodeSnippets.Final
 0001:00019640       TCodeSnippets.Get
 0001:00019890       TCodeSnippets.GetBuild
 0001:00019898       TCodeSnippets.GetBuildDate
 0001:00019A20       TCodeSnippets.GetGrammarAuthor
 0001:00019A48       TCodeSnippets.GetGrammarCopyright
 0001:00019880       TCodeSnippets.GetMajorVersion
 0001:00019888       TCodeSnippets.GetMinorVersion
 0001:0001988C       TCodeSnippets.GetRelease
 0001:000196E0       TCodeSnippets.GetScanner
 0001:000198C0       TCodeSnippets.GetVersion
 0001:000199E4       TCodeSnippets.GetVersionComment
 0001:00017AF4       TCodeSnippets.Init
 0001:00019AA4       TCodeSnippets.InitSymSet
 0001:00019A7C       TCodeSnippets.Parse
 0001:00019A78       TCodeSnippets.SetVersion
 0001:0001976C       TCodeSnippets._CodePreset
 0001:00019854       TCodeSnippets._CodeSnippets
 0001:000196F8       TCodeSnippets._Param
 0001:00017ED4       TCodeSnippetsScanner.CheckLiteral
 0001:00017BD8       TCodeSnippetsScanner.Comment
 0001:000183E4       TCodeSnippetsScanner.Create
 0001:00018F0C       TCodeSnippetsScanner.Destroy
 0001:00017F40       TCodeSnippetsScanner.Get
 0001:00017E50       TCodeSnippetsScanner.GetNextSymbolString
 0001:00017B3C       TCodeSnippetsScanner.NextCh
 0001:00010D58       TCollection.Add
 0001:00010D78       TCollection.Clear
 0001:000155C0       TComponent.BeforeDestruction
 0001:00015A8C       TComponent.ChangeName
 0001:000154FC       TComponent.Create
 0001:00015820       TComponent.DefineProperties
 0001:00015548       TComponent.Destroy
 0001:000156F0       TComponent.DestroyComponents
 0001:00015748       TComponent.Destroying
 0001:00015B74       TComponent.ExecuteAction
 0001:000159B0       TComponent.FindComponent
 0001:000158B4       TComponent.GetChildOwner
 0001:000158B8       TComponent.GetChildParent
 0001:000158AC       TComponent.GetChildren
 0001:00015AA0       TComponent.GetComponent
 0001:00015ACC       TComponent.GetComponentCount
 0001:000158BC       TComponent.GetNamePath
 0001:000158D0       TComponent.GetOwner
 0001:000158D8       TComponent.GetParentComponent
 0001:000158A8       TComponent.HasParent
 0001:0001560C       TComponent.Insert
 0001:00015660       TComponent.InsertComponent
 0001:00015C64       TComponent.IntfGetComponent
 0001:000158F8       TComponent.Loaded
 0001:000157C4       TComponent.Notification
 0001:00015904       TComponent.PaletteCreated
 0001:00015BE4       TComponent.QueryInterface
 0001:000155CC       TComponent.ReadLeft
 0001:00015908       TComponent.ReadState
 0001:000155E0       TComponent.ReadTop
 0001:00015638       TComponent.Remove
 0001:000156B8       TComponent.RemoveComponent
 0001:000157A8       TComponent.RemoveFreeNotification
 0001:00015784       TComponent.RemoveNotification
 0001:00015BC4       TComponent.SafeCallException
 0001:000158D4       TComponent.SetChildOrder
 0001:00015ADC       TComponent.SetDesigning
 0001:00015A00       TComponent.SetName
 0001:000158DC       TComponent.SetParentComponent
 0001:00015B2C       TComponent.SetReference
 0001:00015B9C       TComponent.UpdateAction
 0001:000158EC       TComponent.Updated
 0001:00015BDC       TComponent.UpdateRegistry
 0001:000158E0       TComponent.Updating
 0001:00015998       TComponent.ValidateContainer
 0001:000159AC       TComponent.ValidateInsert
 0001:00015918       TComponent.ValidateRename
 0001:000155F4       TComponent.WriteLeft
 0001:00015910       TComponent.WriteState
 0001:00015600       TComponent.WriteTop
 0001:00015C24       TComponent._AddRef
 0001:00015C44       TComponent._Release
 0001:000126AC       TCustomMemoryStream.Read
 0001:00012720       TCustomMemoryStream.SaveToFile
 0001:00012708       TCustomMemoryStream.SaveToStream
 0001:000126E4       TCustomMemoryStream.Seek
 0001:000126A4       TCustomMemoryStream.SetPointer
 0001:0000E4CC       TCustomVariantType.BinaryOp
 0001:0000E4D8       TCustomVariantType.Cast
 0001:0000E510       TCustomVariantType.CastTo
 0001:0000E59C       TCustomVariantType.CastToOle
 0001:0000E558       TCustomVariantType.Compare
 0001:0000E564       TCustomVariantType.CompareOp
 0001:0000E5D8       TCustomVariantType.Destroy
 0001:0000E6B8       TCustomVariantType.DispInvoke
 0001:0000E664       TCustomVariantType.IsClear
 0001:0000E668       TCustomVariantType.LeftPromotion
 0001:0000E67C       TCustomVariantType.OlePromotion
 0001:0000E6DC       TCustomVariantType.QueryInterface
 0001:0000E684       TCustomVariantType.RaiseCastError
 0001:0000E694       TCustomVariantType.RaiseDispError
 0001:0000E68C       TCustomVariantType.RaiseInvalidOp
 0001:0000E69C       TCustomVariantType.RightPromotion
 0001:0000E6B0       TCustomVariantType.UnaryOp
 0001:0000E6C4       TCustomVariantType._AddRef
 0001:0000E6D0       TCustomVariantType._Release
 0001:00019CEC       TDisplayObj.CustomErrorEvent
 0001:00019B5C       TDisplayObj.onError
 0001:00019DD4       TDisplayObj.OnFailure
 0001:00019D50       TDisplayObj.OnSuccess
 0002:00000310       TerminateProcList
 0002:00001046       Test8086
 0001:00001B48       TextClose
 0001:00001ABC       TextIn
 0001:00001B68       TextOpen
 0001:00001AFC       TextOut
 0001:00007780       TextToFloat
 0001:00012978       TFiler.Create
 0001:000129C0       TFiler.Destroy
 0001:000129E8       TFiler.SetRoot
 0001:000124D8       TFileStream.Create
 0001:0001251C       TFileStream.Create
 0001:00012670       TFileStream.Destroy
 0001:00012414       THandleStream.Create
 0001:00012450       THandleStream.Read
 0001:00012470       THandleStream.Seek
 0001:0001249C       THandleStream.SetSize
 0001:000124B0       THandleStream.SetSize
 0001:00012460       THandleStream.Write
 0002:00001682       ThousandSeparator
 0002:00001860       ThreadLock
 0002:00001694       TimeAMString
 0002:00001698       TimePMString
 0002:00001690       TimeSeparator
 0001:00004944       TInterfacedObject.AfterConstruction
 0001:00004950       TInterfacedObject.BeforeDestruction
 0001:00004960       TInterfacedObject.NewInstance
 0001:00004970       TInterfacedObject.QueryInterface
 0001:00004998       TInterfacedObject._AddRef
 0001:000049AC       TInterfacedObject._Release
 0001:0001072C       TList.Add
 0001:00010760       TList.Clear
 0001:00010778       TList.Delete
 0001:0001070C       TList.Destroy
 0001:000107DC       TList.Error
 0001:00010814       TList.Error
 0001:00010868       TList.Get
 0001:00010890       TList.Grow
 0001:000108C4       TList.IndexOf
 0001:000108E4       TList.Last
 0001:00010A0C       TList.Notify
 0001:000108F0       TList.Put
 0001:00010940       TList.Remove
 0001:00010960       TList.SetCapacity
 0001:0001099C       TList.SetCount
 0002:00001668       tlsBuffer
 0001:00004F8C       TlsGetValue
 0002:000000A4       TlsIndex
 0002:FFBE400C       TlsLast
 0001:00004F94       TlsSetValue
 0001:000127A4       TMemoryStream.Clear
 0001:00012778       TMemoryStream.Destroy
 0001:000127F4       TMemoryStream.LoadFromFile
 0001:000127BC       TMemoryStream.LoadFromStream
 0001:0001289C       TMemoryStream.Realloc
 0001:00012848       TMemoryStream.SetCapacity
 0001:00012870       TMemoryStream.SetSize
 0001:00012928       TMemoryStream.Write
 0001:0000B120       TMultiReadExclusiveWriteSynchronizer.BeginRead
 0001:0000B034       TMultiReadExclusiveWriteSynchronizer.BeginWrite
 0001:0000AFF0       TMultiReadExclusiveWriteSynchronizer.BlockReaders
 0001:0000AF34       TMultiReadExclusiveWriteSynchronizer.Create
 0001:0000AFA8       TMultiReadExclusiveWriteSynchronizer.Destroy
 0001:0000B18C       TMultiReadExclusiveWriteSynchronizer.EndRead
 0001:0000B0D0       TMultiReadExclusiveWriteSynchronizer.EndWrite
 0001:0000B008       TMultiReadExclusiveWriteSynchronizer.UnblockOneWriter
 0001:0000AFFC       TMultiReadExclusiveWriteSynchronizer.UnblockReaders
 0001:0000B014       TMultiReadExclusiveWriteSynchronizer.WaitForReadSignal
 0001:0000B024       TMultiReadExclusiveWriteSynchronizer.WaitForWriteSignal
 0001:0001721C       TmwBaseStringHashList.Clear
 0001:00017254       TmwBaseStringHashList.Destroy
 0001:00017280       TmwBaseStringHashList.Get
 0001:00017298       TmwBaseStringHashList.Put
 0001:000172AC       TmwBaseStringHashList.SetCapacity
 0001:00017358       TmwHashItems.AddString
 0001:0001746C       TmwHashItems.Create
 0001:000172E8       TmwHashStrings.AddString
 0001:00017190       TmwHashWord.Create
 0001:000174F8       TmwStringHashList.AddString
 0001:000174A8       TmwStringHashList.Create
 0001:00017614       TmwStringHashList.Hash
 0001:0001763C       TmwStringHashList.HashEX
 0001:000028CC       TObject.AfterConstruction
 0001:000028D0       TObject.BeforeDestruction
 0001:000028B8       TObject.ClassInfo
 0001:000025E0       TObject.ClassName
 0001:000025F4       TObject.ClassNameIs
 0001:0000261C       TObject.ClassParent
 0001:000025D8       TObject.ClassType
 0001:000026F4       TObject.CleanupInstance
 0001:00002660       TObject.Create
 0001:000028C8       TObject.DefaultHandler
 0001:00002680       TObject.Destroy
 0001:000028D4       TObject.Dispatch
 0001:0000294C       TObject.FieldAddress
 0001:00002690       TObject.Free
 0001:00002644       TObject.FreeInstance
 0001:00002744       TObject.GetInterface
 0001:000027D8       TObject.GetInterfaceEntry
 0001:000028A4       TObject.InheritsFrom
 0001:0000269C       TObject.InitInstance
 0001:00002658       TObject.InstanceSize
 0001:000028FC       TObject.MethodAddress
 0001:00002628       TObject.NewInstance
 0001:000028C0       TObject.SafeCallException
 0001:0000436C       ToLongPath
 0001:00010BB4       TPersistent.Assign
 0001:00010BC8       TPersistent.AssignError
 0001:00010C98       TPersistent.AssignTo
 0001:00010CA0       TPersistent.DefineProperties
 0001:00010B88       TPersistent.Destroy
 0001:00010CA4       TPersistent.GetNamePath
 0001:00010D54       TPersistent.GetOwner
 0001:00012AC4       TPropFixup.Create
 0001:00012B1C       TPropFixup.MakeGlobalReference
 0001:00012B64       TPropFixup.ResolveReference
 0001:00012B74       TPropIntfFixup.ResolveReference
 0001:000095B8       TranslateDateFormat
 0001:0000C798       TranslateResult
 0001:00012E94       TReader.CheckValue
 0001:00012EEC       TReader.DefineBinaryProperty
 0001:00012EB8       TReader.DefineProperty
 0001:00012E58       TReader.Destroy
 0001:000130E0       TReader.DoFixupReferences
 0001:00012FC8       TReader.EndOfList
 0001:00012FDC       TReader.Error
 0001:00014D44       TReader.FindAncestorComponent
 0001:00014E3C       TReader.FindComponentClass
 0001:00012FFC       TReader.FindMethod
 0001:00013200       TReader.FlushBuffer
 0001:00013224       TReader.FreeFixups
 0001:00013260       TReader.GetFieldClass
 0001:000132F4       TReader.GetPosition
 0001:0001330C       TReader.NextValue
 0001:0001331C       TReader.PropertyError
 0001:00013330       TReader.Read
 0001:0001337C       TReader.ReadBuffer
 0001:000133B8       TReader.ReadChar
 0001:00013410       TReader.ReadCollection
 0001:000138D0       TReader.ReadComponent
 0001:00013CD4       TReader.ReadCurrency
 0001:00013B0C       TReader.ReadData
 0001:00013B7C       TReader.ReadDataInner
 0001:00013D24       TReader.ReadDate
 0001:00013C4C       TReader.ReadFloat
 0001:00013D68       TReader.ReadIdent
 0001:00013ED4       TReader.ReadInt64
 0001:00013E68       TReader.ReadInteger
 0001:00013F18       TReader.ReadListBegin
 0001:00013F20       TReader.ReadListEnd
 0001:00013F28       TReader.ReadPrefix
 0001:00014084       TReader.ReadProperty
 0001:00014408       TReader.ReadPropValue
 0001:00014710       TReader.ReadSet
 0001:00013C90       TReader.ReadSingle
 0001:000147CC       TReader.ReadStr
 0001:00014808       TReader.ReadString
 0001:000149A8       TReader.ReadValue
 0001:000150C0       TReader.ReadVariant
 0001:000148C4       TReader.ReadWideString
 0001:00014DFC       TReader.ReferenceName
 0001:00014E14       TReader.SetName
 0001:00014EB0       TReader.SkipBytes
 0001:00014C9C       TReader.SkipComponent
 0001:00014C54       TReader.SkipProperty
 0001:000149BC       TReader.SkipSetBody
 0001:00014AB8       TReader.SkipValue
 0001:00010154       TRegGroup.Create
 0001:000101D0       TRegGroup.Destroy
 0001:00010210       TRegGroup.GetClass
 0001:00010290       TRegGroup.UnregisterModuleClasses
 0001:00010334       TRegGroups.Create
 0001:000103A8       TRegGroups.Destroy
 0001:00010404       TRegGroups.GetClass
 0001:00010448       TRegGroups.Lock
 0001:00010454       TRegGroups.Unlock
 0001:00010460       TRegGroups.UnregisterModuleClasses
 0001:0000641C       Trim
 0002:00001784       TrueBoolStrs
 0001:00007B10       TryEncodeDate
 0001:000079C8       TryEncodeTime
 0001:00000FE0       TryHarder
 0001:00001FC8       TryOpenForOutput
 0001:00006798       TryStrToBool
 0001:00007968       TryStrToCurr
 0001:000091A8       TryStrToDateTime
 0001:0000793C       TryStrToFloat
 0001:000078F4       TryStrToFloat
 0001:00007910       TryStrToFloat
 0001:000066AC       TryStrToInt
 0001:00009174       TryStrToTime
 0001:00012178       TStream.GetPosition
 0001:000121AC       TStream.GetSize
 0001:000123A4       TStream.ReadBuffer
 0001:000122B0       TStream.Seek
 0001:00012334       TStream.Seek
 0001:00012198       TStream.SetPosition
 0001:000121F8       TStream.SetSize
 0001:00012210       TStream.SetSize
 0001:000121FC       TStream.SetSize64
 0001:000123DC       TStream.WriteBuffer
 0001:00011BA0       TStringList.Add
 0001:00011BAC       TStringList.AddObject
 0001:00011C10       TStringList.Changed
 0001:00011C2C       TStringList.Changing
 0001:00011C48       TStringList.Clear
 0001:0001215C       TStringList.CompareStrings
 0001:00012124       TStringList.CustomSort
 0001:00011C88       TStringList.Delete
 0001:00011B44       TStringList.Destroy
 0001:00011CF4       TStringList.Exchange
 0001:00011D50       TStringList.ExchangeItems
 0001:00011D74       TStringList.Find
 0001:00011DEC       TStringList.Get
 0001:00011E20       TStringList.GetCapacity
 0001:00011E24       TStringList.GetCount
 0001:00011E28       TStringList.GetObject
 0001:00011E50       TStringList.Grow
 0001:00011E84       TStringList.IndexOf
 0001:00011EC0       TStringList.Insert
 0001:00011F24       TStringList.InsertItem
 0001:00011ED0       TStringList.InsertObject
 0001:00011F9C       TStringList.Put
 0001:00011FF8       TStringList.PutObject
 0001:00012038       TStringList.QuickSort
 0001:000120CC       TStringList.SetCapacity
 0001:000120E8       TStringList.SetUpdateState
 0001:00012114       TStringList.Sort
 0001:00010E10       TStrings.Add
 0001:00010E34       TStrings.AddObject
 0001:00010E58       TStrings.AddStrings
 0001:00010F10       TStrings.Assign
 0001:00010FA8       TStrings.BeginUpdate
 0001:00011B04       TStrings.CompareStrings
 0001:00011018       TStrings.DefineProperties
 0001:00010DE0       TStrings.Destroy
 0001:00011064       TStrings.EndUpdate
 0001:00011078       TStrings.Equals
 0001:00011124       TStrings.Error
 0001:0001115C       TStrings.Error
 0001:000111B4       TStrings.Exchange
 0001:0001129C       TStrings.GetCapacity
 0001:00011B10       TStrings.GetNameValueSeparator
 0001:000112A4       TStrings.GetObject
 0001:000112A8       TStrings.GetText
 0001:000112FC       TStrings.GetTextStr
 0001:00011424       TStrings.IndexOf
 0001:000114B0       TStrings.IndexOfName
 0001:00011584       TStrings.IndexOfObject
 0001:000115B8       TStrings.InsertObject
 0001:000115E8       TStrings.LoadFromFile
 0001:0001163C       TStrings.LoadFromStream
 0001:000116E8       TStrings.Move
 0001:00011798       TStrings.Put
 0001:000117CC       TStrings.PutObject
 0001:000117D0       TStrings.ReadData
 0001:00011880       TStrings.SaveToFile
 0001:000118D8       TStrings.SaveToStream
 0001:00011934       TStrings.SetCapacity
 0001:00011B28       TStrings.SetNameValueSeparator
 0001:00011938       TStrings.SetStringsAdapter
 0001:0001196C       TStrings.SetText
 0001:000119BC       TStrings.SetTextStr
 0001:00011A7C       TStrings.SetUpdateState
 0001:00011A80       TStrings.WriteData
 0001:00016298       TSymbolPosition.Clear
 0001:00010AE0       TThreadList.Add
 0001:00010A10       TThreadList.Create
 0001:00010A64       TThreadList.Destroy
 0001:00010B68       TThreadList.LockList
 0001:00010B7C       TThreadList.UnlockList
 0001:0000AEE4       TThreadLocalCounter.Delete
 0001:0000AE04       TThreadLocalCounter.Destroy
 0001:0000AE54       TThreadLocalCounter.HashIndex
 0001:0000AE6C       TThreadLocalCounter.Open
 0001:0000AEF4       TThreadLocalCounter.Recycle
 0002:000000E0       TwoDigitYearCenturyWindow
 0001:000152C8       TWriter.Write
 0001:00015314       TWriter.WriteBuffer
 0001:0001532C       TWriter.WriteInteger
 0001:000153A0       TWriter.WriteListBegin
 0001:000153A8       TWriter.WriteListEnd
 0001:000153B0       TWriter.WriteMinStr
 0001:00015448       TWriter.WriteString
 0001:0001549C       TWriter.WriteValue
 0001:000050EC       Types
 0001:0000F314       TypInfo
 0001:000001F0       UnhandledExceptionFilter
 0001:000049D4       UnicodeToUtf8
 0001:00000AAC       UninitAllocator
 0001:000038D4       UniqueString
 0001:0000B7E0       UniUnimplemented
 0001:00004890       UnregisterModule
 0001:00010604       UnRegisterModuleClasses
 0001:00003028       UnsetExceptionHandler
 0001:00006270       UpperCase
 0001:00004C94       UTF8Decode
 0001:00004BE8       UTF8Encode
 0001:00004AB0       Utf8ToUnicode
 0002:000017A8       VarAdd
 0002:00000014       VarAddRefProc
 0002:000017C0       VarAnd
 0001:0000CB20       VarArrayClear
 0001:0000CDC0       VarArrayCopyForEach
 0001:0000C744       VarArrayCreateError
 0002:000017E4       VarBoolFromStr
 0002:000017F0       VarBstrFromBool
 0002:000017E8       VarBstrFromCy
 0002:000017EC       VarBstrFromDate
 0001:0000C564       VarCastError
 0001:0000C5B8       VarCastError
 0001:0000CC9C       VarClearDeep
 0002:00000010       VarClearProc
 0002:000017CC       VarCmp
 0001:0000CF8C       VarCopyCopyProc
 0001:0000CF94       VarCopyDeep
 0002:00000018       VarCopyProc
 0002:000017E0       VarCyFromStr
 0002:000017DC       VarDateFromStr
 0002:00001808       VarDispProc
 0002:000017B4       VarDiv
 0002:000017D0       VarI4FromStr
 0001:0000B7A8       VariantChangeType
 0002:0000179C       VariantChangeTypeEx
 0001:0000B798       VariantClear
 0001:0000B7A0       VariantCopy
 0001:0000B790       VariantInit
 0001:0000E924       Variants
 0002:000017B8       VarIDiv
 0001:0000C654       VarInvalidOp
 0002:000017BC       VarMod
 0002:000017B0       VarMul
 0002:000017A0       VarNeg
 0002:000017A4       VarNot
 0002:000017C4       VarOr
 0001:0000C6A8       VarOverflowError
 0002:000017D4       VarR4FromStr
 0002:000017D8       VarR8FromStr
 0001:0000C9F8       VarResultCheck
 0001:0000C9EC       VarResultCheck
 0002:000017AC       VarSub
 0001:0000D284       VarToLStrAny
 0001:0000D2E8       VarToLStrCustom
 0002:0000001C       VarToLStrProc
 0001:0000D1B8       VarToLStrViaOS
 0001:0000D968       VarToWStrAny
 0001:0000D9CC       VarToWStrCustom
 0002:00000020       VarToWStrProc
 0001:0000D8B0       VarToWStrViaOS
 0001:0000E2A8       VarTypeAsText
 0001:0000BF7C       VarUtils
 0002:000017C8       VarXor
 0001:000066CC       VerifyBoolStrArray
 0001:0000032C       VirtualAlloc
 0001:00000334       VirtualFree
 0001:000002B8       VirtualQuery
 0001:00005244       VirtualQuery
 0001:0000524C       WaitForSingleObject
 0001:00003504       WCharFromChar
 0002:0000030C       WesternGroups
 0001:000002B0       WideCharToMultiByte
 0002:000000D8       Win32BuildNumber
 0001:0000AD50       Win32Check
 0002:000000DC       Win32CSDVersion
 0002:000000D0       Win32MajorVersion
 0002:000000D4       Win32MinorVersion
 0002:000000CC       Win32Platform
 0001:00005304       Windows
 0001:00003228       WriteErrorMessage
 0001:00005254       WriteFile
 0001:000001F8       WriteFile
 0001:00003A40       WStrError
 0001:00003A60       WStrSet


  Address         Publics by Value

 0002:FFBE400C       TlsLast
 0001:000001A0       CloseHandle
 0001:000001A8       CreateFileA
 0001:000001B0       GetFileType
 0001:000001B8       GetFileSize
 0001:000001C0       GetStdHandle
 0001:000001C8       RaiseException
 0001:000001D0       ReadFile
 0001:000001D8       RtlUnwind
 0001:000001E0       SetEndOfFile
 0001:000001E8       SetFilePointer
 0001:000001F0       UnhandledExceptionFilter
 0001:000001F8       WriteFile
 0001:00000200       CharNext
 0001:00000208       ExitProcess
 0001:00000210       MessageBox
 0001:00000218       FindClose
 0001:00000220       FindFirstFile
 0001:00000228       FreeLibrary
 0001:00000230       GetCommandLine
 0001:00000238       GetLastError
 0001:00000240       GetLocaleInfo
 0001:00000248       GetModuleFileName
 0001:00000250       GetModuleHandle
 0001:00000258       GetProcAddress
 0001:00000260       GetStartupInfo
 0001:00000268       GetThreadLocale
 0001:00000270       LoadLibraryEx
 0001:00000278       LoadString
 0001:00000280       lstrcpyn
 0001:00000288       @strlen
 0001:00000290       MultiByteToWideChar
 0001:00000298       RegCloseKey
 0001:000002A0       RegOpenKeyEx
 0001:000002A8       RegQueryValueEx
 0001:000002B0       WideCharToMultiByte
 0001:000002B8       VirtualQuery
 0001:000002C0       SysAllocStringLen
 0001:000002C8       SysReAllocStringLen
 0001:000002D0       SysFreeString
 0001:000002D8       InterlockedIncrement
 0001:000002E0       InterlockedDecrement
 0001:000002E8       GetCurrentThreadId
 0001:000002F0       GetVersion
 0001:000002F8       GetCmdShow
 0001:0000031C       LocalAlloc
 0001:00000324       LocalFree
 0001:0000032C       VirtualAlloc
 0001:00000334       VirtualFree
 0001:0000033C       InitializeCriticalSection
 0001:00000344       EnterCriticalSection
 0001:0000034C       LeaveCriticalSection
 0001:00000354       DeleteCriticalSection
 0001:0000035C       GetBlockDesc
 0001:000003AC       MakeEmpty
 0001:000003B4       AddBlockAfter
 0001:000003E4       DeleteBlock
 0001:000003FC       MergeBlockAfter
 0001:0000046C       RemoveBlock
 0001:00000500       GetSpace
 0001:00000564       GetSpaceAt
 0001:000005DC       FreeSpace
 0001:00000694       Commit
 0001:00000728       Decommit
 0001:000007A8       GetCommitted
 0001:00000838       GetCommittedAt
 0001:0000095C       FreeCommitted
 0001:000009E8       InitAllocator
 0001:00000AAC       UninitAllocator
 0001:00000B8C       DeleteFree
 0001:00000BF0       FindCommitted
 0001:00000C20       FillBeforeGap
 0001:00000C50       InternalFreeMem
 0001:00000C74       FillAfterGap
 0001:00000C9C       FillerSizeBeforeGap
 0001:00000D0C       FillerSizeAfterGap
 0001:00000D44       DecommitFree
 0001:00000DF4       InsertFree
 0001:00000E7C       FreeCurAlloc
 0001:00000EC8       MergeCommit
 0001:00000F54       NewCommit
 0001:00000F80       NewCommitAt
 0001:00000FB4       SearchSmallBlocks
 0001:00000FE0       TryHarder
 0001:000010D4       SysGetMem
 0001:00001264       SysFreeMem
 0001:00001408       ResizeInPlace
 0001:000015E4       SysReallocMem
 0001:000016A8       @GetMem
 0001:000016C8       @FreeMem
 0001:000016E8       @ReallocMem
 0001:00001738       ExceptObject
 0001:00001758       RunErrorAt
 0001:00001764       ErrorAt
 0001:000017B0       Error
 0001:000017BC       @_IOTest
 0001:000017DC       SetInOutRes
 0001:000017EC       @Copy
 0001:00001830       IOResult
 0001:00001850       Move
 0001:00001890       GetParamStr
 0001:0000197C       ParamCount
 0001:000019DC       ParamStr
 0001:00001A3C       @AbstractError
 0001:00001A58       OpenText
 0001:00001AB0       @RewritText
 0001:00001ABC       TextIn
 0001:00001AF8       FileNOPProc
 0001:00001AFC       TextOut
 0001:00001B38       InternalClose
 0001:00001B48       TextClose
 0001:00001B68       TextOpen
 0001:00001D14       InternalFlush
 0001:00001D5C       Flush
 0001:00001D68       @Flush
 0001:00001D74       @Close
 0001:00001DCC       @PStrNCpy
 0001:00001DE8       @AStrCmp
 0001:00001E58       @FillChar
 0001:00001E78       @RandInt
 0001:00001E94       @StrLong
 0001:00001EF4       @ValLong
 0001:00001FC8       TryOpenForOutput
 0001:0000200C       @WriteBytes
 0001:00002060       @WriteSpaces
 0001:000020DC       @Write0Char
 0001:00002118       @WriteLong
 0001:00002158       @Write0Long
 0001:00002160       @WriteString
 0001:00002188       @WriteLn
 0001:000021D0       @SetEq
 0001:000021E4       FPower10
 0001:000021EC       @Pow10
 0001:000024D0       GetKeyboardType
 0001:000024D8       @isNECWindows
 0001:00002508       @FpuMaskInit
 0001:000025CC       @FpuInit
 0001:000025D8       TObject.ClassType
 0001:000025E0       TObject.ClassName
 0001:000025F4       TObject.ClassNameIs
 0001:0000261C       TObject.ClassParent
 0001:00002628       TObject.NewInstance
 0001:00002644       TObject.FreeInstance
 0001:00002658       TObject.InstanceSize
 0001:00002660       TObject.Create
 0001:00002680       TObject.Destroy
 0001:00002690       TObject.Free
 0001:0000269C       TObject.InitInstance
 0001:000026F4       TObject.CleanupInstance
 0001:00002714       InvokeImplGetter
 0001:00002744       TObject.GetInterface
 0001:000027D8       TObject.GetInterfaceEntry
 0001:0000281C       @IsClass
 0001:00002840       @AsClass
 0001:0000285C       GetDynaMethod
 0001:0000288C       @CallDynaInst
 0001:000028A4       TObject.InheritsFrom
 0001:000028B8       TObject.ClassInfo
 0001:000028C0       TObject.SafeCallException
 0001:000028C8       TObject.DefaultHandler
 0001:000028CC       TObject.AfterConstruction
 0001:000028D0       TObject.BeforeDestruction
 0001:000028D4       TObject.Dispatch
 0001:000028FC       TObject.MethodAddress
 0001:0000294C       TObject.FieldAddress
 0001:0000299C       @ClassCreate
 0001:000029EC       @ClassDestroy
 0001:000029F4       @AfterConstruction
 0001:00002A04       @BeforeDestruction
 0001:00002A14       NotifyReRaise
 0001:00002A30       NotifyNonDelphiException
 0001:00002A54       NotifyExcept
 0001:00002A6C       NotifyOnExcept
 0001:00002A80       NotifyAnyExcept
 0001:00002A94       CheckJmp
 0001:00002AB4       NotifyExceptFinally
 0001:00002ADC       NotifyTerminate
 0001:00002AF8       NotifyUnhandled
 0001:00002B18       @HandleAnyException
 0001:00002C44       @HandleOnException
 0001:00002DCC       @HandleFinally
 0001:00002E04       @RaiseExcept
 0001:00002E2C       @RaiseAgain
 0001:00002E80       @DoneExcept
 0001:00002EB0       @TryFinallyExit
 0001:00002EC8       MapToRunError
 0001:00002F68       @ExceptionHandler
 0001:00003008       SetExceptionHandler
 0001:00003028       UnsetExceptionHandler
 0001:00003050       FinalizeUnits
 0001:000030B0       InitUnits
 0001:00003110       @StartExe
 0001:00003150       @InitResStringImports
 0001:00003178       @InitImports
 0001:0000319C       MakeErrorMessage
 0001:000031F8       ExitDll
 0001:00003228       WriteErrorMessage
 0001:000032B4       @Halt0
 0001:0000338C       @Halt
 0001:00003398       @RunError
 0001:000033A4       @Assert
 0001:000033C4       @LStrClr
 0001:000033E8       @LStrArrayClr
 0001:00003418       @LStrAsg
 0001:0000345C       @LStrLAsg
 0001:00003488       @NewAnsiString
 0001:000034B4       @LStrFromPCharLen
 0001:000034E4       CharFromWChar
 0001:00003504       WCharFromChar
 0001:00003520       @LStrFromPWCharLen
 0001:000035AC       @LStrFromChar
 0001:000035BC       @LStrFromPChar
 0001:000035EC       @LStrFromPWChar
 0001:00003628       @LStrFromString
 0001:00003634       @LStrFromArray
 0001:0000364C       @LStrFromWStr
 0001:00003660       @LStrToString
 0001:00003684       @LStrLen
 0001:0000368C       @LStrCat
 0001:000036D0       @LStrCat3
 0001:00003744       @LStrCatN
 0001:000037D0       @LStrCmp
 0001:00003874       @LStrAddRef
 0001:00003884       @LStrToPChar
 0001:00003890       InternalUniqueString
 0001:000038D4       UniqueString
 0001:000038DC       @UniqueStringA
 0001:000038E4       @LStrCopy
 0001:00003924       @LStrDelete
 0001:0000396C       @LStrPos
 0001:000039B4       @LStrSetLength
 0001:00003A18       @Write0LString
 0001:00003A20       @WriteLString
 0001:00003A40       WStrError
 0001:00003A48       @NewWideString
 0001:00003A60       WStrSet
 0001:00003A70       @WStrClr
 0001:00003A88       @WStrArrayClr
 0001:00003AAC       @WStrAsg
 0001:00003AD0       @WStrFromPCharLen
 0001:00003B5C       @WStrFromPWCharLen
 0001:00003B80       @WStrFromPWChar
 0001:00003BBC       @WStrFromLStr
 0001:00003BCC       @WStrToPWChar
 0001:00003BDC       @WStrLen
 0001:00003BE8       @WStrCmp
 0001:00003C6C       @WStrCopy
 0001:00003CB8       @WStrSetLength
 0001:00003CFC       @FinalizeRecord
 0001:00003D30       @VarClr
 0001:00003D48       @FinalizeArray
 0001:00003E34       @Finalize
 0001:00003E40       @VarCopy
 0001:00003E58       @CopyRecord
 0001:00003F74       @CopyArray
 0001:00004068       @DispCallByIDError
 0001:00004070       @_llmul
 0001:00004094       @DynArrayLength
 0001:0000409C       @DynArrayHigh
 0001:000040A4       CopyArray
 0001:000040B4       FinalizeArray
 0001:000040BC       DynArrayClear
 0001:000040C4       DynArraySetLength
 0001:00004250       @DynArraySetLength
 0001:0000425C       @DynArrayClear
 0001:00004298       @DynArrayAsg
 0001:000042C0       FindHInstance
 0001:000042E8       DelayLoadResourceModule
 0001:00004330       FindResourceHInstance
 0001:00004358       FindBS
 0001:0000436C       ToLongPath
 0001:00004524       LoadResourceModule
 0001:00004794       AddModuleUnloadProc
 0001:0000479C       RemoveModuleUnloadProc
 0001:000047A4       AddModuleUnloadProc
 0001:000047C4       RemoveModuleUnloadProc
 0001:00004824       NotifyModuleUnload
 0001:00004880       RegisterModule
 0001:00004890       UnregisterModule
 0001:00004900       @IntfClear
 0001:00004918       @IntfCopy
 0001:00004944       TInterfacedObject.AfterConstruction
 0001:00004950       TInterfacedObject.BeforeDestruction
 0001:00004960       TInterfacedObject.NewInstance
 0001:00004970       TInterfacedObject.QueryInterface
 0001:00004998       TInterfacedObject._AddRef
 0001:000049AC       TInterfacedObject._Release
 0001:000049D4       UnicodeToUtf8
 0001:00004AB0       Utf8ToUnicode
 0001:00004BE8       UTF8Encode
 0001:00004C94       UTF8Decode
 0001:00004D38       AnsiToUtf8
 0001:00004D88       LoadResString
 0001:00004DE0       LCIDToCodePage
 0001:00004E54       Finalization
 0001:00004EA8       System
 0001:00004F7C       GetModuleHandle
 0001:00004F84       LocalAlloc
 0001:00004F8C       TlsGetValue
 0001:00004F94       TlsSetValue
 0001:00004F9C       AllocTlsBuffer
 0001:00004FA8       GetTlsSize
 0001:00004FB0       InitThreadTLS
 0001:00004FF4       @GetTls
 0001:00005034       InitializeModule
 0001:00005040       @InitExe
 0001:00005084       Finalization
 0001:000050B4       SysInit
 0001:000050BC       Finalization
 0001:000050EC       Types
 0001:000050F4       CloseHandle
 0001:000050FC       CompareString
 0001:00005104       CreateEvent
 0001:0000510C       CreateFile
 0001:00005114       DeleteCriticalSection
 0001:0000511C       EnterCriticalSection
 0001:00005124       EnumCalendarInfoA
 0001:0000512C       FileTimeToDosDateTime
 0001:00005134       FileTimeToLocalFileTime
 0001:0000513C       FindClose
 0001:00005144       FindFirstFile
 0001:0000514C       FormatMessage
 0001:00005154       GetACP
 0001:0000515C       GetCPInfo
 0001:00005164       GetCurrentThreadId
 0001:0000516C       GetDateFormat
 0001:00005174       GetDiskFreeSpaceA
 0001:0000517C       GetFullPathName
 0001:00005184       GetLastError
 0001:0000518C       GetLocalTime
 0001:00005194       GetLocaleInfo
 0001:0000519C       GetModuleFileName
 0001:000051A4       GetModuleHandle
 0001:000051AC       GetProcAddress
 0001:000051B4       GetStdHandle
 0001:000051BC       GetStringTypeEx
 0001:000051C4       GetStringTypeExA
 0001:000051CC       GetThreadLocale
 0001:000051D4       GetVersionEx
 0001:000051DC       GlobalAlloc
 0001:000051E4       GlobalFree
 0001:000051EC       GlobalLock
 0001:000051F4       GlobalHandle
 0001:000051FC       GlobalReAlloc
 0001:00005204       GlobalUnlock
 0001:0000520C       InitializeCriticalSection
 0001:00005214       LeaveCriticalSection
 0001:0000521C       ReadFile
 0001:00005224       ResetEvent
 0001:0000522C       SetEndOfFile
 0001:00005234       SetEvent
 0001:0000523C       SetFilePointer
 0001:00005244       VirtualQuery
 0001:0000524C       WaitForSingleObject
 0001:00005254       WriteFile
 0001:0000525C       CharLowerBuff
 0001:00005264       CharNext
 0001:0000526C       CharToOemA
 0001:00005274       CharUpperBuff
 0001:0000527C       GetSystemMetrics
 0001:00005284       LoadString
 0001:0000528C       MessageBox
 0001:00005294       GlobalAllocPtr
 0001:000052A4       GlobalReAllocPtr
 0001:000052C0       GlobalFreePtr
 0001:000052D4       Finalization
 0001:00005304       Windows
 0001:0000530C       Finalization
 0001:0000533C       Messages
 0001:00005624       Finalization
 0001:00005654       SysConst
 0001:000061F8       DivMod
 0001:00006214       ConvertError
 0001:0000622C       ConvertErrorFmt
 0001:00006250       AllocMem
 0001:00006270       UpperCase
 0001:000062AC       LowerCase
 0001:000062E8       CompareText
 0001:0000633C       SameText
 0001:00006360       AnsiLowerCase
 0001:00006394       AnsiCompareStr
 0001:000063CC       AnsiCompareText
 0001:00006404       AnsiSameText
 0001:0000641C       Trim
 0001:0000646C       IsValidIdent
 0001:000064D0       CvtInt
 0001:0000651C       IntToStr
 0001:0000653C       CvtInt64
 0001:00006608       IntToStr
 0001:00006630       IntToHex
 0001:00006658       StrToInt
 0001:00006694       StrToIntDef
 0001:000066AC       TryStrToInt
 0001:000066CC       VerifyBoolStrArray
 0001:0000675C       CompareWith
 0001:00006798       TryStrToBool
 0001:00006834       BoolToStr
 0001:00006880       FileOpen
 0001:000068D8       FileCreate
 0001:000068FC       FileCreate
 0001:00006904       FileRead
 0001:00006930       FileWrite
 0001:0000695C       FileSeek
 0001:00006994       FileClose
 0001:0000699C       FileAge
 0001:00006A04       FileExists
 0001:00006A14       LastDelimiter
 0001:00006A64       ChangeFileExt
 0001:00006AF8       ExtractFileName
 0001:00006B30       ExpandFileName
 0001:00006B6C       BackfillGetDiskFreeSpaceEx
 0001:00006BE0       StrLen
 0001:00006BF8       StrMove
 0001:00006C08       StrLCopy
 0001:00006C3C       StrLIComp
 0001:00006C80       StrScan
 0001:00006C94       StrPos
 0001:00006CE8       StrAlloc
 0001:00006CFC       StrNew
 0001:00006D28       FormatError
 0001:00006D80       FormatVarToStr
 0001:00006DA4       FormatClearStr
 0001:00006DB0       FormatBuf
 0001:00007128       StrLFmt
 0001:00007168       Format
 0001:0000717C       FmtStr
 0001:0000723C       PutExponent
 0001:00007280       FloatToText
 0001:00007554       FloatToDecimal
 0001:00007780       TextToFloat
 0001:00007894       FloatToStr
 0001:000078C4       CurrToStr
 0001:000078F4       TryStrToFloat
 0001:00007910       TryStrToFloat
 0001:0000793C       TryStrToFloat
 0001:00007968       TryStrToCurr
 0001:00007984       DateTimeToTimeStamp
 0001:000079C8       TryEncodeTime
 0001:00007A38       EncodeTime
 0001:00007A78       DecodeTime
 0001:00007AD4       IsLeapYear
 0001:00007B10       TryEncodeDate
 0001:00007BD8       DecodeDateFully
 0001:00007D24       DecodeDate
 0001:00007D44       DayOfWeek
 0001:00007D6C       CurrentYear
 0001:00007D80       AppendChars
 0001:00007DC4       AppendString
 0001:00007DE4       AppendNumber
 0001:00007E30       GetCount
 0001:00007E5C       GetDate
 0001:00007E94       GetTime
 0001:00007ED4       ConvertEraString
 0001:0000803C       ConvertYearString
 0001:00008144       AppendFormat
 0001:000088F8       DateTimeToString
 0001:00008954       DateTimeToStr
 0001:00008968       FormatDateTime
 0001:0000897C       ScanBlanks
 0001:000089A0       ScanNumber
 0001:00008A34       ScanString
 0001:00008AC0       ScanChar
 0001:00008AF8       GetDateOrder
 0001:00008B44       ScanToNumber
 0001:00008B8C       GetEraYearOffset
 0001:00008BE0       EraToYear
 0001:00008C3C       ScanDate
 0001:00008F80       ScanTime
 0001:00009174       TryStrToTime
 0001:000091A8       TryStrToDateTime
 0001:00009234       SysErrorMessage
 0001:00009280       GetLocaleStr
 0001:000092CC       GetLocaleChar
 0001:000092F4       LocalGetLocaleStr
 0001:00009330       GetMonthDayNames
 0001:00009454       EnumEraNames
 0001:00009490       EnumEraYearOffsets
 0001:00009508       GetEraNamesAndYearOffsets
 0001:000095B8       TranslateDateFormat
 0001:000097E0       ConvertAddr
 0001:000097EC       ExceptionErrorMessage
 0001:00009974       ShowException
 0001:00009A3C       Exception.Create
 0001:00009A78       Exception.CreateFmt
 0001:00009AF8       Exception.CreateRes
 0001:00009B34       Exception.CreateResFmt
 0001:00009BC8       EHeapException.FreeInstance
 0001:00009BF4       CreateInOutError
 0001:00009C74       ErrorHandler
 0001:00009CC8       CreateAssertException
 0001:00009D74       RaiseAssertException
 0001:00009D84       AssertErrorHandler
 0001:00009DA0       AbstractErrorHandler
 0001:00009DB8       MapException
 0001:00009E38       GetExceptionClass
 0001:00009E50       CreateAVObject
 0001:0000A01C       GetExceptionObject
 0001:0000A0E8       ExceptHandler
 0001:0000A0F8       InitExceptions
 0001:0000A17C       DoneExceptions
 0001:0000A1FC       InitPlatformId
 0001:0000A26C       ByteTypeTest
 0001:0000A2E4       ByteType
 0001:0000A308       StrByteType
 0001:0000A320       ByteToCharLen
 0001:0000A348       ByteToCharIndex
 0001:0000A3A0       CountChars
 0001:0000A430       CharToByteIndex
 0001:0000A494       CharToByteLen
 0001:0000A4F4       StrCharLength
 0001:0000A514       StrNextChar
 0001:0000A51C       CharLength
 0001:0000A558       NextCharIndex
 0001:0000A594       AnsiPos
 0001:0000A5CC       AnsiStrPos
 0001:0000A66C       AnsiStrRScan
 0001:0000A694       AnsiStrScan
 0001:0000A6D4       LCIDToCodePage
 0001:0000A748       InitLeadBytes
 0001:0000A7A8       IsWesternGroup
 0001:0000A7C0       InitSysLocale
 0001:0000A934       GetFormatSettings
 0001:0000ACAC       Sleep
 0001:0000ACB4       RaiseLastOSError
 0001:0000AD50       Win32Check
 0001:0000AD60       FreeTerminateProcs
 0001:0000AD80       InitDriveSpacePtr
 0001:0000ADDC       InterlockedIncrement
 0001:0000ADE8       InterlockedDecrement
 0001:0000ADF4       InterlockedExchange
 0001:0000ADFC       InterlockedExchangeAdd
 0001:0000AE04       TThreadLocalCounter.Destroy
 0001:0000AE54       TThreadLocalCounter.HashIndex
 0001:0000AE6C       TThreadLocalCounter.Open
 0001:0000AEE4       TThreadLocalCounter.Delete
 0001:0000AEF4       TThreadLocalCounter.Recycle
 0001:0000AF34       TMultiReadExclusiveWriteSynchronizer.Create
 0001:0000AFA8       TMultiReadExclusiveWriteSynchronizer.Destroy
 0001:0000AFF0       TMultiReadExclusiveWriteSynchronizer.BlockReaders
 0001:0000AFFC       TMultiReadExclusiveWriteSynchronizer.UnblockReaders
 0001:0000B008       TMultiReadExclusiveWriteSynchronizer.UnblockOneWriter
 0001:0000B014       TMultiReadExclusiveWriteSynchronizer.WaitForReadSignal
 0001:0000B024       TMultiReadExclusiveWriteSynchronizer.WaitForWriteSignal
 0001:0000B034       TMultiReadExclusiveWriteSynchronizer.BeginWrite
 0001:0000B0D0       TMultiReadExclusiveWriteSynchronizer.EndWrite
 0001:0000B120       TMultiReadExclusiveWriteSynchronizer.BeginRead
 0001:0000B18C       TMultiReadExclusiveWriteSynchronizer.EndRead
 0001:0000B1F4       FreeAndNil
 0001:0000B204       Supports
 0001:0000B228       Supports
 0001:0000B590       Finalization
 0001:0000B710       SysUtils
 0001:0000B790       VariantInit
 0001:0000B798       VariantClear
 0001:0000B7A0       VariantCopy
 0001:0000B7A8       VariantChangeType
 0001:0000B7B0       BackupVariantChangeTypeEx
 0001:0000B7E0       UniUnimplemented
 0001:0000B7EC       BiUnimplemented
 0001:0000B7F8       CmpUnimplemented
 0001:0000B804       BackupVarI4FromStr
 0001:0000B870       BackupVarR4FromStr
 0001:0000B8DC       BackupVarR8FromStr
 0001:0000B948       BackupVarDateFromStr
 0001:0000B9B4       BackupVarCyFromStr
 0001:0000BA20       BackupVarBoolFromStr
 0001:0000BAA0       BackupVarBStrFromCy
 0001:0000BB10       BackupVarBStrFromDate
 0001:0000BB80       BackupVarBStrFromBool
 0001:0000BBF4       SafeArrayCreate
 0001:0000BBFC       SafeArrayGetLBound
 0001:0000BC04       SafeArrayGetUBound
 0001:0000BC0C       SafeArrayPtrOfIndex
 0001:0000BC14       FindProc
 0001:0000BC40       InitializeVarUtils
 0001:0000BF4C       Finalization
 0001:0000BF7C       VarUtils
 0001:0000C564       VarCastError
 0001:0000C5B8       VarCastError
 0001:0000C654       VarInvalidOp
 0001:0000C6A8       VarOverflowError
 0001:0000C744       VarArrayCreateError
 0001:0000C798       TranslateResult
 0001:0000C9EC       VarResultCheck
 0001:0000C9F8       VarResultCheck
 0001:0000CA2C       @DispInvokeError
 0001:0000CA80       @VarNull
 0001:0000CA94       InBounds
 0001:0000CAC4       Increment
 0001:0000CB20       VarArrayClear
 0001:0000CC9C       VarClearDeep
 0001:0000CD18       @VarClear
 0001:0000CD2C       @VarClr
 0001:0000CD34       InBounds
 0001:0000CD64       Increment
 0001:0000CDC0       VarArrayCopyForEach
 0001:0000CF8C       VarCopyCopyProc
 0001:0000CF94       VarCopyDeep
 0001:0000D040       @VarCopy
 0001:0000D084       CurrToWStrViaOS
 0001:0000D0BC       DateToWStrViaOS
 0001:0000D0F4       BoolToWStrViaOS
 0001:0000D1B8       VarToLStrViaOS
 0001:0000D284       VarToLStrAny
 0001:0000D2E8       VarToLStrCustom
 0001:0000D36C       @VarToLStr
 0001:0000D8B0       VarToWStrViaOS
 0001:0000D968       VarToWStrAny
 0001:0000D9CC       VarToWStrCustom
 0001:0000DA94       @VarToWStr
 0001:0000DFF4       @VarFromInt
 0001:0000E030       @VarFromInt64
 0001:0000E05C       @VarFromBool
 0001:0000E084       @VarFromReal
 0001:0000E098       @VarFromTDateTime
 0001:0000E0AC       @VarFromCurr
 0001:0000E0C0       @VarFromLStr
 0001:0000E0EC       @VarFromWStr
 0001:0000E124       @VarAddRef
 0001:0000E2A8       VarTypeAsText
 0001:0000E418       SetVarAsError
 0001:0000E430       SetClearVarToEmptyParam
 0001:0000E460       ClearVariantTypeList
 0001:0000E4CC       TCustomVariantType.BinaryOp
 0001:0000E4D8       TCustomVariantType.Cast
 0001:0000E510       TCustomVariantType.CastTo
 0001:0000E558       TCustomVariantType.Compare
 0001:0000E564       TCustomVariantType.CompareOp
 0001:0000E59C       TCustomVariantType.CastToOle
 0001:0000E5D8       TCustomVariantType.Destroy
 0001:0000E664       TCustomVariantType.IsClear
 0001:0000E668       TCustomVariantType.LeftPromotion
 0001:0000E67C       TCustomVariantType.OlePromotion
 0001:0000E684       TCustomVariantType.RaiseCastError
 0001:0000E68C       TCustomVariantType.RaiseInvalidOp
 0001:0000E694       TCustomVariantType.RaiseDispError
 0001:0000E69C       TCustomVariantType.RightPromotion
 0001:0000E6B0       TCustomVariantType.UnaryOp
 0001:0000E6B8       TCustomVariantType.DispInvoke
 0001:0000E6C4       TCustomVariantType._AddRef
 0001:0000E6D0       TCustomVariantType._Release
 0001:0000E6DC       TCustomVariantType.QueryInterface
 0001:0000E704       FindCustomVariantType
 0001:0000E7BC       FindCustomVariantType
 0001:0000E8A4       Null
 0001:0000E8AC       Finalization
 0001:0000E924       Variants
 0001:0000EA80       Finalization
 0001:0000EAB0       RTLConsts
 0001:0000EAE4       GetTypeData
 0001:0000EAF0       GetEnumNameValue
 0001:0000EB3C       GetEnumValue
 0001:0000EC1C       GetPropInfo
 0001:0000EC8C       GetOrdProp
 0001:0000ED00       SetOrdProp
 0001:0000ED5C       SetShortStrProp
 0001:0000EDB0       SetShortStrPropAsLongStr
 0001:0000EDE4       AssignLongStr
 0001:0000EDF8       SetLongStrProp
 0001:0000EE38       SetWideStrPropAsLongStr
 0001:0000EE90       SetStrProp
 0001:0000EEBC       SetWideStrProp
 0001:0000EF90       SetFloatProp
 0001:0000F188       AssignVariant
 0001:0000F19C       SetVariantProp
 0001:0000F1DC       SetMethodProp
 0001:0000F214       SetInt64Prop
 0001:0000F250       SetInterfaceProp
 0001:0000F2C4       Finalization
 0001:0000F314       TypInfo
 0001:0000F31C       Finalization
 0001:0000F34C       ActiveX
 0001:00010154       TRegGroup.Create
 0001:000101D0       TRegGroup.Destroy
 0001:00010210       TRegGroup.GetClass
 0001:00010270       PointerInModule
 0001:00010290       TRegGroup.UnregisterModuleClasses
 0001:00010334       TRegGroups.Create
 0001:000103A8       TRegGroups.Destroy
 0001:00010404       TRegGroups.GetClass
 0001:00010448       TRegGroups.Lock
 0001:00010454       TRegGroups.Unlock
 0001:00010460       TRegGroups.UnregisterModuleClasses
 0001:000104B0       TClassFinder.GetClass
 0001:00010538       GetFieldClassTable
 0001:00010544       ClassNotFound
 0001:000105B0       GetClass
 0001:00010604       UnRegisterModuleClasses
 0001:00010650       FindIdentToInt
 0001:000106CC       FindGlobalComponent
 0001:0001070C       TList.Destroy
 0001:0001072C       TList.Add
 0001:00010760       TList.Clear
 0001:00010778       TList.Delete
 0001:000107D8       ReturnAddr
 0001:000107DC       TList.Error
 0001:00010814       TList.Error
 0001:00010868       TList.Get
 0001:00010890       TList.Grow
 0001:000108C4       TList.IndexOf
 0001:000108E4       TList.Last
 0001:000108F0       TList.Put
 0001:00010940       TList.Remove
 0001:00010960       TList.SetCapacity
 0001:0001099C       TList.SetCount
 0001:00010A0C       TList.Notify
 0001:00010A10       TThreadList.Create
 0001:00010A64       TThreadList.Destroy
 0001:00010AE0       TThreadList.Add
 0001:00010B68       TThreadList.LockList
 0001:00010B7C       TThreadList.UnlockList
 0001:00010B88       TPersistent.Destroy
 0001:00010BB4       TPersistent.Assign
 0001:00010BC8       TPersistent.AssignError
 0001:00010C98       TPersistent.AssignTo
 0001:00010CA0       TPersistent.DefineProperties
 0001:00010CA4       TPersistent.GetNamePath
 0001:00010D54       TPersistent.GetOwner
 0001:00010D58       TCollection.Add
 0001:00010D78       TCollection.Clear
 0001:00010DE0       TStrings.Destroy
 0001:00010E10       TStrings.Add
 0001:00010E34       TStrings.AddObject
 0001:00010E58       TStrings.AddStrings
 0001:00010F10       TStrings.Assign
 0001:00010FA8       TStrings.BeginUpdate
 0001:00010FC0       DoWrite
 0001:00011018       TStrings.DefineProperties
 0001:00011064       TStrings.EndUpdate
 0001:00011078       TStrings.Equals
 0001:00011120       ReturnAddr
 0001:00011124       TStrings.Error
 0001:0001115C       TStrings.Error
 0001:000111B4       TStrings.Exchange
 0001:0001129C       TStrings.GetCapacity
 0001:000112A4       TStrings.GetObject
 0001:000112A8       TStrings.GetText
 0001:000112FC       TStrings.GetTextStr
 0001:00011424       TStrings.IndexOf
 0001:000114B0       TStrings.IndexOfName
 0001:00011584       TStrings.IndexOfObject
 0001:000115B8       TStrings.InsertObject
 0001:000115E8       TStrings.LoadFromFile
 0001:0001163C       TStrings.LoadFromStream
 0001:000116E8       TStrings.Move
 0001:00011798       TStrings.Put
 0001:000117CC       TStrings.PutObject
 0001:000117D0       TStrings.ReadData
 0001:00011880       TStrings.SaveToFile
 0001:000118D8       TStrings.SaveToStream
 0001:00011934       TStrings.SetCapacity
 0001:00011938       TStrings.SetStringsAdapter
 0001:0001196C       TStrings.SetText
 0001:000119BC       TStrings.SetTextStr
 0001:00011A7C       TStrings.SetUpdateState
 0001:00011A80       TStrings.WriteData
 0001:00011B04       TStrings.CompareStrings
 0001:00011B10       TStrings.GetNameValueSeparator
 0001:00011B28       TStrings.SetNameValueSeparator
 0001:00011B44       TStringList.Destroy
 0001:00011BA0       TStringList.Add
 0001:00011BAC       TStringList.AddObject
 0001:00011C10       TStringList.Changed
 0001:00011C2C       TStringList.Changing
 0001:00011C48       TStringList.Clear
 0001:00011C88       TStringList.Delete
 0001:00011CF4       TStringList.Exchange
 0001:00011D50       TStringList.ExchangeItems
 0001:00011D74       TStringList.Find
 0001:00011DEC       TStringList.Get
 0001:00011E20       TStringList.GetCapacity
 0001:00011E24       TStringList.GetCount
 0001:00011E28       TStringList.GetObject
[...]
 10137 0001:00015B74 10138 0001:00015B7B 10139 0001:00015B86 10140 0001:00015B8A
 10141 0001:00015B95 10144 0001:00015B9C 10145 0001:00015BA3 10146 0001:00015BAE
 10147 0001:00015BB2 10148 0001:00015BBD 10172 0001:00015BC4 10174 0001:00015BC5
 10175 0001:00015BCB 10188 0001:00015BD5 10189 0001:00015BDA 10198 0001:00015BDC
 10199 0001:00015BDF 10204 0001:00015BE4 10206 0001:00015BF3 10209 0001:00015BF9
 10210 0001:00015C0C 10214 0001:00015C13 10216 0001:00015C1D 10219 0001:00015C24
 10221 0001:00015C2A 10222 0001:00015C30 10224 0001:00015C35 10228 0001:00015C3E
 10231 0001:00015C44 10233 0001:00015C4A 10234 0001:00015C50 10236 0001:00015C55
 10240 0001:00015C5E 10298 0001:00015C64 10720 0001:00015C68 10721 0001:00015C6E
 10722 0001:00015C7A 10723 0001:00015C88 10724 0001:00015C93 10723 0001:00015CA2
 10726 0001:00015CB2 10728 0001:00015CC4 10729 0001:00015CCE 10733 0001:00015CD4
 10734 0001:00015CD9 11090 0001:00015CDC 11091 0001:00015CFF 11092 0001:00015D09
 11093 0001:00015D0E 11094 0001:00015D17 11095 0001:00015D21 11096 0001:00015D31
 11097 0001:00015D3B 11098 0001:00015D45 11099 0001:00015D4F 11100 0001:00015D59
 11101 0001:00015D5E 11103 0001:00015D87 11076 0001:00015D8C 11077 0001:00015DA6
 11078 0001:00015DAB 11080 0001:00015DB5 11085 0001:00015DD4 11086 0001:00015DE5
 11087 0001:00015DF6 11089 0001:00015E1C

Line numbers for CocoBase(CocoBase.pas) segment .text

   265 0001:00016210   266 0001:0001623A   267 0001:00016248   266 0001:00016260
   268 0001:00016263   269 0001:00016290   275 0001:00016298   276 0001:0001629D
   277 0001:000162A2   278 0001:000162A7   279 0001:000162AC   282 0001:000162B0
   283 0001:000162C2   284 0001:000162CB   285 0001:000162DA   286 0001:000162E9
   287 0001:0001630F   290 0001:00016314   291 0001:0001631F   292 0001:00016327
   293 0001:0001632C   294 0001:00016334   295 0001:00016339   296 0001:00016341
   297 0001:00016346   298 0001:0001635D   308 0001:00016360   309 0001:00016365
   311 0001:0001636A   312 0001:0001636C   314 0001:0001636E   315 0001:00016378
   316 0001:00016387   317 0001:0001638D   319 0001:00016392   320 0001:00016394
   351 0001:00016398   352 0001:0001639B   367 0001:0001639C   369 0001:000163A0
   370 0001:000163A4   371 0001:000163B2   372 0001:000163C2   374 0001:000163CE
   375 0001:000163D2   376 0001:000163D9   377 0001:000163DC   378 0001:000163E3
   379 0001:000163EA   380 0001:000163F1   381 0001:000163F9   382 0001:00016401
   383 0001:00016406   384 0001:0001640B   385 0001:00016412   392 0001:00016418
   393 0001:0001641D   394 0001:0001642B   393 0001:0001643B   395 0001:0001643E
   396 0001:00016446   399 0001:0001644C   400 0001:0001645E   401 0001:00016467
   402 0001:0001646B   403 0001:0001646F   404 0001:0001647E   405 0001:000164A4
   408 0001:000164A8   409 0001:000164B3   410 0001:000164BB   411 0001:000164C3
   412 0001:000164CA   413 0001:000164D2   414 0001:000164E9   417 0001:000164EC
   418 0001:000164EF   419 0001:000164F7   421 0001:00016500   422 0001:00016507
   433 0001:0001650C   434 0001:0001652F   435 0001:00016536   436 0001:0001653E
   437 0001:00016543   438 0001:00016554   439 0001:0001655B   442 0001:00016565
   443 0001:000165A5   445 0001:000165B3   447 0001:000165C5   450 0001:000165F8
   452 0001:000165FB   443 0001:000165FC   453 0001:000165FF   454 0001:00016610
   440 0001:00016613   457 0001:0001661D   459 0001:0001662B   461 0001:0001663D
   464 0001:00016670   466 0001:00016673   457 0001:00016674   467 0001:00016677
   468 0001:0001667B   469 0001:00016682   470 0001:0001668D   472 0001:00016693
   473 0001:0001669C   474 0001:000166D1   475 0001:000166D7   477 0001:0001670D
   486 0001:0001673C   487 0001:0001674D   488 0001:00016752   489 0001:00016758
   490 0001:0001676D   493 0001:00016774   494 0001:00016785   495 0001:00016790
   496 0001:00016791   497 0001:000167A6   491 0001:000167AB   499 0001:000167BB
   500 0001:000167C5   501 0001:000167D7   503 0001:000167DC   504 0001:000167F1
   506 0001:000167F6   507 0001:000167FB   510 0001:00016806   519 0001:00016810
   520 0001:0001681A   548 0001:0001681C   549 0001:0001682E   550 0001:0001683A
   553 0001:0001683E   554 0001:0001685D   556 0001:0001686B   557 0001:00016877
   551 0001:00016878   559 0001:0001688D   560 0001:00016899   562 0001:000168D4
   563 0001:00016906   564 0001:0001690D   565 0001:00016929   566 0001:0001695D
   576 0001:00016964   577 0001:00016984   578 0001:00016990   579 0001:000169C9
   582 0001:000169D0   583 0001:000169F0   584 0001:000169FD   585 0001:00016A24
   588 0001:00016A34   589 0001:00016A38   590 0001:00016A3E   591 0001:00016A53
   592 0001:00016A58   595 0001:00016A5C   596 0001:00016A5F   597 0001:00016A71
   598 0001:00016A83   610 0001:00016A88   611 0001:00016AAC   612 0001:00016ABA
   613 0001:00016AC0   615 0001:00016AC4   616 0001:00016ACA   620 0001:00016AD2
   621 0001:00016AD7   623 0001:00016ADC   624 0001:00016AE7   625 0001:00016AED
   626 0001:00016AF7   627 0001:00016AFE   628 0001:00016B25   738 0001:00016B60
   738 0001:00016B67

Line numbers for Math(Math.pas) segment .text

  2166 0001:00016B98  2166 0001:00016B9F

Line numbers for JclWideStrings(JclWideStrings.pas) segment .text

  1848 0001:00016BD0  1848 0001:00016BD7

Line numbers for JclResources(JclResources.pas) segment .text

  1740 0001:00016C08  1740 0001:00016C0F

Line numbers for JclBase(JclBase.pas) segment .text

   540 0001:00016C40   540 0001:00016C47

Line numbers for JclLogic(JclLogic.pas) segment .text

  1800 0001:00016C78  1800 0001:00016C7F

Line numbers for JclStrings(jclStrings.pas) segment .text

   397 0001:00016C80   398 0001:00016C85   401 0001:00016C8D   426 0001:00016CA1
   430 0001:00016CA9   398 0001:00016CAE   431 0001:00016CB3   436 0001:00016CB8
   437 0001:00016CBB   439 0001:00016CC4   442 0001:00016CCB   443 0001:00016CCF
   444 0001:00016CD2   445 0001:00016CDE   456 0001:00016CEA   457 0001:00016CF5
   459 0001:00016CFB   460 0001:00016D06   462 0001:00016D0B   463 0001:00016D0D
   464 0001:00016D13   465 0001:00016D1C   466 0001:00016D22   439 0001:00016D24
   467 0001:00016D28   469 0001:00016D2F  3188 0001:00016D34  3190 0001:00016D44
  3235 0001:00016D48  3237 0001:00016D58  4044 0001:00016DC4  4045 0001:00016DCD
  4046 0001:00016DD2  4177 0001:00016DD7

Line numbers for mwStringHashList(mwStringHashList.pas) segment .text

   109 0001:00016FC0   110 0001:00016FD7   112 0001:00016FDE   113 0001:00016FE0
   110 0001:00016FE2   114 0001:00016FE6   115 0001:00016FF1   118 0001:00016FF8
   119 0001:00017002   120 0001:00017006   121 0001:00017008   122 0001:00017014
   123 0001:0001701F   115 0001:00017020   124 0001:00017024   125 0001:0001702B
   124 0001:00017050   126 0001:00017076   159 0001:0001707C   160 0001:00017082
   161 0001:00017084   163 0001:00017096   164 0001:000170BB   165 0001:000170D7
   166 0001:000170DC   161 0001:000170DD   167 0001:000170E0   168 0001:000170FD
   213 0001:00017104   214 0001:0001710B   216 0001:0001711F   217 0001:00017121
   219 0001:00017123   220 0001:00017125   221 0001:00017137   223 0001:00017141
   224 0001:00017143   225 0001:00017145   220 0001:00017146   226 0001:0001714B
   258 0001:00017150   259 0001:00017154   260 0001:0001715D   262 0001:00017169
   263 0001:00017178   264 0001:00017186   260 0001:00017187   265 0001:0001718D
   270 0001:00017190   271 0001:000171BF   272 0001:000171C8   273 0001:000171D3
   274 0001:000171D9   275 0001:00017213   282 0001:0001721C   283 0001:00017221
   284 0001:0001722D   285 0001:00017238   283 0001:0001723E   286 0001:00017241
   287 0001:0001724B   288 0001:00017250   291 0001:00017254   292 0001:0001725F
   293 0001:00017266   294 0001:0001727D   298 0001:00017280   299 0001:00017282
   300 0001:0001728B   301 0001:00017294   305 0001:00017298   306 0001:000172A1
   307 0001:000172A8   312 0001:000172AC   313 0001:000172B3   315 0001:000172B8
   316 0001:000172C5   317 0001:000172C8   318 0001:000172CB   320 0001:000172E2
   325 0001:000172E8   326 0001:0001730B   327 0001:00017316   328 0001:00017351
   337 0001:00017358   338 0001:0001737F   339 0001:00017387   340 0001:00017390
   342 0001:0001739D   344 0001:000173C4   346 0001:000173DA   349 0001:000173F4
   350 0001:000173FF   351 0001:0001740E   352 0001:0001741A   353 0001:0001742C
   354 0001:00017433   356 0001:00017462   359 0001:0001746C   360 0001:00017481
   361 0001:0001748A   362 0001:000174A4   367 0001:000174A8   368 0001:000174C0
   369 0001:000174C9   370 0001:000174CC   371 0001:000174D2   372 0001:000174EF
   379 0001:000174F8   380 0001:0001751F   381 0001:00017527   382 0001:00017535
   384 0001:00017542   386 0001:00017569   388 0001:0001757F   391 0001:00017599
   392 0001:000175A4   393 0001:000175B6   394 0001:000175C2   395 0001:000175D4
   396 0001:000175DB   398 0001:0001760A   401 0001:00017614   402 0001:00017620
   403 0001:00017635   411 0001:0001763C   412 0001:00017650   413 0001:00017652
   414 0001:0001765B   415 0001:00017664   416 0001:0001766D   417 0001:00017676
   419 0001:00017687   421 0001:0001769D   422 0001:000176A8   423 0001:000176B3
   425 0001:000176BB   426 0001:000176C3   430 0001:000176D0   431 0001:000176DB
   432 0001:000176E4   433 0001:000176F0   434 0001:000176FD   435 0001:00017707
   437 0001:00017719   438 0001:00017727   440 0001:0001772B   441 0001:00017733
   444 0001:0001773D   446 0001:00017751   447 0001:0001775E   448 0001:00017769
   450 0001:0001776D   451 0001:00017775   452 0001:0001777D   454 0001:0001777F
   444 0001:00017782   457 0001:00017789   459 0001:000177C4   460 0001:000177CD
   462 0001:000177D2

Line numbers for CodeSnippets(CodeSnippets.pas) segment .text

   164 0001:00017AF4   166 0001:00017AF7   167 0001:00017B02   168 0001:00017B0A
   171 0001:00017B0C   172 0001:00017B0F   173 0001:00017B1E   174 0001:00017B2C
   175 0001:00017B37   237 0001:00017B3C   238 0001:00017B53   239 0001:00017B59
   240 0001:00017B5C   241 0001:00017B69   242 0001:00017B75   244 0001:00017B87
   245 0001:00017B8A   246 0001:00017B91   247 0001:00017BAF   249 0001:00017BD2
   257 0001:00017BD8   258 0001:00017BFB   259 0001:00017C00   260 0001:00017C03
   261 0001:00017C09   263 0001:00017C1D   265 0001:00017C27   266 0001:00017C2E
   267 0001:00017C4D   269 0001:00017C57   270 0001:00017C5E   273 0001:00017C7D
   275 0001:00017C84   276 0001:00017C85   277 0001:00017C8D   278 0001:00017C94
   279 0001:00017CB3   281 0001:00017CB7   282 0001:00017CB9   285 0001:00017CBE
   287 0001:00017CC2   288 0001:00017CC4   292 0001:00017CC9   293 0001:00017CD0
   271 0001:00017CEF   299 0001:00017CF1   301 0001:00017CFC   302 0001:00017CFF
   304 0001:00017D05   305 0001:00017D08   309 0001:00017D0E   310 0001:00017D10
   312 0001:00017D1A   313 0001:00017D21   314 0001:00017D40   316 0001:00017D4A
   317 0001:00017D51   320 0001:00017D70   322 0001:00017D77   323 0001:00017D7E
   324 0001:00017D9D   326 0001:00017DA3   327 0001:00017DA4   328 0001:00017DAB
   329 0001:00017DCA   331 0001:00017DCE   332 0001:00017DD0   336 0001:00017DD2
   338 0001:00017DD6   339 0001:00017DD8   343 0001:00017DDA   344 0001:00017DE1
   318 0001:00017E00   350 0001:00017E05   352 0001:00017E10   353 0001:00017E13
   355 0001:00017E19   356 0001:00017E1C   357 0001:00017E22   360 0001:00017E48
   366 0001:00017E50   367 0001:00017E70   368 0001:00017E77   369 0001:00017E7C
   372 0001:00017E84   373 0001:00017EA1   374 0001:00017EA4   370 0001:00017EA5
   376 0001:00017ECA   383 0001:00017ED4   384 0001:00017EF3   385 0001:00017EFD
   387 0001:00017F16   389 0001:00017F38   395 0001:00017F40   398 0001:00017F4A
   396 0001:00017F51   399 0001:00017F62   401 0001:00017F7A   402 0001:00017F82
   404 0001:00017F87   405 0001:00017F93   406 0001:00017F9C   407 0001:00017FA5
   408 0001:00017FB1   409 0001:00017FBA   410 0001:00017FC3   411 0001:00017FCC
   412 0001:00017FD4   413 0001:00017FD9   414 0001:00017FE8   417 0001:00017FEE
   418 0001:00017FF5   419 0001:00017FFB   421 0001:0001801B   422 0001:0001801F
   423 0001:00018023   424 0001:00018026   426 0001:0001802B   427 0001:00018099
   440 0001:00018108   441 0001:0001810E   442 0001:00018117   444 0001:0001811C
   446 0001:00018127   450 0001:00018131   451 0001:00018137   453 0001:0001813C
   459 0001:0001814B   460 0001:00018151   462 0001:00018156   464 0001:00018161
   468 0001:0001816B   469 0001:00018171   471 0001:00018176   475 0001:00018185
   477 0001:00018189   481 0001:00018193   482 0001:00018199   485 0001:0001819E
   486 0001:000181A4   488 0001:000181A9   495 0001:000181DD   497 0001:000181E4
   499 0001:000181EE   501 0001:000181F2   505 0001:000181FC   506 0001:00018202
   509 0001:00018207   510 0001:0001820D   512 0001:00018212   525 0001:00018281
   526 0001:00018287   528 0001:0001828C   534 0001:00018296   535 0001:0001829C
   537 0001:000182A1   541 0001:000182B0   543 0001:000182B4   547 0001:000182BE
   548 0001:000182C4   550 0001:000182C9   552 0001:000182D4   556 0001:000182DE
   557 0001:000182E4   559 0001:000182E9   564 0001:0001830D   566 0001:00018317
   568 0001:0001831D   570 0001:00018327   576 0001:00018331   577 0001:00018337
   579 0001:0001833C   584 0001:00018360   586 0001:0001836A   588 0001:00018370
   590 0001:0001837A   592 0001:00018380   596 0001:0001838A   597 0001:00018390
   600 0001:00018392   601 0001:00018398   604 0001:0001839A   605 0001:000183A0
   608 0001:000183A2   609 0001:000183A8   612 0001:000183AA   613 0001:000183B0
   616 0001:000183B2   617 0001:000183B8   620 0001:000183BA   621 0001:000183C0
   624 0001:000183C2   625 0001:000183C8   628 0001:000183CA   629 0001:000183CE
   630 0001:000183D2   631 0001:000183D5   635 0001:000183D7   640 0001:000183DD
   643 0001:000183E4   644 0001:000183F7   645 0001:00018400   646 0001:00018423
   647 0001:00018436   648 0001:0001844D   649 0001:00018464   650 0001:0001847B
   651 0001:00018492   652 0001:000184A9   653 0001:000184B3   654 0001:000184CF
   655 0001:000184EB   656 0001:00018507   657 0001:0001852C   658 0001:00018554
   659 0001:0001857C   660 0001:000185A4   661 0001:000185CC   662 0001:000185F4
   663 0001:0001861C   664 0001:00018644   665 0001:0001866C   666 0001:00018694
   667 0001:000186BC   668 0001:000186E4   669 0001:0001870C   670 0001:00018734
   671 0001:0001875C   672 0001:00018784   673 0001:000187AC   674 0001:000187D4
   675 0001:000187FC   676 0001:00018824   677 0001:0001884C   678 0001:00018874
   679 0001:0001889C   680 0001:000188C4   681 0001:000188EC   682 0001:00018914
   683 0001:0001893C   684 0001:00018964   685 0001:0001898C   686 0001:000189B4
   687 0001:000189DC   688 0001:00018A04   689 0001:00018A2C   690 0001:00018A54
   691 0001:00018A7C   692 0001:00018AA4   693 0001:00018ACC   694 0001:00018AF4
   695 0001:00018B1C   696 0001:00018B44   697 0001:00018B6C   698 0001:00018B94
   699 0001:00018BBC   700 0001:00018BE4   701 0001:00018C0C   702 0001:00018C34
   703 0001:00018C5C   704 0001:00018C84   705 0001:00018CAC   706 0001:00018CD4
   707 0001:00018CFC   708 0001:00018D24   709 0001:00018D4C   710 0001:00018D74
   711 0001:00018D9C   712 0001:00018DC4   713 0001:00018DEC   714 0001:00018E14
   715 0001:00018E3C   716 0001:00018E64   717 0001:00018EA3   720 0001:00018F0C
   721 0001:00018F17   722 0001:00018F22   723 0001:00018F2A   724 0001:00018F41
   730 0001:00018F44   731 0001:00018F56   732 0001:00018F5F   733 0001:00018F71
   734 0001:00018F7E   736 0001:00018F90   737 0001:00018FAE   740 0001:00018FB4
   741 0001:00018FBF   742 0001:00018FCA   744 0001:00018FD5   745 0001:00018FEC
   748 0001:00018FF0   749 0001:00019019   750 0001:00019080   751 0001:00019091
   752 0001:000190A2   753 0001:000190B3   754 0001:000190C4   755 0001:000190D5
   756 0001:000190E6   757 0001:000190F7   758 0001:00019108   759 0001:00019119
   760 0001:0001912A   761 0001:0001913B   762 0001:0001914C   763 0001:0001915D
   764 0001:0001916E   765 0001:0001917F   766 0001:00019190   767 0001:000191A1
   768 0001:000191B2   769 0001:000191C0   770 0001:000191CE   774 0001:000191DC
   775 0001:000191E3   778 0001:000191F5   779 0001:0001920F   780 0001:00019220
   783 0001:0001925D   786 0001:000194C8   787 0001:000194DE   788 0001:000194E5
   789 0001:000194ED   792 0001:000194F7   794 0001:0001950B   795 0001:0001951A
   799 0001:0001952F   801 0001:00019540   802 0001:0001954A   805 0001:0001955F
   806 0001:00019566   807 0001:0001956E   808 0001:00019575   809 0001:0001957C
   812 0001:00019584   813 0001:00019599   814 0001:000195A0   815 0001:000195A6
   816 0001:000195B5   817 0001:000195C1   818 0001:000195D6   819 0001:000195E4
   820 0001:000195F6   821 0001:00019621   824 0001:00019640   828 0001:00019644
   829 0001:00019655   830 0001:00019660   837 0001:00019665   838 0001:0001967F
   839 0001:00019699   840 0001:000196B3   842 0001:000196CD   843 0001:000196DA
   846 0001:000196E0   847 0001:000196E3   848 0001:000196F4   855 0001:000196F8
   856 0001:000196FB   857 0001:00019706   858 0001:0001970F   859 0001:00019714
   860 0001:0001971D   861 0001:00019722   862 0001:0001972B   863 0001:00019730
   864 0001:00019739   866 0001:00019745   867 0001:00019751   868 0001:0001975D
   869 0001:00019769   871 0001:0001976C   872 0001:0001976F   873 0001:0001977B
   874 0001:00019787   875 0001:00019793   879 0001:000197AD   881 0001:000197B6
   882 0001:000197BD   880 0001:000197C4   885 0001:000197CD   886 0001:000197D9
   887 0001:000197E5   888 0001:000197F1   889 0001:000197FD   890 0001:00019809
   891 0001:00019812   893 0001:0001981B   894 0001:00019822   892 0001:0001982E
   897 0001:00019837   898 0001:00019843   899 0001:0001984F   901 0001:00019854
   902 0001:00019857   903 0001:0001985E   905 0001:00019867   904 0001:0001986E
   907 0001:00019877   908 0001:0001987E   912 0001:00019880   913 0001:00019885
   917 0001:00019888   918 0001:0001988A   922 0001:0001988C   923 0001:0001988E
   927 0001:00019890   928 0001:00019895   935 0001:00019898   936 0001:0001989B
   937 0001:000198B9   942 0001:000198C0   943 0001:000198DD   944 0001:000198EC
   945 0001:00019903   946 0001:00019913   948 0001:0001998E   951 0001:000199E4
   952 0001:000199E7   953 0001:000199F3   956 0001:00019A20   957 0001:00019A23
   958 0001:00019A2F   961 0001:00019A48   962 0001:00019A4B   963 0001:00019A57
   969 0001:00019A78   972 0001:00019A7C   973 0001:00019A7F   974 0001:00019A86
   975 0001:00019A92   976 0001:00019A99   977 0001:00019AA0   981 0001:00019AA4
   982 0001:00019AB2   983 0001:00019AC0   985 0001:00019AFC   985 0001:00019B03

Line numbers for cCodeSnippets(M:\FMFDLGTool\src\cCodeSnippets.dpr) segment .text

    33 0001:00019B5C    34 0001:00019B7B    35 0001:00019B7D    38 0001:00019B85
    39 0001:00019B99    40 0001:00019B9A    41 0001:00019B9F    36 0001:00019BB6
    47 0001:00019BBC    48 0001:00019BC2    49 0001:00019C25    50 0001:00019C9E
    54 0001:00019CEC    55 0001:00019D02    56 0001:00019D39    59 0001:00019D50
    60 0001:00019D63    61 0001:00019DAF    64 0001:00019DD4    65 0001:00019DEC
    66 0001:00019E27    67 0001:00019E2A    69 0001:00019E42    70 0001:00019E73
    73 0001:00019EA8    74 0001:00019ECD    75 0001:00019EE3    77 0001:00019F3A
    78 0001:00019F6B    79 0001:00019F9C    80 0001:00019FCD    81 0001:00019FFB
   113 0001:0001A064   114 0001:0001A07D   115 0001:0001A096   117 0001:0001A1D0
   118 0001:0001A1FF   119 0001:0001A204   121 0001:0001A20D   122 0001:0001A212
   124 0001:0001A217   125 0001:0001A22A   126 0001:0001A238   127 0001:0001A249
   128 0001:0001A257   130 0001:0001A270   131 0001:0001A2AE   136 0001:0001A2BD
   138 0001:0001A2D2   139 0001:0001A2E7   140 0001:0001A302   142 0001:0001A317
   143 0001:0001A34E   145 0001:0001A363   147 0001:0001A36D   149 0001:0001A3A7
   152 0001:0001A3C6   155 0001:0001A3FA

Bound resource files

cCodeSnippets.drf


Program entry point at 0001:0001A1D0
