
================================================================================
Grammar Tests:
  Deletable symbols:        -- none --
  Undefined nonterminals:   -- none --
  Unreachable nonterminals: -- none --
  Circular derivations:     -- none --
  Underivable nonterminals: -- none --
  LL(1) conditions:
     LL(1) error in Nodes: "NODE"
     LL(1) error in FloatNodes: "FLOATNODE"         --  ok  --

================================================================================
Time Compiled: 23. marraskuuta 2005 @ 18:45:24

Statistics:
  number of terminals:        84 (limit   513)
  number of non-terminals:    20 (limit   429)
  number of pragmas:           1 (limit   429)
  number of symbolnodes:     105 (limit   513)
  number of graphnodes:      379 (limit  3001)
  number of conditionsets:     1 (limit   101)
  number of charactersets:     8 (limit   501)

================================================================================
Options:
  Generate a component registration unit
  Generate console app
  Generate version information
  Auto-increment build number
  Use Hash functions to lookup literals
  Append a semi-colon to semantic actions


